01-15 20:38:57.272   365   427 E installd: Dex2oat invocation for /apex/com.android.ipsec/javalib/android.net.ipsec.ike.jar failed: exec(dex2oat) (18432)
01-15 20:38:57.272   484   484 W Zygote  : Failed compiling classpath element for system server: /apex/com.android.ipsec/javalib/android.net.ipsec.ike.jar
01-15 20:38:57.272   484   484 W Zygote  : android.os.ServiceSpecificException: Dex2oat invocation for /apex/com.android.ipsec/javalib/android.net.ipsec.ike.jar failed: exec(dex2oat) (code 18432)
01-15 20:38:57.272   484   484 W Zygote  : 	at android.os.Parcel.createExceptionOrNull(Parcel.java:2387)
01-15 20:38:57.272   484   484 W Zygote  : 	at android.os.Parcel.createException(Parcel.java:2357)
01-15 20:38:57.272   484   484 W Zygote  : 	at android.os.Parcel.readException(Parcel.java:2340)
01-15 20:38:57.272   484   484 W Zygote  : 	at android.os.Parcel.readException(Parcel.java:2282)
01-15 20:38:57.272   484   484 W Zygote  : 	at android.os.IInstalld$Stub$Proxy.dexopt(IInstalld.java:1550)
01-15 20:38:57.272   484   484 W Zygote  : 	at com.android.internal.os.ZygoteInit.performSystemServerDexOpt(ZygoteInit.java:669)
01-15 20:38:57.272   484   484 W Zygote  : 	at com.android.internal.os.ZygoteInit.handleSystemServerProcess(ZygoteInit.java:511)
01-15 20:38:57.272   484   484 W Zygote  : 	at com.android.internal.os.ZygoteInit.forkSystemServer(ZygoteInit.java:799)
01-15 20:38:57.272   484   484 W Zygote  : 	at com.android.internal.os.ZygoteInit.main(ZygoteInit.java:920)
01-15 20:38:57.297   484   484 W system_server: Method Lcom/android/wifi/x/android/net/ip/IpClientCallbacks;.onIpClientCreated is abstract, but the declaring class is neither abstract nor an interface in dex file /apex/com.android.wifi/javalib/service-wifi.jar
01-15 20:38:57.297   484   484 W system_server: Method Lcom/android/wifi/x/android/net/ip/IpClientCallbacks;.onNewDhcpResults is abstract, but the declaring class is neither abstract nor an interface in dex file /apex/com.android.wifi/javalib/service-wifi.jar
01-15 20:38:57.297   484   484 W system_server: Method Lcom/android/wifi/x/android/net/ip/IpClientCallbacks;.onPostDhcpAction is abstract, but the declaring class is neither abstract nor an interface in dex file /apex/com.android.wifi/javalib/service-wifi.jar
01-15 20:38:57.297   484   484 W system_server: Method Lcom/android/wifi/x/android/net/ip/IpClientCallbacks;.onPreDhcpAction is abstract, but the declaring class is neither abstract nor an interface in dex file /apex/com.android.wifi/javalib/service-wifi.jar
01-15 20:38:57.297   484   484 W system_server: Method Lcom/android/wifi/x/android/net/ip/IpClientCallbacks;.onProvisioningFailure is abstract, but the declaring class is neither abstract nor an interface in dex file /apex/com.android.wifi/javalib/service-wifi.jar
01-15 20:38:57.297   484   484 W system_server: Method Lcom/android/wifi/x/android/net/ip/IpClientCallbacks;.onProvisioningSuccess is abstract, but the declaring class is neither abstract nor an interface in dex file /apex/com.android.wifi/javalib/service-wifi.jar
01-15 20:38:57.297   484   484 W system_server: Method Lcom/android/wifi/x/com/google/protobuf/FieldInfo;.getCachedSizeField is abstract, but the declaring class is neither abstract nor an interface in dex file /apex/com.android.wifi/javalib/service-wifi.jar
01-15 20:38:57.297   484   484 W system_server: Method Lcom/android/wifi/x/com/google/protobuf/FieldInfo;.getEnumVerifier is abstract, but the declaring class is neither abstract nor an interface in dex file /apex/com.android.wifi/javalib/service-wifi.jar
01-15 20:38:57.297   484   484 W system_server: Method Lcom/android/wifi/x/com/google/protobuf/FieldInfo;.getField is abstract, but the declaring class is neither abstract nor an interface in dex file /apex/com.android.wifi/javalib/service-wifi.jar
01-15 20:38:57.297   484   484 W system_server: Method Lcom/android/wifi/x/com/google/protobuf/FieldInfo;.getFieldNumber is abstract, but the declaring class is neither abstract nor an interface in dex file /apex/com.android.wifi/javalib/service-wifi.jar
01-15 20:38:57.297   484   484 W system_server: Method Lcom/android/wifi/x/com/google/protobuf/FieldInfo;.getMapDefaultEntry is abstract, but the declaring class is neither abstract nor an interface in dex file /apex/com.android.wifi/javalib/service-wifi.jar
01-15 20:38:57.297   484   484 W system_server: Method Lcom/android/wifi/x/com/google/protobuf/FieldInfo;.getMessageFieldClass is abstract, but the declaring class is neither abstract nor an interface in dex file /apex/com.android.wifi/javalib/service-wifi.jar
01-15 20:38:57.297   484   484 W system_server: Method Lcom/android/wifi/x/com/google/protobuf/FieldInfo;.getOneof is abstract, but the declaring class is neither abstract nor an interface in dex file /apex/com.android.wifi/javalib/service-wifi.jar
01-15 20:38:57.297   484   484 W system_server: Method Lcom/android/wifi/x/com/google/protobuf/FieldInfo;.getPresenceField is abstract, but the declaring class is neither abstract nor an interface in dex file /apex/com.android.wifi/javalib/service-wifi.jar
01-15 20:38:57.297   484   484 W system_server: Method Lcom/android/wifi/x/com/google/protobuf/FieldInfo;.getPresenceMask is abstract, but the declaring class is neither abstract nor an interface in dex file /apex/com.android.wifi/javalib/service-wifi.jar
01-15 20:38:57.297   484   484 W system_server: Method Lcom/android/wifi/x/com/google/protobuf/FieldInfo;.getType is abstract, but the declaring class is neither abstract nor an interface in dex file /apex/com.android.wifi/javalib/service-wifi.jar
01-15 20:38:57.297   484   484 W system_server: Method Lcom/android/wifi/x/com/google/protobuf/FieldInfo;.isEnforceUtf8 is abstract, but the declaring class is neither abstract nor an interface in dex file /apex/com.android.wifi/javalib/service-wifi.jar
01-15 20:38:57.297   484   484 W system_server: Method Lcom/android/wifi/x/com/google/protobuf/FieldInfo;.isRequired is abstract, but the declaring class is neither abstract nor an interface in dex file /apex/com.android.wifi/javalib/service-wifi.jar
01-15 20:38:57.297   484   484 W system_server: Method Lcom/android/wifi/x/com/google/protobuf/OneofInfo;.getCaseField is abstract, but the declaring class is neither abstract nor an interface in dex file /apex/com.android.wifi/javalib/service-wifi.jar
01-15 20:38:57.297   484   484 W system_server: Method Lcom/android/wifi/x/com/google/protobuf/OneofInfo;.getValueField is abstract, but the declaring class is neither abstract nor an interface in dex file /apex/com.android.wifi/javalib/service-wifi.jar
01-15 20:38:57.297   484   484 W system_server: Method Lcom/android/wifi/x/com/google/protobuf/nano/FieldArray;.dataAt is abstract, but the declaring class is neither abstract nor an interface in dex file /apex/com.android.wifi/javalib/service-wifi.jar
01-15 20:38:57.297   484   484 W system_server: Method Lcom/android/wifi/x/com/google/protobuf/nano/FieldArray;.size is abstract, but the declaring class is neither abstract nor an interface in dex file /apex/com.android.wifi/javalib/service-wifi.jar
01-15 20:38:57.297   484   484 W system_server: Method Lcom/android/wifi/x/com/google/protobuf/nano/FieldData;.computeSerializedSize is abstract, but the declaring class is neither abstract nor an interface in dex file /apex/com.android.wifi/javalib/service-wifi.jar
01-15 20:38:57.297   484   484 W system_server: Method Lcom/android/wifi/x/com/google/protobuf/nano/FieldData;.writeTo is abstract, but the declaring class is neither abstract nor an interface in dex file /apex/com.android.wifi/javalib/service-wifi.jar
01-15 20:38:57.297   484   484 W system_server: Method Lcom/android/wifi/x/org/ksoap2/SoapEnvelope;.parseBody is abstract, but the declaring class is neither abstract nor an interface in dex file /apex/com.android.wifi/javalib/service-wifi.jar
01-15 20:38:57.297   484   484 W system_server: Method Lcom/android/wifi/x/org/ksoap2/SoapEnvelope;.writeBody is abstract, but the declaring class is neither abstract nor an interface in dex file /apex/com.android.wifi/javalib/service-wifi.jar
01-15 20:38:57.297   484   484 W system_server: Method Lcom/android/wifi/x/org/ksoap2/transport/HttpTransportSE;.getServiceConnection is abstract, but the declaring class is neither abstract nor an interface in dex file /apex/com.android.wifi/javalib/service-wifi.jar
01-15 20:38:57.298   372   372 I ServiceManager: Waiting for service 'package_native' on '/dev/binder'...
01-15 20:38:57.299   370   410 I ServiceManager: Waiting for service 'package_native' on '/dev/binder'...
01-15 20:38:57.334   484   484 I SystemServerTiming: InitBeforeStartServices
01-15 20:38:57.334   484   484 I SystemServer: Entered the Android system server!
01-15 20:38:57.367   267   267 I ServiceManager: Waiting for service 'statscompanion' on '/dev/binder'...
01-15 20:38:57.370   367   367 I ServiceManager: Waiting for service 'package_native' on '/dev/binder'...
01-15 20:38:57.398   372   372 I ServiceManager: Waiting for service 'package_native' on '/dev/binder'...
01-15 20:38:57.399   370   410 I ServiceManager: Waiting for service 'package_native' on '/dev/binder'...
01-15 20:38:57.403   484   484 E UsbAlsaJackDetectorJNI: Can't register UsbAlsaJackDetector native methods
01-15 20:38:57.419   484   484 I SystemServerInitThreadPool: Creating instance with 2 threads
01-15 20:38:57.420   484   484 D SystemServerTiming: InitBeforeStartServices took to complete: 86ms
01-15 20:38:57.421   484   484 I SystemServerTiming: StartServices
01-15 20:38:57.421   484   484 I SystemServerTiming: startBootstrapServices
01-15 20:38:57.421   484   484 I SystemServerTiming: StartWatchdog
01-15 20:38:57.428   484   484 D SystemServerTiming: StartWatchdog took to complete: 6ms
01-15 20:38:57.428   484   484 I SystemServer: Reading configuration...
01-15 20:38:57.428   484   484 I SystemServerTiming: ReadingSystemConfig
01-15 20:38:57.428   484   484 D SystemServerTiming: ReadingSystemConfig took to complete: 0ms
01-15 20:38:57.428   484   484 I SystemServerTiming: PlatformCompat
01-15 20:38:57.428   484   512 I SystemServerTimingAsync: InitThreadPoolExec:ReadingSystemConfig
01-15 20:38:57.428   484   512 D SystemServerInitThreadPool: Started executing ReadingSystemConfig
01-15 20:38:57.429   484   512 I SystemConfig: Reading permissions from /system/etc/sysconfig/hiddenapi-package-whitelist.xml
01-15 20:38:57.429   484   484 D CompatConfig: Found a config file: /system/etc/compatconfig/framework-platform-compat-config.xml
01-15 20:38:57.429   484   512 I SystemConfig: Reading permissions from /system/etc/sysconfig/preinstalled-packages-platform.xml
01-15 20:38:57.429   484   512 I SystemConfig: Reading permissions from /system/etc/sysconfig/framework-sysconfig.xml
01-15 20:38:57.430   484   512 I SystemConfig: Reading permissions from /system/etc/permissions/com.android.future.usb.accessory.xml
01-15 20:38:57.430   484   484 D CompatConfig: Adding: com.android.server.compat.config.Change@92f3172
01-15 20:38:57.430   484   512 I SystemConfig: Reading permissions from /system/etc/permissions/org.apache.http.legacy.xml
01-15 20:38:57.431   484   512 I SystemConfig: Reading permissions from /system/etc/permissions/android.software.live_wallpaper.xml
01-15 20:38:57.431   484   512 I SystemConfig: Reading permissions from /system/etc/permissions/com.android.media.remotedisplay.xml
01-15 20:38:57.431   484   512 I SystemConfig: Reading permissions from /system/etc/permissions/android.test.runner.xml
01-15 20:38:57.431   484   512 I SystemConfig: Reading permissions from /system/etc/permissions/com.android.timezone.updater.xml
01-15 20:38:57.432   484   512 I SystemConfig: Reading permissions from /system/etc/permissions/privapp-permissions-google.xml
01-15 20:38:57.432   484   484 D CompatConfig: Adding: com.android.server.compat.config.Change@c3b5035
01-15 20:38:57.432   484   484 D CompatConfig: Adding: com.android.server.compat.config.Change@5af7cca
01-15 20:38:57.432   484   484 D CompatConfig: Adding: com.android.server.compat.config.Change@1f9de3b
01-15 20:38:57.432   484   512 I SystemConfig: Reading permissions from /system/etc/permissions/javax.obex.xml
01-15 20:38:57.432   484   484 D CompatConfig: Adding: com.android.server.compat.config.Change@a5dbab1
01-15 20:38:57.432   484   512 I SystemConfig: Reading permissions from /system/etc/permissions/android.test.base.xml
01-15 20:38:57.432   484   484 D CompatConfig: Adding: com.android.server.compat.config.Change@c9e2317
01-15 20:38:57.432   484   512 I SystemConfig: Reading permissions from /system/etc/permissions/com.android.nfc_extras.xml
01-15 20:38:57.432   484   484 D CompatConfig: Adding: com.android.server.compat.config.Change@46250ed
01-15 20:38:57.433   484   484 D CompatConfig: Adding: com.android.server.compat.config.Change@6d2db22
01-15 20:38:57.433   484   512 I SystemConfig: Reading permissions from /system/etc/permissions/android.software.webview.xml
01-15 20:38:57.433   484   484 D CompatConfig: Adding: com.android.server.compat.config.Change@7ae6b70
01-15 20:38:57.433   484   484 D CompatConfig: Adding: com.android.server.compat.config.Change@3e7876e
01-15 20:38:57.433   484   512 I SystemConfig: Reading permissions from /system/etc/permissions/android.test.mock.xml
01-15 20:38:57.433   484   484 D CompatConfig: Adding: com.android.server.compat.config.Change@1ec5e0f
01-15 20:38:57.433   484   484 D CompatConfig: Adding: com.android.server.compat.config.Change@4e6ce9c
01-15 20:38:57.433   484   512 I SystemConfig: Reading permissions from /system/etc/permissions/com.android.location.provider.xml
01-15 20:38:57.433   484   484 D CompatConfig: Adding: com.android.server.compat.config.Change@588ac7a
01-15 20:38:57.433   484   484 D CompatConfig: Adding: com.android.server.compat.config.Change@1acc2b
01-15 20:38:57.433   484   512 I SystemConfig: Reading permissions from /system/etc/permissions/com.android.mediadrm.signer.xml
01-15 20:38:57.433   484   484 D CompatConfig: Adding: com.android.server.compat.config.Change@6e1b221
01-15 20:38:57.433   484   484 D CompatConfig: Adding: com.android.server.compat.config.Change@8e51646
01-15 20:38:57.433   484   512 I SystemConfig: Reading permissions from /system/etc/permissions/privapp-permissions-platform.xml
01-15 20:38:57.433   484   484 D CompatConfig: Adding: com.android.server.compat.config.Change@d845534
01-15 20:38:57.433   484   484 D CompatConfig: Adding: com.android.server.compat.config.Change@d864f5d
01-15 20:38:57.433   484   484 D CompatConfig: Adding: com.android.server.compat.config.Change@d4c50d2
01-15 20:38:57.433   484   484 D CompatConfig: Adding: com.android.server.compat.config.Change@e8a95a3
01-15 20:38:57.433   484   484 D CompatConfig: Adding: com.android.server.compat.config.Change@9ab90a0
01-15 20:38:57.433   484   484 D CompatConfig: Adding: com.android.server.compat.config.Change@fdd8459
01-15 20:38:57.433   484   484 D CompatConfig: Adding: com.android.server.compat.config.Change@57aa81e
01-15 20:38:57.434   484   484 D CompatConfig: Found a config file: /system/etc/compatconfig/services-platform-compat-config.xml
01-15 20:38:57.434   484   484 D CompatConfig: Adding: com.android.server.compat.config.Change@b4916cc
01-15 20:38:57.434   484   484 D CompatConfig: Adding: com.android.server.compat.config.Change@d90d15
01-15 20:38:57.434   484   484 D CompatConfig: Adding: com.android.server.compat.config.Change@1a5282a
01-15 20:38:57.434   484   484 D CompatConfig: Adding: com.android.server.compat.config.Change@b161b
01-15 20:38:57.434   484   484 D CompatConfig: Adding: com.android.server.compat.config.Change@956d3b8
01-15 20:38:57.434   484   484 D CompatConfig: Adding: com.android.server.compat.config.Change@6ca6591
01-15 20:38:57.434   484   512 I SystemConfig: Reading permissions from /system/etc/permissions/platform.xml
01-15 20:38:57.434   484   484 D CompatConfig: Adding: com.android.server.compat.config.Change@5baf8f7
01-15 20:38:57.434   484   484 D CompatConfig: Adding: com.android.server.compat.config.Change@e817364
01-15 20:38:57.434   484   484 D CompatConfig: Adding: com.android.server.compat.config.Change@19ec9cd
01-15 20:38:57.434   484   484 D CompatConfig: Adding: com.android.server.compat.config.Change@3a69282
01-15 20:38:57.434   484   484 D CompatConfig: Adding: com.android.server.compat.config.Change@11c2d93
01-15 20:38:57.434   484   484 D CompatConfig: Adding: com.android.server.compat.config.Change@19461d0
01-15 20:38:57.434   484   484 D CompatConfig: Adding: com.android.server.compat.config.Change@8db35c9
01-15 20:38:57.434   484   484 D CompatConfig: Found a config file: /system/etc/compatconfig/libcore-platform-compat-config.xml
01-15 20:38:57.435   484   484 D CompatConfig: Adding: com.android.server.compat.config.Change@f520fef
01-15 20:38:57.435   484   484 D CompatConfig: Adding: com.android.server.compat.config.Change@8a5cafc
01-15 20:38:57.435   484   484 D CompatConfig: Adding: com.android.server.compat.config.Change@d586585
01-15 20:38:57.435   484   484 D CompatConfig: Adding: com.android.server.compat.config.Change@76fefda
01-15 20:38:57.435   484   484 D CompatConfig: Found a config file: /system/etc/compatconfig/documents-ui-compat-config.xml
01-15 20:38:57.435   484   512 I SystemConfig: Reading permissions from /vendor/etc/permissions/android.software.vulkan.deqp.level.xml
01-15 20:38:57.435   484   484 D CompatConfig: Adding: com.android.server.compat.config.Change@abed501
01-15 20:38:57.435   484   512 I SystemConfig: Reading permissions from /vendor/etc/permissions/android.hardware.camera.concurrent.xml
01-15 20:38:57.436   484   484 D CompatConfig: Found a config file: /system/system_ext/etc/compatconfig/settings-platform-compat-config.xml
01-15 20:38:57.436   484   512 I SystemConfig: Reading permissions from /vendor/etc/permissions/android.hardware.camera.full.xml
01-15 20:38:57.436   484   484 D CompatConfig: Adding: com.android.server.compat.config.Change@4c2c03d
01-15 20:38:57.436   484   512 I SystemConfig: Reading permissions from /vendor/etc/permissions/android.hardware.vulkan.level.xml
01-15 20:38:57.436   484   512 I SystemConfig: Reading permissions from /vendor/etc/permissions/android.hardware.wifi.passpoint.xml
01-15 20:38:57.436   484   512 I SystemConfig: Reading permissions from /vendor/etc/permissions/android.hardware.camera.front.xml
01-15 20:38:57.436   484   512 I SystemConfig: Reading permissions from /vendor/etc/permissions/android.hardware.bluetooth.xml
01-15 20:38:57.437   484   512 I SystemConfig: Reading permissions from /vendor/etc/permissions/android.hardware.bluetooth_le.xml
01-15 20:38:57.437   484   512 I SystemConfig: Reading permissions from /vendor/etc/permissions/android.hardware.camera.ar.xml
01-15 20:38:57.437   484   512 I SystemConfig: Reading permissions from /vendor/etc/permissions/android.software.autofill.xml
01-15 20:38:57.437   484   512 I SystemConfig: Reading permissions from /vendor/etc/permissions/android.hardware.vulkan.compute.xml
01-15 20:38:57.437   484   512 I SystemConfig: Reading permissions from /vendor/etc/permissions/android.hardware.vulkan.version.xml
01-15 20:38:57.437   484   512 I SystemConfig: Reading permissions from /vendor/etc/permissions/android.hardware.wifi.direct.xml
01-15 20:38:57.438   484   512 I SystemConfig: Reading permissions from /vendor/etc/permissions/android.hardware.touchscreen.multitouch.jazzhand.xml
01-15 20:38:57.438   484   512 I SystemConfig: Reading permissions from /vendor/etc/permissions/android.hardware.camera.flash-autofocus.xml
01-15 20:38:57.438   484   512 I SystemConfig: Reading permissions from /vendor/etc/permissions/android.hardware.fingerprint.xml
01-15 20:38:57.438   484   512 I SystemConfig: Reading permissions from /vendor/etc/permissions/android.hardware.wifi.xml
01-15 20:38:57.438   484   512 I SystemConfig: Reading permissions from /vendor/etc/permissions/android.hardware.camera.raw.xml
01-15 20:38:57.439   484   512 I SystemConfig: Reading permissions from /vendor/etc/permissions/handheld_core_hardware.xml
01-15 20:38:57.439   484   512 I SystemConfig: Reading permissions from /product/etc/sysconfig/google.xml
01-15 20:38:57.440   484   512 I SystemConfig: Adding association: com.google.android.as <- com.android.bluetooth
01-15 20:38:57.440   484   512 I SystemConfig: Adding association: com.google.android.as <- com.android.providers.contacts
01-15 20:38:57.440   484   512 I SystemConfig: Adding association: com.google.android.as <- com.android.providers.media
01-15 20:38:57.440   484   512 I SystemConfig: Adding association: com.google.android.as <- com.android.providers.telephony
01-15 20:38:57.440   484   512 I SystemConfig: Adding association: com.google.android.as <- com.android.systemui
01-15 20:38:57.440   484   512 I SystemConfig: Adding association: com.google.android.as <- com.google.android.providers.media.module
01-15 20:38:57.440   484   484 I ApexManagerTiming: getActiveApexInfos_noCache
01-15 20:38:57.440   484   512 I SystemConfig: Reading permissions from /product/etc/sysconfig/preinstalled-packages-platform-aosp-product.xml
01-15 20:38:57.440   484   512 I SystemConfig: Reading permissions from /product/etc/sysconfig/wellbeing.xml
01-15 20:38:57.441   484   484 D ApexManagerTiming: getActiveApexInfos_noCache took to complete: 1ms
01-15 20:38:57.441   484   512 I SystemConfig: Reading permissions from /product/etc/sysconfig/google-hiddenapi-package-whitelist.xml
01-15 20:38:57.441   484   484 D CompatConfig: No directory /apex/com.android.cellbroadcast/etc/compatconfig, skipping
01-15 20:38:57.441   484   484 D CompatConfig: No directory /apex/com.android.resolv/etc/compatconfig, skipping
01-15 20:38:57.441   484   484 D CompatConfig: No directory /apex/com.android.runtime/etc/compatconfig, skipping
01-15 20:38:57.441   484   484 D CompatConfig: No directory /apex/com.android.telephony/etc/compatconfig, skipping
01-15 20:38:57.441   484   484 D CompatConfig: Found a config file: /apex/com.android.mediaprovider/etc/compatconfig/media-provider-platform-compat-config.xml
01-15 20:38:57.441   484   512 I SystemConfig: Reading permissions from /product/etc/sysconfig/google_build.xml
01-15 20:38:57.441   484   512 I SystemConfig: Reading permissions from /product/etc/sysconfig/preinstalled-packages-platform-overlays.xml
01-15 20:38:57.441   484   484 D CompatConfig: No directory /apex/com.android.tethering/etc/compatconfig, skipping
01-15 20:38:57.441   484   484 D CompatConfig: No directory /apex/com.android.wifi/etc/compatconfig, skipping
01-15 20:38:57.441   484   484 D CompatConfig: No directory /apex/com.android.neuralnetworks/etc/compatconfig, skipping
01-15 20:38:57.441   484   484 D CompatConfig: No directory /apex/com.android.tzdata/etc/compatconfig, skipping
01-15 20:38:57.441   484   512 I SystemConfig: Reading permissions from /product/etc/sysconfig/preinstalled-packages-platform-handheld-product.xml
01-15 20:38:57.441   484   484 D CompatConfig: No directory /apex/com.android.apex.cts.shim/etc/compatconfig, skipping
01-15 20:38:57.441   484   484 D CompatConfig: No directory /apex/com.android.art/etc/compatconfig, skipping
01-15 20:38:57.441   484   484 D CompatConfig: No directory /apex/com.android.adbd/etc/compatconfig, skipping
01-15 20:38:57.441   484   484 D CompatConfig: No directory /apex/com.android.media/etc/compatconfig, skipping
01-15 20:38:57.441   484   484 D CompatConfig: No directory /apex/com.android.i18n/etc/compatconfig, skipping
01-15 20:38:57.442   484   484 D CompatConfig: No directory /apex/com.android.extservices/etc/compatconfig, skipping
01-15 20:38:57.442   484   484 D CompatConfig: No directory /apex/com.android.ipsec/etc/compatconfig, skipping
01-15 20:38:57.442   484   484 D CompatConfig: No directory /apex/com.android.sdkext/etc/compatconfig, skipping
01-15 20:38:57.442   484   484 D CompatConfig: No directory /apex/com.android.conscrypt/etc/compatconfig, skipping
01-15 20:38:57.442   484   484 D CompatConfig: No directory /apex/com.android.os.statsd/etc/compatconfig, skipping
01-15 20:38:57.442   484   512 I SystemConfig: Reading permissions from /product/etc/sysconfig/disable-zero-touch.xml
01-15 20:38:57.442   484   484 D CompatConfig: No directory /apex/com.android.media.swcodec/etc/compatconfig, skipping
01-15 20:38:57.442   484   484 D CompatConfig: No directory /apex/com.android.vndk.v30/etc/compatconfig, skipping
01-15 20:38:57.442   484   484 D CompatConfig: No directory /apex/com.android.permission/etc/compatconfig, skipping
01-15 20:38:57.442   484   484 D SystemServerTiming: PlatformCompat took to complete: 14ms
01-15 20:38:57.442   484   484 I SystemServerTiming: StartFileIntegrityService
01-15 20:38:57.442   484   512 I SystemConfig: Reading permissions from /product/etc/permissions/privapp-permissions-google-p.xml
01-15 20:38:57.442   484   484 I SystemServiceManager: Starting com.android.server.security.FileIntegrityService
01-15 20:38:57.443   484   512 I SystemConfig: Reading permissions from /product/etc/permissions/com.android.contacts.xml
01-15 20:38:57.443   484   512 I SystemConfig: Reading permissions from /product/etc/permissions/android.hardware.telephony.euicc.xml
01-15 20:38:57.445   484   512 I SystemConfig: Reading permissions from /product/etc/permissions/privapp-permissions-goldfish.xml
01-15 20:38:57.445   484   484 D SystemServerTiming: StartFileIntegrityService took to complete: 4ms
01-15 20:38:57.445   484   484 I SystemServerTiming: StartInstaller
01-15 20:38:57.445   484   484 I SystemServiceManager: Starting com.android.server.pm.Installer
01-15 20:38:57.446   365   427 D installd: Found quota mount /dev/block/dm-4 at /data
01-15 20:38:57.446   365   427 D installd: Found quota mount /dev/block/dm-4 at /data/user/0
01-15 20:38:57.446   484   484 D SystemServerTiming: StartInstaller took to complete: 0ms
01-15 20:38:57.446   484   484 I SystemServerTiming: DeviceIdentifiersPolicyService
01-15 20:38:57.446   484   484 I SystemServiceManager: Starting com.android.server.os.DeviceIdentifiersPolicyService
01-15 20:38:57.446   484   512 I SystemConfig: Reading permissions from /product/etc/permissions/privapp-permissions-sdk-google.xml
01-15 20:38:57.446   484   484 D SystemServerTiming: DeviceIdentifiersPolicyService took to complete: 1ms
01-15 20:38:57.446   484   484 I SystemServerTiming: UriGrantsManagerService
01-15 20:38:57.447   484   484 I SystemServiceManager: Starting com.android.server.uri.UriGrantsManagerService$Lifecycle
01-15 20:38:57.447   484   512 I SystemConfig: Reading permissions from /product/etc/permissions/com.android.dialer.xml
01-15 20:38:57.447   484   512 I SystemConfig: Reading permissions from /product/etc/permissions/split-permissions-google.xml
01-15 20:38:57.447   484   512 I SystemConfig: Reading permissions from /product/etc/permissions/android.software.verified_boot.xml
01-15 20:38:57.447   484   512 I SystemConfig: Reading permissions from /product/etc/permissions/com.google.android.dialer.support.xml
01-15 20:38:57.448   484   512 I SystemConfig: Reading permissions from /product/etc/permissions/com.android.settings.intelligence.xml
01-15 20:38:57.448   484   512 W SystemConfig: No directory /system_ext/etc/sysconfig, skipping
01-15 20:38:57.448   484   512 I SystemConfig: Reading permissions from /system_ext/etc/permissions/com.android.launcher3.xml
01-15 20:38:57.448   484   484 D SystemServerTiming: UriGrantsManagerService took to complete: 1ms
01-15 20:38:57.448   484   484 I SystemServerTiming: StartActivityManager
01-15 20:38:57.448   484   484 I SystemServiceManager: Starting com.android.server.wm.ActivityTaskManagerService$Lifecycle
01-15 20:38:57.448   484   512 I SystemConfig: Reading permissions from /system_ext/etc/permissions/androidx.window.sidecar.xml
01-15 20:38:57.448   484   512 I SystemConfig: Reading permissions from /system_ext/etc/permissions/com.google.android.sdksetup.xml
01-15 20:38:57.449   484   512 I SystemConfig: Reading permissions from /system_ext/etc/permissions/com.android.carrierconfig.xml
01-15 20:38:57.449   484   512 I SystemConfig: Reading permissions from /system_ext/etc/permissions/privapp-permissions-google-se.xml
01-15 20:38:57.450   484   512 I SystemConfig: Reading permissions from /system_ext/etc/permissions/com.android.systemui.xml
01-15 20:38:57.450   484   512 I SystemConfig: Reading permissions from /system_ext/etc/permissions/com.android.storagemanager.xml
01-15 20:38:57.450   484   512 I SystemConfig: Reading permissions from /system_ext/etc/permissions/com.android.settings.xml
01-15 20:38:57.450   484   512 I SystemConfig: Reading permissions from /system_ext/etc/permissions/com.android.emulator.radio.config.xml
01-15 20:38:57.451   484   512 I SystemConfig: Reading permissions from /apex/com.android.ipsec/etc/permissions/android.net.ipsec.ike.xml
01-15 20:38:57.451   484   512 D SystemConfig: readAllPermissions took to complete: 23ms
01-15 20:38:57.451   484   512 D SystemServerInitThreadPool: Finished executing ReadingSystemConfig
01-15 20:38:57.451   484   512 D SystemServerTimingAsync: InitThreadPoolExec:ReadingSystemConfig took to complete: 24ms
01-15 20:38:57.456   484   484 I SystemServiceManager: Starting com.android.server.am.ActivityManagerService$Lifecycle
01-15 20:38:57.462   484   484 I ActivityManager: Memory class: 192
01-15 20:38:57.467   267   267 I ServiceManager: Waiting for service 'statscompanion' on '/dev/binder'...
01-15 20:38:57.470   367   367 I ServiceManager: Waiting for service 'package_native' on '/dev/binder'...
01-15 20:38:57.480   484   484 D BatteryStatsImpl: Reading daily items from /data/system/batterystats-daily.xml
01-15 20:38:57.486   484   520 I BatteryStatsService: Using power.stats HAL
01-15 20:38:57.486   484   520 W BatteryStatsService: Rail information is not available
01-15 20:38:57.486   484   520 W BatteryStatsService: Rail energy data is not available
01-15 20:38:57.487   484   520 E BluetoothAdapter: Bluetooth binder is null
01-15 20:38:57.489   484   520 I KernelCpuUidFreqTimeReader: mPerClusterTimesAvailable=false
01-15 20:38:57.494   484   520 E KernelCpuSpeedReader: Failed to read cpu-freq: /sys/devices/system/cpu/cpu1/cpufreq/stats/time_in_state: open failed: ENOENT (No such file or directory)
01-15 20:38:57.494   484   520 E KernelCpuSpeedReader: Failed to read cpu-freq: /sys/devices/system/cpu/cpu0/cpufreq/stats/time_in_state: open failed: ENOENT (No such file or directory)
01-15 20:38:57.495   190   195 E android.system.suspend@1.0-service: Error opening kernel wakelock stats for: wakeup4: Permission denied
01-15 20:38:57.495   190   195 E android.system.suspend@1.0-service: Error opening kernel wakelock stats for: wakeup2: Permission denied
01-15 20:38:57.495   190   195 E android.system.suspend@1.0-service: Error opening kernel wakelock stats for: wakeup0: Permission denied
01-15 20:38:57.496   190   195 E android.system.suspend@1.0-service: Error opening kernel wakelock stats for: wakeup5: Permission denied
01-15 20:38:57.496   190   195 E android.system.suspend@1.0-service: Error opening kernel wakelock stats for: wakeup3: Permission denied
01-15 20:38:57.496   190   195 E android.system.suspend@1.0-service: Error opening kernel wakelock stats for: wakeup1: Permission denied
01-15 20:38:57.488   190   190 W Binder:190_2: type=1400 audit(0.0:6): avc: denied { read } for name="wakeup4" dev="sysfs" ino=16181 scontext=u:r:system_suspend:s0 tcontext=u:object_r:sysfs:s0 tclass=dir permissive=0
01-15 20:38:57.488   190   190 W Binder:190_2: type=1400 audit(0.0:7): avc: denied { read } for name="wakeup2" dev="sysfs" ino=15626 scontext=u:r:system_suspend:s0 tcontext=u:object_r:sysfs:s0 tclass=dir permissive=0
01-15 20:38:57.488   190   190 W Binder:190_2: type=1400 audit(0.0:8): avc: denied { read } for name="wakeup0" dev="sysfs" ino=13218 scontext=u:r:system_suspend:s0 tcontext=u:object_r:sysfs:s0 tclass=dir permissive=0
01-15 20:38:57.496   190   190 W Binder:190_2: type=1400 audit(0.0:9): avc: denied { read } for name="wakeup5" dev="sysfs" ino=16244 scontext=u:r:system_suspend:s0 tcontext=u:object_r:sysfs:s0 tclass=dir permissive=0
01-15 20:38:57.496   190   190 W Binder:190_2: type=1400 audit(0.0:10): avc: denied { read } for name="wakeup3" dev="sysfs" ino=15676 scontext=u:r:system_suspend:s0 tcontext=u:object_r:sysfs:s0 tclass=dir permissive=0
01-15 20:38:57.496   190   190 W Binder:190_2: type=1400 audit(0.0:11): avc: denied { read } for name="wakeup1" dev="sysfs" ino=13256 scontext=u:r:system_suspend:s0 tcontext=u:object_r:sysfs:s0 tclass=dir permissive=0
01-15 20:38:57.497   484   520 W KernelMemoryBandwidthStats: No kernel memory bandwidth stats available
01-15 20:38:57.498   372   372 I ServiceManager: Waiting for service 'package_native' on '/dev/binder'...
01-15 20:38:57.499   370   410 I ServiceManager: Waiting for service 'package_native' on '/dev/binder'...
01-15 20:38:57.501   159   159 I hwservicemanager: getTransport: Cannot find entry android.hardware.memtrack@1.0::IMemtrack/default in either framework or device manifest.
01-15 20:38:57.502   484   484 E memtrack: Couldn't load memtrack module
01-15 20:38:57.552   484   484 I IntentFirewall: Read new rules (A:0 B:0 S:0)
01-15 20:38:57.556   352   385 I adbd    : adbd mDNS service _adb._tcp registered: 1
01-15 20:38:57.568   267   267 I ServiceManager: Waiting for service 'statscompanion' on '/dev/binder'...
01-15 20:38:57.571   367   367 I ServiceManager: Waiting for service 'package_native' on '/dev/binder'...
01-15 20:38:57.578   484   484 D AppOps  : AppOpsService published
01-15 20:38:57.579   484   484 D SystemServerTiming: StartActivityManager took to complete: 131ms
01-15 20:38:57.579   484   484 I SystemServerTiming: StartDataLoaderManagerService
01-15 20:38:57.579   484   484 I SystemServiceManager: Starting com.android.server.pm.DataLoaderManagerService
01-15 20:38:57.579   484   484 D SystemServerTiming: StartDataLoaderManagerService took to complete: 0ms
01-15 20:38:57.579   484   484 I SystemServerTiming: StartIncrementalService
01-15 20:38:57.580   484   484 I incfs-mounts: [incfs] Loaded incremental-fs mount info: 0 instances, 0 mount points
01-15 20:38:57.580   484   484 D SystemServerTiming: StartIncrementalService took to complete: 1ms
01-15 20:38:57.580   484   484 I SystemServerTiming: StartPowerManager
01-15 20:38:57.580   484   484 I SystemServiceManager: Starting com.android.server.power.PowerManagerService
01-15 20:38:57.584   158   158 I servicemanager: Found android.hardware.power.IPower/default in device VINTF manifest.
01-15 20:38:57.584   159   159 I hw-BpHwBinder: onLastStrongRef automatically unlinking death recipients
01-15 20:38:57.585   303   303 I android.hardware.power-service.example: Power isModeSupported: 7
01-15 20:38:57.585   303   303 I android.hardware.power-service.example: Power isModeSupported: 0
01-15 20:38:57.585   484   484 D SystemServerTiming: StartPowerManager took to complete: 5ms
01-15 20:38:57.585   484   484 I SystemServerTiming: StartThermalManager
01-15 20:38:57.585   484   484 I SystemServiceManager: Starting com.android.server.power.ThermalManagerService
01-15 20:38:57.586   484   484 D SystemServerTiming: StartThermalManager took to complete: 0ms
01-15 20:38:57.586   484   484 I SystemServerTiming: InitPowerManagement
01-15 20:38:57.586   484   484 D SystemServerTiming: InitPowerManagement took to complete: 0ms
01-15 20:38:57.586   484   484 I SystemServerTiming: StartRecoverySystemService
01-15 20:38:57.586   484   484 I SystemServiceManager: Starting com.android.server.recoverysystem.RecoverySystemService$Lifecycle
01-15 20:38:57.587   484   484 D SystemServerTiming: StartRecoverySystemService took to complete: 1ms
01-15 20:38:57.589   484   484 I PackageWatchdog: Syncing state, reason: added new observer
01-15 20:38:57.589   484   484 I PackageWatchdog: Not pruning observers, elapsed time: 0ms
01-15 20:38:57.589   484   484 I PackageWatchdog: Cancelling state sync, nothing to sync
01-15 20:38:57.589   484   513 I PackageWatchdog: Saving observer state to file
01-15 20:38:57.589   484   484 I SystemServerTiming: StartLightsService
01-15 20:38:57.589   484   484 I SystemServiceManager: Starting com.android.server.lights.LightsService
01-15 20:38:57.591   158   158 I servicemanager: Found android.hardware.light.ILights/default in device VINTF manifest.
01-15 20:38:57.592   302   302 I android.hardware.lights-service.example: Lights reporting supported lights
01-15 20:38:57.593   484   484 D SystemServerTiming: StartLightsService took to complete: 4ms
01-15 20:38:57.593   484   484 I SystemServerTiming: StartSidekickService
01-15 20:38:57.593   484   484 D SystemServerTiming: StartSidekickService took to complete: 0ms
01-15 20:38:57.593   484   484 I SystemServerTiming: StartDisplayManager
01-15 20:38:57.593   484   484 I SystemServiceManager: Starting com.android.server.display.DisplayManagerService
01-15 20:38:57.596   484   484 D SystemServerTiming: StartDisplayManager took to complete: 3ms
01-15 20:38:57.596   484   484 I SystemServerTiming: WaitForDisplay
01-15 20:38:57.596   484   484 I SystemServiceManager: Starting phase 100
01-15 20:38:57.596   484   484 I SystemServerTiming: OnBootPhase_100
01-15 20:38:57.596   484   484 I SystemServerTiming: OnBootPhase_100_com.android.server.security.FileIntegrityService
01-15 20:38:57.596   484   484 D SystemServerTiming: OnBootPhase_100_com.android.server.security.FileIntegrityService took to complete: 0ms
01-15 20:38:57.596   484   484 I SystemServerTiming: OnBootPhase_100_com.android.server.pm.Installer
01-15 20:38:57.596   484   484 D SystemServerTiming: OnBootPhase_100_com.android.server.pm.Installer took to complete: 0ms
01-15 20:38:57.596   484   484 I SystemServerTiming: OnBootPhase_100_com.android.server.os.DeviceIdentifiersPolicyService
01-15 20:38:57.596   484   484 D SystemServerTiming: OnBootPhase_100_com.android.server.os.DeviceIdentifiersPolicyService took to complete: 0ms
01-15 20:38:57.596   484   484 I SystemServerTiming: OnBootPhase_100_com.android.server.uri.UriGrantsManagerService$Lifecycle
01-15 20:38:57.596   484   484 D SystemServerTiming: OnBootPhase_100_com.android.server.uri.UriGrantsManagerService$Lifecycle took to complete: 0ms
01-15 20:38:57.597   484   484 I SystemServerTiming: OnBootPhase_100_com.android.server.wm.ActivityTaskManagerService$Lifecycle
01-15 20:38:57.597   484   484 D SystemServerTiming: OnBootPhase_100_com.android.server.wm.ActivityTaskManagerService$Lifecycle took to complete: 0ms
01-15 20:38:57.597   484   484 I SystemServerTiming: OnBootPhase_100_com.android.server.am.ActivityManagerService$Lifecycle
01-15 20:38:57.597   484   484 D SystemServerTiming: OnBootPhase_100_com.android.server.am.ActivityManagerService$Lifecycle took to complete: 0ms
01-15 20:38:57.597   484   484 I SystemServerTiming: OnBootPhase_100_com.android.server.pm.DataLoaderManagerService
01-15 20:38:57.597   484   484 D SystemServerTiming: OnBootPhase_100_com.android.server.pm.DataLoaderManagerService took to complete: 0ms
01-15 20:38:57.597   484   484 I SystemServerTiming: OnBootPhase_100_com.android.server.power.PowerManagerService
01-15 20:38:57.597   484   484 D SystemServerTiming: OnBootPhase_100_com.android.server.power.PowerManagerService took to complete: 0ms
01-15 20:38:57.597   484   484 I SystemServerTiming: OnBootPhase_100_com.android.server.power.ThermalManagerService
01-15 20:38:57.597   484   484 D SystemServerTiming: OnBootPhase_100_com.android.server.power.ThermalManagerService took to complete: 0ms
01-15 20:38:57.597   484   484 I SystemServerTiming: OnBootPhase_100_com.android.server.recoverysystem.RecoverySystemService$Lifecycle
01-15 20:38:57.597   484   484 D SystemServerTiming: OnBootPhase_100_com.android.server.recoverysystem.RecoverySystemService$Lifecycle took to complete: 0ms
01-15 20:38:57.597   484   484 I SystemServerTiming: OnBootPhase_100_com.android.server.lights.LightsService
01-15 20:38:57.597   484   484 D SystemServerTiming: OnBootPhase_100_com.android.server.lights.LightsService took to complete: 0ms
01-15 20:38:57.597   484   484 I SystemServerTiming: OnBootPhase_100_com.android.server.display.DisplayManagerService
01-15 20:38:57.597   311   360 E HWComposer: getSupportedContentTypes: getSupportedContentTypes failed for display 8141241408256768: Unsupported (8)
01-15 20:38:57.598   372   372 I ServiceManager: Waiting for service 'package_native' on '/dev/binder'...
01-15 20:38:57.599   484   508 I DisplayManagerService: Display device added: DisplayDeviceInfo{"Built-in Screen": uniqueId="local:8141241408256768", 1080 x 1920, modeId 1, defaultModeId 1, supportedModes [{id=1, width=1080, height=1920, fps=60.000004}], colorMode 0, supportedColorModes [0], HdrCapabilities HdrCapabilities{mSupportedHdrTypes=[], mMaxLuminance=500.0, mMaxAverageLuminance=500.0, mMinLuminance=0.0}, allmSupported false, gameContentTypeSupported false, density 420, 420.0 x 420.0 dpi, appVsyncOff 1000000, presDeadline 16666666, touch INTERNAL, rotation 0, type INTERNAL, address {port=0, model=0x1cec6a7a2b7b}, deviceProductInfo DeviceProductInfo{name=EMU_display_0, manufacturerPnpId=GGL, productId=1, modelYear=null, manufactureDate=ManufactureDate{week=27, year=2006}, relativeAddress=null}, state UNKNOWN, FLAG_DEFAULT_DISPLAY, FLAG_ROTATES_WITH_CONTENT, FLAG_SECURE, FLAG_SUPPORTS_PROTECTED_BUFFERS}
01-15 20:38:57.599   370   410 I ServiceManager: Waiting for service 'package_native' on '/dev/binder'...
01-15 20:38:57.600   311   311 D SurfaceFlinger: Setting power mode 2 on display 8141241408256768
01-15 20:38:57.600   484   508 I DisplayManagerService: Display device changed state: "Built-in Screen", ON
01-15 20:38:57.600   484   484 D SystemServerTiming: OnBootPhase_100_com.android.server.display.DisplayManagerService took to complete: 3ms
01-15 20:38:57.600   484   484 D SystemServerTiming: OnBootPhase_100 took to complete: 4ms
01-15 20:38:57.600   484   484 D SystemServerTiming: WaitForDisplay took to complete: 4ms
01-15 20:38:57.600   484   484 I SystemServerTiming: StartPackageManagerService
01-15 20:38:57.600   484   484 I Watchdog: Pausing HandlerChecker: main thread for reason: packagemanagermain. Pause count: 1
01-15 20:38:57.603   484   484 I PackageManagerTiming: create package manager
01-15 20:38:57.605   484   484 I PackageManagerTiming: createSubComponents
01-15 20:38:57.620   484   484 D PackageManagerTiming: createSubComponents took to complete: 15ms
01-15 20:38:57.620   484   484 I PackageManagerTiming: addSharedUsers
01-15 20:38:57.620   484   484 D PackageManagerTiming: addSharedUsers took to complete: 0ms
01-15 20:38:57.621   484   484 I PackageManagerTiming: get system config
01-15 20:38:57.621   484   484 D PackageManagerTiming: get system config took to complete: 0ms
01-15 20:38:57.621   484   484 D PackageManager: Directories scanned as system partitions: [/system:0, /vendor:524288, /odm:4194304, /oem:262144, /product:1048576, /system_ext:2097152, /apex/com.android.cellbroadcast:8388608, /apex/com.android.resolv:8388608, /apex/com.android.runtime:8388608, /apex/com.android.telephony:8388608, /apex/com.android.mediaprovider:8388608, /apex/com.android.tethering:8388608, /apex/com.android.wifi:8388608, /apex/com.android.neuralnetworks:8388608, /apex/com.android.tzdata:8388608, /apex/com.android.apex.cts.shim:8388608, /apex/com.android.art:8388608, /apex/com.android.adbd:8388608, /apex/com.android.media:8388608, /apex/com.android.i18n:8388608, /apex/com.android.extservices:8388608, /apex/com.android.ipsec:8388608, /apex/com.android.sdkext:8388608, /apex/com.android.conscrypt:8388608, /apex/com.android.os.statsd:8388608, /apex/com.android.media.swcodec:8388608, /apex/com.android.vndk.v30:8388608, /apex/com.android.permission:8388608]
01-15 20:38:57.623   484   484 D SELinuxMMAC: Using policy file /system/etc/selinux/plat_mac_permissions.xml
01-15 20:38:57.623   484   484 D SELinuxMMAC: Using policy file /vendor/etc/selinux/vendor_mac_permissions.xml
01-15 20:38:57.624   484   484 I PackageManagerTiming: loadFallbacks
01-15 20:38:57.625   484   484 D FallbackCategoryProvider: Found 387 fallback categories
01-15 20:38:57.625   484   484 D PackageManagerTiming: loadFallbacks took to complete: 1ms
01-15 20:38:57.625   484   484 I PackageManagerTiming: read user settings
01-15 20:38:57.643   484   484 W PackageManager: Unknown element under <package>: uses-static-lib
01-15 20:38:57.645   484   484 W PackageManager: Unknown element under <package>: uses-static-lib
01-15 20:38:57.663   484   484 W PackageSettings: Missing permission state for shared user: android.uid.log
01-15 20:38:57.664   484   484 D PackageManagerTiming: read user settings took to complete: 38ms
01-15 20:38:57.668   267   267 I ServiceManager: Waiting for service 'statscompanion' on '/dev/binder'...
01-15 20:38:57.671   484   484 D PackageManager: Destroying unknown cache ae2aa5ff2ab9c63e41f5b6d02bc53da7d866d7be
01-15 20:38:57.671   367   367 I ServiceManager: Waiting for service 'package_native' on '/dev/binder'...
01-15 20:38:57.677     0     0 E apexd   : Can't open /system_ext/apex for reading : No such file or directory
01-15 20:38:57.677     0     0 E apexd   : Can't open /product/apex for reading : No such file or directory
01-15 20:38:57.678     0     0 E apexd   : Can't open /vendor/apex for reading : No such file or directory
01-15 20:38:57.700   372   372 I ServiceManager: Waiting for service 'package_native' on '/dev/binder'...
01-15 20:38:57.700   370   410 I ServiceManager: Waiting for service 'package_native' on '/dev/binder'...
01-15 20:38:57.762     0     0 I br0     : port 3(wlan1) entered disabled state
01-15 20:38:57.768   267   267 I ServiceManager: Waiting for service 'statscompanion' on '/dev/binder'...
01-15 20:38:57.771   367   367 I ServiceManager: Waiting for service 'package_native' on '/dev/binder'...
01-15 20:38:57.800   370   410 I ServiceManager: Waiting for service 'package_native' on '/dev/binder'...
01-15 20:38:57.800   372   372 I ServiceManager: Waiting for service 'package_native' on '/dev/binder'...
01-15 20:38:57.868   267   267 I ServiceManager: Waiting for service 'statscompanion' on '/dev/binder'...
01-15 20:38:57.872   367   367 I ServiceManager: Waiting for service 'package_native' on '/dev/binder'...
01-15 20:38:57.900   370   410 I ServiceManager: Waiting for service 'package_native' on '/dev/binder'...
01-15 20:38:57.900   372   372 I ServiceManager: Waiting for service 'package_native' on '/dev/binder'...
01-15 20:38:57.968   267   267 I ServiceManager: Waiting for service 'statscompanion' on '/dev/binder'...
01-15 20:38:57.974   367   367 I ServiceManager: Waiting for service 'package_native' on '/dev/binder'...
01-15 20:38:58.000   370   410 I ServiceManager: Waiting for service 'package_native' on '/dev/binder'...
01-15 20:38:58.001   372   372 I ServiceManager: Waiting for service 'package_native' on '/dev/binder'...
01-15 20:38:58.011   484   532 I PackageParser2: Parse times for '/system/apex/com.google.android.media.swcodec.apex': parse=214ms, update_cache=7 ms
01-15 20:38:58.036   484   531 I PackageParser2: Parse times for '/system/apex/com.android.i18n.apex': parse=285ms, update_cache=0 ms
01-15 20:38:58.069   267   267 I ServiceManager: Waiting for service 'statscompanion' on '/dev/binder'...
01-15 20:38:58.074   367   367 I ServiceManager: Waiting for service 'package_native' on '/dev/binder'...
01-15 20:38:58.101   370   410 I ServiceManager: Waiting for service 'package_native' on '/dev/binder'...
01-15 20:38:58.101   372   372 I ServiceManager: Waiting for service 'package_native' on '/dev/binder'...
01-15 20:38:58.169   267   267 I ServiceManager: Waiting for service 'statscompanion' on '/dev/binder'...
01-15 20:38:58.174   367   367 I ServiceManager: Waiting for service 'package_native' on '/dev/binder'...
01-15 20:38:58.201   370   410 I ServiceManager: Waiting for service 'package_native' on '/dev/binder'...
01-15 20:38:58.202   372   372 I ServiceManager: Waiting for service 'package_native' on '/dev/binder'...
01-15 20:38:58.269   267   267 I ServiceManager: Waiting for service 'statscompanion' on '/dev/binder'...
01-15 20:38:58.275   367   367 I ServiceManager: Waiting for service 'package_native' on '/dev/binder'...
01-15 20:38:58.282   484   533 I PackageParser2: Parse times for '/system/apex/com.android.art.debug.apex': parse=605ms, update_cache=1 ms
01-15 20:38:58.301   370   410 I ServiceManager: Waiting for service 'package_native' on '/dev/binder'...
01-15 20:38:58.302   372   372 I ServiceManager: Waiting for service 'package_native' on '/dev/binder'...
01-15 20:38:58.370   267   267 I ServiceManager: Waiting for service 'statscompanion' on '/dev/binder'...
01-15 20:38:58.376   367   367 I ServiceManager: Waiting for service 'package_native' on '/dev/binder'...
01-15 20:38:58.401   370   410 I ServiceManager: Waiting for service 'package_native' on '/dev/binder'...
01-15 20:38:58.403   372   372 I ServiceManager: Waiting for service 'package_native' on '/dev/binder'...
01-15 20:38:58.465   484   532 I PackageParser2: Parse times for '/system/apex/com.android.vndk.current.apex': parse=408ms, update_cache=1 ms
01-15 20:38:58.466   484   484 D PackageManager: No files in app dir /system_ext/overlay
01-15 20:38:58.473   267   267 I ServiceManager: Waiting for service 'statscompanion' on '/dev/binder'...
01-15 20:38:58.473   484   484 I PackageBackwardCompatibility: Loaded android.content.pm.AndroidTestBaseUpdater
01-15 20:38:58.473   484   484 D CompatibilityChangeReporter: Compat change id reported: 143539591; UID -1; state: ENABLED
01-15 20:38:58.478   367   367 I ServiceManager: Waiting for service 'package_native' on '/dev/binder'...
01-15 20:38:58.479   484   484 D CompatibilityChangeReporter: Compat change id reported: 135549675; UID 10000; state: ENABLED
