01-15 20:38:54.341     0     0 I init    : Command 'mount_all /vendor/etc/fstab.ranchu' action=fs (/vendor/etc/init/hw/init.ranchu.rc:6) took 329ms and succeeded
01-15 20:38:54.342     0     0 I init    : processing action (fs) from (/system/etc/init/logd.rc:28)
01-15 20:38:54.342     0     0 I init    : processing action (fs) from (/system/etc/init/wifi.rc:25)
01-15 20:38:54.342     0     0 I init    : processing action (post-fs) from (/system/etc/init/hw/init.rc:467)
01-15 20:38:54.342     0     0 I init    : starting service 'exec 2 (/system/bin/vdc checkpoint markBootAttempt)'...
01-15 20:38:54.342     0     0 I init    : SVC_EXEC service 'exec 2 (/system/bin/vdc checkpoint markBootAttempt)' pid 188 (uid 1000 gid 1000+0 context default) started; waiting...
01-15 20:38:54.345     0     0 I init    : Service 'exec 2 (/system/bin/vdc checkpoint markBootAttempt)' (pid 188) exited with status 0 waiting took 0.002000 seconds
01-15 20:38:54.345     0     0 I init    : Sending signal 9 to service 'exec 2 (/system/bin/vdc checkpoint markBootAttempt)' (pid 188) process group...
01-15 20:38:54.345     0     0 I libprocessgroup: Successfully killed process cgroup uid 1000 pid 188 in 0ms
01-15 20:38:54.345     0     0 E selinux : SELinux:  Could not stat /sys/kernel/debug: No such file or directory.
01-15 20:38:54.345     0     0 E selinux :  
01-15 20:38:54.345     0     0 I init    : Command 'chown system cache /cache' action=post-fs (/system/etc/init/hw/init.rc:479) took 0ms and failed: lchown() failed: Read-only file system
01-15 20:38:54.345     0     0 I init    : Command 'chmod 0770 /cache' action=post-fs (/system/etc/init/hw/init.rc:480) took 0ms and failed: fchmodat() failed: Read-only file system
01-15 20:38:54.346     0     0 E selinux : SELinux:  setxattr failed: /cache:  Read-only file system
01-15 20:38:54.346     0     0 E selinux :  
01-15 20:38:54.346     0     0 I init    : Command 'mkdir /cache/recovery 0770 system cache' action=post-fs (/system/etc/init/hw/init.rc:486) took 0ms and failed: mkdir() failed on /cache/recovery: Read-only file system
01-15 20:38:54.346     0     0 I init    : Command 'mkdir /cache/backup_stage 0700 system system' action=post-fs (/system/etc/init/hw/init.rc:489) took 0ms and failed: mkdir() failed on /cache/backup_stage: Read-only file system
01-15 20:38:54.346     0     0 I init    : Command 'mkdir /cache/backup 0700 system system' action=post-fs (/system/etc/init/hw/init.rc:490) took 0ms and failed: mkdir() failed on /cache/backup: Read-only file system
01-15 20:38:54.346     0     0 I init    : Command 'mkdir /cache/lost+found 0770 root root' action=post-fs (/system/etc/init/hw/init.rc:511) took 0ms and failed: mkdir() failed on /cache/lost+found: Read-only file system
01-15 20:38:54.346     0     0 I selinux : SELinux: Skipping restorecon on directory(/metadata)
01-15 20:38:54.346     0     0 I selinux :  
01-15 20:38:54.347     0     0 I selinux : SELinux: Skipping restorecon on directory(/metadata/apex)
01-15 20:38:54.347     0     0 I selinux :  
01-15 20:38:54.347     0     0 I init    : processing action (post-fs) from (/system/etc/init/atrace_userdebug.rc:7)
01-15 20:38:54.347     1     1 W libc    : Unable to set property "ro.crypto.state" to "unsupported": error code: 0xb
01-15 20:38:54.347     0     0 I init    : processing action (post-fs) from (/system/etc/init/gsid.rc:8)
01-15 20:38:54.347     0     0 I init    : processing action (post-fs) from (/system/etc/init/recovery-refresh.rc:1)
01-15 20:38:54.347     0     0 I init    : starting service 'exec 3 (/system/bin/recovery-refresh)'...
01-15 20:38:54.348     0     0 I init    : processing action (late-fs) from (/system/etc/init/hw/init.rc:531)
01-15 20:38:54.348     0     0 I init    : starting service 'system_suspend'...
01-15 20:38:54.348     0     0 I init    : starting service 'vendor.atrace-hal-1-0'...
01-15 20:38:54.349     0     0 I init    : processing action (late-fs) from (/vendor/etc/init/hw/init.ranchu.rc:8)
01-15 20:38:54.350     0     0 E init    : Unable to set property 'ro.crypto.state' from uid:0 gid:0 pid:1: Read-only property was already set
01-15 20:38:54.350     0     0 I init    : Service 'exec 3 (/system/bin/recovery-refresh)' (pid 189) exited with status 254 oneshot service took 0.002000 seconds in background
01-15 20:38:54.350     0     0 I init    : Sending signal 9 to service 'exec 3 (/system/bin/recovery-refresh)' (pid 189) process group...
01-15 20:38:54.350     0     0 I libprocessgroup: Successfully killed process cgroup uid 1000 pid 189 in 0ms
01-15 20:38:54.350   162   176 I Checkpoint: cp_prepareCheckpoint called
01-15 20:38:54.350     0     0 I init    : processing action (post-fs-data) from (/system/etc/init/hw/init.rc:540)
01-15 20:38:54.350     0     0 I init    : starting service 'exec 4 (/system/bin/vdc checkpoint prepareCheckpoint)'...
01-15 20:38:54.350     0     0 I init    : SVC_EXEC service 'exec 4 (/system/bin/vdc checkpoint prepareCheckpoint)' pid 192 (uid 1000 gid 1000+0 context default) started; waiting...
01-15 20:38:54.352   191   191 I HidlServiceManagement: Registered android.hardware.atrace@1.0::IAtraceDevice/default (start delay of 8ms)
01-15 20:38:54.352   191   191 I HidlServiceManagement: Removing namespace from process name android.hardware.atrace@1.0-service to atrace@1.0-service.
01-15 20:38:54.354     0     0 I init    : Service 'exec 4 (/system/bin/vdc checkpoint prepareCheckpoint)' (pid 192) exited with status 0 waiting took 0.004000 seconds
01-15 20:38:54.354     0     0 I init    : Sending signal 9 to service 'exec 4 (/system/bin/vdc checkpoint prepareCheckpoint)' (pid 192) process group...
01-15 20:38:54.354     0     0 I libprocessgroup: Successfully killed process cgroup uid 1000 pid 192 in 0ms
01-15 20:38:54.355   190   190 I HidlServiceManagement: Registered android.system.suspend@1.0::ISystemSuspend/default (start delay of 11ms)
01-15 20:38:54.355   190   190 I HidlServiceManagement: Removing namespace from process name android.system.suspend@1.0-service to suspend@1.0-service.
01-15 20:38:54.355     0     0 I init    : starting service 'exec 5 (/system/bin/vdc --wait cryptfs enablefilecrypto)'...
01-15 20:38:54.355     0     0 I init    : SVC_EXEC service 'exec 5 (/system/bin/vdc --wait cryptfs enablefilecrypto)' pid 193 (uid 0 gid 0+0 context default) started; waiting...
01-15 20:38:54.356   162   176 I vold    : fscrypt_initialize_systemwide_keys
01-15 20:38:54.357   162   176 D vold    : Key exists, using: /data/unencrypted/key
01-15 20:38:54.359   159   159 I hwservicemanager: getTransport: Cannot find entry android.hardware.keymaster@3.0::IKeymasterDevice/default in either framework or device manifest.
01-15 20:38:54.359   162   176 I vold    : List of Keymaster HALs found:
01-15 20:38:54.359   162   176 I vold    : Keymaster HAL #1: SoftwareKeymasterDevice from Google SecurityLevel: SOFTWARE HAL: android.hardware.keymaster@4.1::IKeymasterDevice/default
01-15 20:38:54.359   162   176 I vold    : Using SoftwareKeymasterDevice from Google for encryption.  Security level: SOFTWARE, HAL: android.hardware.keymaster@4.1::IKeymasterDevice/default
01-15 20:38:54.359     0     0 D vdc     : Waited 0ms for vold
01-15 20:38:54.360   162   176 D vold    : Installed fscrypt key with ref c3b3e98c45f79c752d43297c8d783b94 to /data
01-15 20:38:54.360   162   176 D vold    : Added fscrypt-provisioning key for c3b3e98c45f79c752d43297c8d783b94 to session keyring
01-15 20:38:54.363   162   176 I vold    : Wrote system DE key reference to:/data/unencrypted/ref
01-15 20:38:54.363   162   176 D vold    : Installed fscrypt key with ref 096e3c9f87525dc9c903df0d7837640b to /data
01-15 20:38:54.363   162   176 D vold    : Added fscrypt-provisioning key for 096e3c9f87525dc9c903df0d7837640b to session keyring
01-15 20:38:54.364   201   201 W init    : type=1400 audit(0.0:4): avc: denied { execute_no_trans } for path="/vendor/bin/toybox_vendor" dev="dm-3" ino=223 scontext=u:r:init:s0 tcontext=u:object_r:vendor_toolbox_exec:s0 tclass=file permissive=0 b/132695863
01-15 20:38:54.364   162   176 I vold    : Wrote per boot key reference to:/data/unencrypted/per_boot_ref
01-15 20:38:54.367     0     0 I init    : Service 'exec 5 (/system/bin/vdc --wait cryptfs enablefilecrypto)' (pid 193) exited with status 0 waiting took 0.011000 seconds
01-15 20:38:54.367     0     0 I init    : Sending signal 9 to service 'exec 5 (/system/bin/vdc --wait cryptfs enablefilecrypto)' (pid 193) process group...
01-15 20:38:54.367     0     0 I libprocessgroup: Successfully killed process cgroup uid 0 pid 193 in 0ms
01-15 20:38:54.367     0     0 I fscrypt : AES-256-CTS-CBC using implementation "cts-cbc-aes-ce"
01-15 20:38:54.367     0     0 I init    : Verified that /data/bootchart has the encryption policy c3b3e98c45f79c752d43297c8d783b94 v2 modes 1/4 flags 0x2
01-15 20:38:54.368     0     0 I init    : Switched to default mount namespace
01-15 20:38:54.368     0     0 I init    : Not setting encryption policy on: /data/apex
01-15 20:38:54.368     0     0 I init    : Not setting encryption policy on: /data/app-staging
01-15 20:38:54.368     0     0 I init    : starting service 'apexd'...
01-15 20:38:54.369     0     0 E init    : Failed to set encryption policy of /data/misc to c3b3e98c45f79c752d43297c8d783b94 v2 modes 1/4 flags 0x2: Directory not empty
01-15 20:38:54.372   203   203 W init    : type=1400 audit(0.0:5): avc: denied { execute_no_trans } for path="/vendor/bin/toybox_vendor" dev="dm-3" ino=223 scontext=u:r:init:s0 tcontext=u:object_r:vendor_toolbox_exec:s0 tclass=file permissive=0 b/132695863
01-15 20:38:54.372     0     0 E logwrapper: executing ls failed: Permission denied
01-15 20:38:54.372     0     0 E logwrapper:  
01-15 20:38:54.372     0     0 I ls      : executing ls failed: Permission denied
01-15 20:38:54.372     0     0 I ls      : ls terminated by exit(255)
01-15 20:38:54.372     0     0 I ls      :  
01-15 20:38:54.372     0     0 E init    : ls -laZ /data/misc returned failure: 255
01-15 20:38:54.372   162   175 D vold    : Disk at 7:48 changed
01-15 20:38:54.372     0     0 E init    : Setting c3b3e98c45f79c752d43297c8d783b94 policy on /data/misc failed!
01-15 20:38:54.372     0     0 E init    : Rebooting into recovery
01-15 20:38:54.372     0     0 I init    : Command 'mkdir /data/misc 01771 system misc encryption=Require' action=post-fs-data (/system/etc/init/hw/init.rc:576) took 3ms and failed: Failed to set bootloader message: failed to find /misc partition
01-15 20:38:54.373     0     0 I apexd   : Scanning /system/apex for preinstalled data
01-15 20:38:54.373     0     0 I apexd   : Scanning /system_ext/apex for preinstalled data
01-15 20:38:54.373     0     0 I apexd   : ... does not exist. Skipping
01-15 20:38:54.373     0     0 I apexd   : Scanning /product/apex for preinstalled data
01-15 20:38:54.373     0     0 I apexd   : ... does not exist. Skipping
01-15 20:38:54.373     0     0 I apexd   : Scanning /vendor/apex for preinstalled data
01-15 20:38:54.373     0     0 I apexd   : ... does not exist. Skipping
01-15 20:38:54.373     0     0 I apexd   : Populating APEX database from mounts...
01-15 20:38:54.373     0     0 I apexd   : 0 packages restored.
01-15 20:38:54.374     0     0 I apexd   : Marking APEXd as starting
01-15 20:38:54.374     0     0 I apexd   : Scanning /metadata/apex/sessions looking for sessions to be activated.
01-15 20:38:54.374     0     0 I apexd   : Scanning /data/apex/active looking for APEX packages.
01-15 20:38:54.374     0     0 I apexd   : Activated 0 packages. Skipped: 0
01-15 20:38:54.374     0     0 I apexd   : Scanning /system/apex looking for APEX packages.
01-15 20:38:54.374     0     0 I apexd   : Found /system/apex/com.google.android.conscrypt.apex
01-15 20:38:54.374     0     0 I apexd   : Found /system/apex/com.google.android.cellbroadcast.apex
01-15 20:38:54.374     0     0 I apexd   : Found /system/apex/com.google.android.adbd.apex
01-15 20:38:54.374     0     0 I apexd   : Found /system/apex/com.google.android.wifi.apex
01-15 20:38:54.374     0     0 I apexd   : Found /system/apex/com.android.i18n.apex
01-15 20:38:54.374     0     0 I apexd   : Found /system/apex/com.android.vndk.current.apex
01-15 20:38:54.374     0     0 I apexd   : Found /system/apex/com.google.android.neuralnetworks.apex
01-15 20:38:54.374     0     0 I apexd   : Found /system/apex/com.google.android.extservices.apex
01-15 20:38:54.374     0     0 I apexd   : Found /system/apex/com.google.android.media.apex
01-15 20:38:54.374     0     0 I apexd   : Found /system/apex/com.google.android.resolv.apex
01-15 20:38:54.374     0     0 I apexd   : Found /system/apex/com.google.android.permission.apex
01-15 20:38:54.374     0     0 I apexd   : Found /system/apex/com.android.apex.cts.shim.apex
01-15 20:38:54.374     0     0 I apexd   : Found /system/apex/com.google.android.tzdata2.apex
01-15 20:38:54.374     0     0 I apexd   : Found /system/apex/com.android.art.debug.apex
01-15 20:38:54.374     0     0 I apexd   : Found /system/apex/com.android.runtime.apex
01-15 20:38:54.374     0     0 I apexd   : Found /system/apex/com.google.android.ipsec.apex
01-15 20:38:54.374     0     0 I apexd   : Found /system/apex/com.google.android.media.swcodec.apex
01-15 20:38:54.374     0     0 I apexd   : Found /system/apex/com.google.android.sdkext.apex
01-15 20:38:54.374     0     0 I apexd   : Found /system/apex/com.google.android.telephony.apex
01-15 20:38:54.374     0     0 I apexd   : Found /system/apex/com.google.android.os.statsd.apex
01-15 20:38:54.374     0     0 I apexd   : Found /system/apex/com.google.android.mediaprovider.apex
01-15 20:38:54.375     0     0 I apexd   : Found /system/apex/com.google.android.tethering.apex
01-15 20:38:54.375     0     0 D apexd   : Creating mount point: /apex/com.android.conscrypt@300900703
01-15 20:38:54.375     0     0 I init    : Verified that /data/local has the encryption policy c3b3e98c45f79c752d43297c8d783b94 v2 modes 1/4 flags 0x2
01-15 20:38:54.376     0     0 I init    : Not setting encryption policy on: /data/preloads
01-15 20:38:54.376     0     0 I init    : Verified that /data/vendor has the encryption policy c3b3e98c45f79c752d43297c8d783b94 v2 modes 1/4 flags 0x2
01-15 20:38:54.376     0     0 I init    : Not setting encryption policy on: /data/vendor_ce
01-15 20:38:54.377     0     0 I init    : Not setting encryption policy on: /data/vendor_de
01-15 20:38:54.377     0     0 I init    : Not setting encryption policy on: /data/data
01-15 20:38:54.378     0     0 I init    : Verified that /data/app-private has the encryption policy c3b3e98c45f79c752d43297c8d783b94 v2 modes 1/4 flags 0x2
01-15 20:38:54.378     0     0 I init    : Verified that /data/app-ephemeral has the encryption policy c3b3e98c45f79c752d43297c8d783b94 v2 modes 1/4 flags 0x2
01-15 20:38:54.378     0     0 I init    : Verified that /data/app-asec has the encryption policy c3b3e98c45f79c752d43297c8d783b94 v2 modes 1/4 flags 0x2
01-15 20:38:54.378     0     0 I init    : Verified that /data/app-lib has the encryption policy c3b3e98c45f79c752d43297c8d783b94 v2 modes 1/4 flags 0x2
01-15 20:38:54.379     0     0 I init    : Verified that /data/app has the encryption policy c3b3e98c45f79c752d43297c8d783b94 v2 modes 1/4 flags 0x2
01-15 20:38:54.379     0     0 I init    : Verified that /data/property has the encryption policy c3b3e98c45f79c752d43297c8d783b94 v2 modes 1/4 flags 0x2
01-15 20:38:54.379     0     0 I init    : Verified that /data/tombstones has the encryption policy c3b3e98c45f79c752d43297c8d783b94 v2 modes 1/4 flags 0x2
01-15 20:38:54.379     0     0 I init    : Verified that /data/dalvik-cache has the encryption policy c3b3e98c45f79c752d43297c8d783b94 v2 modes 1/4 flags 0x2
01-15 20:38:54.379     0     0 I init    : Verified that /data/ota has the encryption policy c3b3e98c45f79c752d43297c8d783b94 v2 modes 1/4 flags 0x2
01-15 20:38:54.380     0     0 I init    : Verified that /data/ota_package has the encryption policy c3b3e98c45f79c752d43297c8d783b94 v2 modes 1/4 flags 0x2
01-15 20:38:54.380     0     0 I init    : Verified that /data/resource-cache has the encryption policy c3b3e98c45f79c752d43297c8d783b94 v2 modes 1/4 flags 0x2
01-15 20:38:54.380     0     0 I init    : Not setting encryption policy on: /data/lost+found
01-15 20:38:54.380     0     0 I init    : Verified that /data/drm has the encryption policy c3b3e98c45f79c752d43297c8d783b94 v2 modes 1/4 flags 0x2
01-15 20:38:54.380     0     0 I init    : Verified that /data/mediadrm has the encryption policy c3b3e98c45f79c752d43297c8d783b94 v2 modes 1/4 flags 0x2
01-15 20:38:54.380     0     0 I init    : Verified that /data/anr has the encryption policy c3b3e98c45f79c752d43297c8d783b94 v2 modes 1/4 flags 0x2
01-15 20:38:54.380     0     0 I init    : Verified that /data/nfc has the encryption policy c3b3e98c45f79c752d43297c8d783b94 v2 modes 1/4 flags 0x2
01-15 20:38:54.380     0     0 I init    : Verified that /data/backup has the encryption policy c3b3e98c45f79c752d43297c8d783b94 v2 modes 1/4 flags 0x2
01-15 20:38:54.380     0     0 I init    : Verified that /data/ss has the encryption policy c3b3e98c45f79c752d43297c8d783b94 v2 modes 1/4 flags 0x2
01-15 20:38:54.381     0     0 E init    : Failed to set encryption policy of /data/system to c3b3e98c45f79c752d43297c8d783b94 v2 modes 1/4 flags 0x2: Directory not empty
01-15 20:38:54.381     0     0 E logwrapper: executing ls failed: Permission denied
01-15 20:38:54.381     0     0 E logwrapper:  
01-15 20:38:54.381     0     0 I ls      : executing ls failed: Permission denied
01-15 20:38:54.381     0     0 I ls      : ls terminated by exit(255)
01-15 20:38:54.381     0     0 I ls      :  
01-15 20:38:54.381     0     0 E init    : ls -laZ /data/system returned failure: 255
01-15 20:38:54.381     0     0 E init    : Setting c3b3e98c45f79c752d43297c8d783b94 policy on /data/system failed!
01-15 20:38:54.381     0     0 E init    : Rebooting into recovery
01-15 20:38:54.381     0     0 I init    : Command 'mkdir /data/system 0775 system system encryption=Require' action=post-fs-data (/system/etc/init/hw/init.rc:703) took 0ms and failed: Failed to set bootloader message: failed to find /misc partition
01-15 20:38:54.381     0     0 I init    : Not setting encryption policy on: /data/system_de
01-15 20:38:54.381     0     0 I init    : Not setting encryption policy on: /data/system_ce
01-15 20:38:54.381     0     0 I init    : Not setting encryption policy on: /data/misc_de
01-15 20:38:54.381     0     0 I init    : Not setting encryption policy on: /data/misc_ce
01-15 20:38:54.381     0     0 I init    : Not setting encryption policy on: /data/user
01-15 20:38:54.381     0     0 I init    : Not setting encryption policy on: /data/user_de
01-15 20:38:54.381     0     0 I init    : Command 'rm /data/user/0' action=post-fs-data (/system/etc/init/hw/init.rc:718) took 0ms and failed: unlink() failed: Is a directory
01-15 20:38:54.384     0     0 I init    : Verified that /data/cache has the encryption policy c3b3e98c45f79c752d43297c8d783b94 v2 modes 1/4 flags 0x2
01-15 20:38:54.384     0     0 I init    : Verified that /data/rollback has the encryption policy c3b3e98c45f79c752d43297c8d783b94 v2 modes 1/4 flags 0x2
01-15 20:38:54.384     0     0 I init    : Verified that /data/rollback-observer has the encryption policy c3b3e98c45f79c752d43297c8d783b94 v2 modes 1/4 flags 0x2
01-15 20:38:54.384     0     0 I init    : Verified that /data/incremental has the encryption policy c3b3e98c45f79c752d43297c8d783b94 v2 modes 1/4 flags 0x2
01-15 20:38:54.401   162   175 D vold    : Disk at 7:48 changed
01-15 20:38:54.418   162   175 D vold    : Disk at 7:56 changed
01-15 20:38:54.419     0     0 D apexd   : Loopback device created: /dev/block/loop6
01-15 20:38:54.419     0     0 D apexd   : AVB footer verification successful.
01-15 20:38:54.419     0     0 D apexd   : /system/apex/com.google.android.conscrypt.apex: public key matches.
01-15 20:38:54.420     0     0 I EXT4-fs (loop6): mounted filesystem without journal. Opts: (null)
01-15 20:38:54.420     0     0 I apexd   : Successfully mounted package /system/apex/com.google.android.conscrypt.apex on /apex/com.android.conscrypt@300900703
01-15 20:38:54.421     0     0 D apexd   : Creating bind-mount for /apex/com.android.conscrypt for /apex/com.android.conscrypt@300900703
01-15 20:38:54.421     0     0 D apexd   : Creating mountpoint /apex/com.android.conscrypt
01-15 20:38:54.421     0     0 D apexd   : Bind-mounting /apex/com.android.conscrypt@300900703 to /apex/com.android.conscrypt
01-15 20:38:54.421     0     0 D apexd   : Successfully activated /system/apex/com.google.android.conscrypt.apex package_name: com.android.conscrypt version: 300900703
01-15 20:38:54.421     0     0 D apexd   : Creating mount point: /apex/com.android.cellbroadcast@300900720
01-15 20:38:54.437   162   175 D vold    : Disk at 7:56 changed
01-15 20:38:54.503     0     0 D apexd   : Loopback device created: /dev/block/loop7
01-15 20:38:54.503     0     0 D apexd   : AVB footer verification successful.
01-15 20:38:54.504   162   175 D vold    : Disk at 7:64 changed
01-15 20:38:54.504     0     0 D apexd   : /system/apex/com.google.android.cellbroadcast.apex: public key matches.
01-15 20:38:54.505     0     0 I EXT4-fs (loop7): mounted filesystem without journal. Opts: (null)
01-15 20:38:54.505     0     0 I apexd   : Successfully mounted package /system/apex/com.google.android.cellbroadcast.apex on /apex/com.android.cellbroadcast@300900720
01-15 20:38:54.506     0     0 D apexd   : Creating bind-mount for /apex/com.android.cellbroadcast for /apex/com.android.cellbroadcast@300900720
01-15 20:38:54.506     0     0 D apexd   : Creating mountpoint /apex/com.android.cellbroadcast
01-15 20:38:54.506     0     0 D apexd   : Bind-mounting /apex/com.android.cellbroadcast@300900720 to /apex/com.android.cellbroadcast
01-15 20:38:54.506     0     0 D apexd   : Successfully activated /system/apex/com.google.android.cellbroadcast.apex package_name: com.android.cellbroadcast version: 300900720
01-15 20:38:54.506     0     0 D apexd   : Creating mount point: /apex/com.android.adbd@300900700
01-15 20:38:54.565   162   175 D vold    : Disk at 7:64 changed
01-15 20:38:54.612     0     0 D apexd   : Loopback device created: /dev/block/loop8
01-15 20:38:54.612     0     0 D apexd   : AVB footer verification successful.
01-15 20:38:54.613     0     0 D apexd   : /system/apex/com.google.android.adbd.apex: public key matches.
01-15 20:38:54.614   162   175 D vold    : Disk at 7:72 changed
01-15 20:38:54.615     0     0 I EXT4-fs (loop8): mounted filesystem without journal. Opts: (null)
01-15 20:38:54.615     0     0 I apexd   : Successfully mounted package /system/apex/com.google.android.adbd.apex on /apex/com.android.adbd@300900700
01-15 20:38:54.616     0     0 D apexd   : Creating bind-mount for /apex/com.android.adbd for /apex/com.android.adbd@300900700
01-15 20:38:54.616     0     0 D apexd   : Creating mountpoint /apex/com.android.adbd
01-15 20:38:54.617     0     0 D apexd   : Bind-mounting /apex/com.android.adbd@300900700 to /apex/com.android.adbd
01-15 20:38:54.617     0     0 D apexd   : Successfully activated /system/apex/com.google.android.adbd.apex package_name: com.android.adbd version: 300900700
01-15 20:38:54.617     0     0 D apexd   : Creating mount point: /apex/com.android.wifi@300900711
01-15 20:38:54.642   162   175 D vold    : Disk at 7:72 changed
01-15 20:38:54.678     0     0 D apexd   : Loopback device created: /dev/block/loop9
01-15 20:38:54.678     0     0 D apexd   : AVB footer verification successful.
01-15 20:38:54.680     0     0 D apexd   : /system/apex/com.google.android.wifi.apex: public key matches.
01-15 20:38:54.681   162   175 D vold    : Disk at 7:80 changed
01-15 20:38:54.682     0     0 I EXT4-fs (loop9): mounted filesystem without journal. Opts: (null)
01-15 20:38:54.682     0     0 I apexd   : Successfully mounted package /system/apex/com.google.android.wifi.apex on /apex/com.android.wifi@300900711
01-15 20:38:54.683     0     0 D apexd   : Creating bind-mount for /apex/com.android.wifi for /apex/com.android.wifi@300900711
01-15 20:38:54.683     0     0 D apexd   : Creating mountpoint /apex/com.android.wifi
01-15 20:38:54.683     0     0 D apexd   : Bind-mounting /apex/com.android.wifi@300900711 to /apex/com.android.wifi
01-15 20:38:54.683     0     0 D apexd   : Successfully activated /system/apex/com.google.android.wifi.apex package_name: com.android.wifi version: 300900711
01-15 20:38:54.683     0     0 D apexd   : Creating mount point: /apex/com.android.i18n@1
01-15 20:38:54.741   162   175 D vold    : Disk at 7:80 changed
01-15 20:38:54.788     0     0 D apexd   : Loopback device created: /dev/block/loop10
01-15 20:38:54.788     0     0 D apexd   : AVB footer verification successful.
01-15 20:38:54.790     0     0 D apexd   : /system/apex/com.android.i18n.apex: public key matches.
01-15 20:38:54.791   162   175 D vold    : Disk at 7:88 changed
01-15 20:38:54.792     0     0 I EXT4-fs (loop10): mounted filesystem without journal. Opts: (null)
01-15 20:38:54.792     0     0 I apexd   : Successfully mounted package /system/apex/com.android.i18n.apex on /apex/com.android.i18n@1
01-15 20:38:54.793     0     0 D apexd   : Creating bind-mount for /apex/com.android.i18n for /apex/com.android.i18n@1
01-15 20:38:54.793     0     0 D apexd   : Bind-mounting /apex/com.android.i18n@1 to /apex/com.android.i18n
01-15 20:38:54.793     0     0 D apexd   : Successfully activated /system/apex/com.android.i18n.apex package_name: com.android.i18n version: 1
01-15 20:38:54.793     0     0 D apexd   : Creating mount point: /apex/com.android.vndk.v30@1
01-15 20:38:54.829   162   175 D vold    : Disk at 7:88 changed
01-15 20:38:54.855     0     0 D apexd   : Loopback device created: /dev/block/loop11
01-15 20:38:54.855     0     0 D apexd   : AVB footer verification successful.
01-15 20:38:54.857     0     0 D apexd   : /system/apex/com.android.vndk.current.apex: public key matches.
01-15 20:38:54.858   162   175 D vold    : Disk at 7:96 changed
01-15 20:38:54.859     0     0 I EXT4-fs (loop11): mounted filesystem without journal. Opts: (null)
01-15 20:38:54.860     0     0 I apexd   : Successfully mounted package /system/apex/com.android.vndk.current.apex on /apex/com.android.vndk.v30@1
01-15 20:38:54.860     0     0 D apexd   : Creating bind-mount for /apex/com.android.vndk.v30 for /apex/com.android.vndk.v30@1
01-15 20:38:54.860     0     0 D apexd   : Bind-mounting /apex/com.android.vndk.v30@1 to /apex/com.android.vndk.v30
01-15 20:38:54.860     0     0 D apexd   : Successfully activated /system/apex/com.android.vndk.current.apex package_name: com.android.vndk.v30 version: 1
01-15 20:38:54.860     0     0 D apexd   : Creating mount point: /apex/com.android.neuralnetworks@300900700
01-15 20:38:54.917   162   175 D vold    : Disk at 7:96 changed
01-15 20:38:54.949     0     0 D apexd   : Loopback device created: /dev/block/loop12
01-15 20:38:54.949     0     0 D apexd   : AVB footer verification successful.
01-15 20:38:54.950     0     0 D apexd   : /system/apex/com.google.android.neuralnetworks.apex: public key matches.
01-15 20:38:54.953   162   175 D vold    : Disk at 7:104 changed
01-15 20:38:54.954     0     0 I EXT4-fs (loop12): mounted filesystem without journal. Opts: (null)
01-15 20:38:54.954     0     0 I apexd   : Successfully mounted package /system/apex/com.google.android.neuralnetworks.apex on /apex/com.android.neuralnetworks@300900700
01-15 20:38:54.955     0     0 D apexd   : Creating bind-mount for /apex/com.android.neuralnetworks for /apex/com.android.neuralnetworks@300900700
01-15 20:38:54.955     0     0 D apexd   : Creating mountpoint /apex/com.android.neuralnetworks
01-15 20:38:54.955     0     0 D apexd   : Bind-mounting /apex/com.android.neuralnetworks@300900700 to /apex/com.android.neuralnetworks
01-15 20:38:54.955     0     0 D apexd   : Successfully activated /system/apex/com.google.android.neuralnetworks.apex package_name: com.android.neuralnetworks version: 300900700
01-15 20:38:54.955     0     0 D apexd   : Creating mount point: /apex/com.android.extservices@300900700
01-15 20:38:54.977   162   175 D vold    : Disk at 7:104 changed
01-15 20:38:55.014     0     0 D apexd   : Loopback device created: /dev/block/loop13
01-15 20:38:55.014     0     0 D apexd   : AVB footer verification successful.
01-15 20:38:55.016     0     0 D apexd   : /system/apex/com.google.android.extservices.apex: public key matches.
01-15 20:38:55.017   162   175 D vold    : Disk at 7:112 changed
01-15 20:38:55.018     0     0 I EXT4-fs (loop13): mounted filesystem without journal. Opts: (null)
01-15 20:38:55.018     0     0 I apexd   : Successfully mounted package /system/apex/com.google.android.extservices.apex on /apex/com.android.extservices@300900700
01-15 20:38:55.019     0     0 D apexd   : Creating bind-mount for /apex/com.android.extservices for /apex/com.android.extservices@300900700
01-15 20:38:55.019     0     0 D apexd   : Creating mountpoint /apex/com.android.extservices
01-15 20:38:55.019     0     0 D apexd   : Bind-mounting /apex/com.android.extservices@300900700 to /apex/com.android.extservices
01-15 20:38:55.019     0     0 D apexd   : Successfully activated /system/apex/com.google.android.extservices.apex package_name: com.android.extservices version: 300900700
01-15 20:38:55.019     0     0 D apexd   : Creating mount point: /apex/com.android.media@300900700
01-15 20:38:55.057   162   175 D vold    : Disk at 7:112 changed
01-15 20:38:55.091     0     0 D apexd   : Loopback device created: /dev/block/loop14
01-15 20:38:55.091     0     0 D apexd   : AVB footer verification successful.
01-15 20:38:55.093     0     0 D apexd   : /system/apex/com.google.android.media.apex: public key matches.
01-15 20:38:55.093   162   175 D vold    : Disk at 7:120 changed
01-15 20:38:55.094     0     0 I EXT4-fs (loop14): mounted filesystem without journal. Opts: (null)
01-15 20:38:55.094     0     0 I apexd   : Successfully mounted package /system/apex/com.google.android.media.apex on /apex/com.android.media@300900700
01-15 20:38:55.095     0     0 D apexd   : Creating bind-mount for /apex/com.android.media for /apex/com.android.media@300900700
01-15 20:38:55.095     0     0 D apexd   : Creating mountpoint /apex/com.android.media
01-15 20:38:55.095     0     0 D apexd   : Bind-mounting /apex/com.android.media@300900700 to /apex/com.android.media
01-15 20:38:55.095     0     0 D apexd   : Successfully activated /system/apex/com.google.android.media.apex package_name: com.android.media version: 300900700
01-15 20:38:55.095     0     0 D apexd   : Creating mount point: /apex/com.android.resolv@300900700
01-15 20:38:55.116   162   175 D vold    : Disk at 7:120 changed
01-15 20:38:55.152     0     0 D apexd   : Loopback device created: /dev/block/loop15
01-15 20:38:55.152     0     0 D apexd   : AVB footer verification successful.
01-15 20:38:55.154     0     0 D apexd   : /system/apex/com.google.android.resolv.apex: public key matches.
01-15 20:38:55.155   162   175 D vold    : Disk at 7:128 changed
01-15 20:38:55.156     0     0 I EXT4-fs (loop15): mounted filesystem without journal. Opts: (null)
01-15 20:38:55.156     0     0 I apexd   : Successfully mounted package /system/apex/com.google.android.resolv.apex on /apex/com.android.resolv@300900700
01-15 20:38:55.157     0     0 D apexd   : Creating bind-mount for /apex/com.android.resolv for /apex/com.android.resolv@300900700
01-15 20:38:55.157     0     0 D apexd   : Creating mountpoint /apex/com.android.resolv
01-15 20:38:55.157     0     0 D apexd   : Bind-mounting /apex/com.android.resolv@300900700 to /apex/com.android.resolv
01-15 20:38:55.157     0     0 D apexd   : Successfully activated /system/apex/com.google.android.resolv.apex package_name: com.android.resolv version: 300900700
01-15 20:38:55.157     0     0 D apexd   : Creating mount point: /apex/com.android.permission@300900706
01-15 20:38:55.203   162   175 D vold    : Disk at 7:128 changed
01-15 20:38:55.231     0     0 D apexd   : Loopback device created: /dev/block/loop16
01-15 20:38:55.232     0     0 D apexd   : AVB footer verification successful.
01-15 20:38:55.235     0     0 D apexd   : /system/apex/com.google.android.permission.apex: public key matches.
01-15 20:38:55.236   162   175 D vold    : Disk at 7:136 changed
01-15 20:38:55.236     0     0 I EXT4-fs (loop16): mounted filesystem without journal. Opts: (null)
01-15 20:38:55.236     0     0 I apexd   : Successfully mounted package /system/apex/com.google.android.permission.apex on /apex/com.android.permission@300900706
01-15 20:38:55.238     0     0 D apexd   : Creating bind-mount for /apex/com.android.permission for /apex/com.android.permission@300900706
01-15 20:38:55.238     0     0 D apexd   : Creating mountpoint /apex/com.android.permission
01-15 20:38:55.238     0     0 D apexd   : Bind-mounting /apex/com.android.permission@300900706 to /apex/com.android.permission
01-15 20:38:55.238     0     0 D apexd   : Successfully activated /system/apex/com.google.android.permission.apex package_name: com.android.permission version: 300900706
01-15 20:38:55.238     0     0 D apexd   : Creating mount point: /apex/com.android.apex.cts.shim@1
01-15 20:38:55.301   162   175 D vold    : Disk at 7:136 changed
01-15 20:38:55.348     0     0 D apexd   : Loopback device created: /dev/block/loop17
01-15 20:38:55.348     0     0 D apexd   : AVB footer verification successful.
01-15 20:38:55.351     0     0 D apexd   : /system/apex/com.android.apex.cts.shim.apex: public key matches.
01-15 20:38:55.352     0     0 I EXT4-fs (loop17): mounted filesystem without journal. Opts: (null)
01-15 20:38:55.352     0     0 I apexd   : Successfully mounted package /system/apex/com.android.apex.cts.shim.apex on /apex/com.android.apex.cts.shim@1
01-15 20:38:55.353     0     0 D apexd   : Validating shim apex /apex/com.android.apex.cts.shim@1
01-15 20:38:55.353   162   175 D vold    : Disk at 7:144 changed
01-15 20:38:55.355     0     0 D apexd   : Creating bind-mount for /apex/com.android.apex.cts.shim for /apex/com.android.apex.cts.shim@1
01-15 20:38:55.355     0     0 D apexd   : Creating mountpoint /apex/com.android.apex.cts.shim
01-15 20:38:55.356     0     0 D apexd   : Bind-mounting /apex/com.android.apex.cts.shim@1 to /apex/com.android.apex.cts.shim
01-15 20:38:55.356     0     0 D apexd   : Successfully activated /system/apex/com.android.apex.cts.shim.apex package_name: com.android.apex.cts.shim version: 1
01-15 20:38:55.356     0     0 D apexd   : Creating mount point: /apex/com.android.tzdata@300900700
01-15 20:38:55.377   162   175 D vold    : Disk at 7:144 changed
01-15 20:38:55.413     0     0 D apexd   : Loopback device created: /dev/block/loop18
01-15 20:38:55.413     0     0 D apexd   : AVB footer verification successful.
01-15 20:38:55.416     0     0 D apexd   : /system/apex/com.google.android.tzdata2.apex: public key matches.
01-15 20:38:55.416   162   175 D vold    : Disk at 7:152 changed
01-15 20:38:55.417     0     0 I EXT4-fs (loop18): mounted filesystem without journal. Opts: (null)
01-15 20:38:55.417     0     0 I apexd   : Successfully mounted package /system/apex/com.google.android.tzdata2.apex on /apex/com.android.tzdata@300900700
01-15 20:38:55.418     0     0 D apexd   : Creating bind-mount for /apex/com.android.tzdata for /apex/com.android.tzdata@300900700
01-15 20:38:55.418     0     0 D apexd   : Bind-mounting /apex/com.android.tzdata@300900700 to /apex/com.android.tzdata
01-15 20:38:55.418     0     0 D apexd   : Successfully activated /system/apex/com.google.android.tzdata2.apex package_name: com.android.tzdata version: 300900700
01-15 20:38:55.418     0     0 D apexd   : Creating mount point: /apex/com.android.art@1
01-15 20:38:55.435   162   175 D vold    : Disk at 7:152 changed
01-15 20:38:55.464     0     0 D apexd   : Loopback device created: /dev/block/loop19
01-15 20:38:55.464     0     0 D apexd   : AVB footer verification successful.
01-15 20:38:55.467     0     0 D apexd   : /system/apex/com.android.art.debug.apex: public key matches.
01-15 20:38:55.467   162   175 D vold    : Disk at 7:160 changed
01-15 20:38:55.468     0     0 I EXT4-fs (loop19): mounted filesystem without journal. Opts: (null)
01-15 20:38:55.468     0     0 I apexd   : Successfully mounted package /system/apex/com.android.art.debug.apex on /apex/com.android.art@1
01-15 20:38:55.469     0     0 D apexd   : Creating bind-mount for /apex/com.android.art for /apex/com.android.art@1
01-15 20:38:55.469     0     0 D apexd   : Bind-mounting /apex/com.android.art@1 to /apex/com.android.art
01-15 20:38:55.469     0     0 D apexd   : Successfully activated /system/apex/com.android.art.debug.apex package_name: com.android.art version: 1
01-15 20:38:55.469     0     0 D apexd   : Creating mount point: /apex/com.android.runtime@1
01-15 20:38:55.509   162   175 D vold    : Disk at 7:160 changed
01-15 20:38:55.557     0     0 D apexd   : Loopback device created: /dev/block/loop20
01-15 20:38:55.557     0     0 D apexd   : AVB footer verification successful.
01-15 20:38:55.560     0     0 D apexd   : /system/apex/com.android.runtime.apex: public key matches.
01-15 20:38:55.560   162   175 D vold    : Disk at 7:168 changed
01-15 20:38:55.562     0     0 I EXT4-fs (loop20): mounted filesystem without journal. Opts: (null)
01-15 20:38:55.562     0     0 I apexd   : Successfully mounted package /system/apex/com.android.runtime.apex on /apex/com.android.runtime@1
01-15 20:38:55.562     0     0 D apexd   : Creating bind-mount for /apex/com.android.runtime for /apex/com.android.runtime@1
01-15 20:38:55.562     0     0 D apexd   : Bind-mounting /apex/com.android.runtime@1 to /apex/com.android.runtime
01-15 20:38:55.562     0     0 D apexd   : Successfully activated /system/apex/com.android.runtime.apex package_name: com.android.runtime version: 1
01-15 20:38:55.562     0     0 D apexd   : Creating mount point: /apex/com.android.ipsec@300900700
01-15 20:38:55.584   162   175 D vold    : Disk at 7:168 changed
01-15 20:38:55.628     0     0 D apexd   : Loopback device created: /dev/block/loop21
01-15 20:38:55.628     0     0 D apexd   : AVB footer verification successful.
01-15 20:38:55.630     0     0 D apexd   : /system/apex/com.google.android.ipsec.apex: public key matches.
01-15 20:38:55.632   162   175 D vold    : Disk at 7:176 changed
01-15 20:38:55.633     0     0 I EXT4-fs (loop21): mounted filesystem without journal. Opts: (null)
01-15 20:38:55.633     0     0 I apexd   : Successfully mounted package /system/apex/com.google.android.ipsec.apex on /apex/com.android.ipsec@300900700
01-15 20:38:55.634     0     0 D apexd   : Creating bind-mount for /apex/com.android.ipsec for /apex/com.android.ipsec@300900700
01-15 20:38:55.634     0     0 D apexd   : Creating mountpoint /apex/com.android.ipsec
01-15 20:38:55.634     0     0 D apexd   : Bind-mounting /apex/com.android.ipsec@300900700 to /apex/com.android.ipsec
01-15 20:38:55.634     0     0 D apexd   : Successfully activated /system/apex/com.google.android.ipsec.apex package_name: com.android.ipsec version: 300900700
01-15 20:38:55.634     0     0 D apexd   : Creating mount point: /apex/com.android.media.swcodec@300900714
01-15 20:38:55.664   162   175 D vold    : Disk at 7:176 changed
01-15 20:38:55.699     0     0 D apexd   : Loopback device created: /dev/block/loop22
01-15 20:38:55.700     0     0 D apexd   : AVB footer verification successful.
01-15 20:38:55.702     0     0 D apexd   : /system/apex/com.google.android.media.swcodec.apex: public key matches.
01-15 20:38:55.703   162   175 D vold    : Disk at 7:184 changed
01-15 20:38:55.703     0     0 I EXT4-fs (loop22): mounted filesystem without journal. Opts: (null)
01-15 20:38:55.703     0     0 I apexd   : Successfully mounted package /system/apex/com.google.android.media.swcodec.apex on /apex/com.android.media.swcodec@300900714
01-15 20:38:55.704     0     0 D apexd   : Creating bind-mount for /apex/com.android.media.swcodec for /apex/com.android.media.swcodec@300900714
01-15 20:38:55.704     0     0 D apexd   : Creating mountpoint /apex/com.android.media.swcodec
01-15 20:38:55.705     0     0 D apexd   : Bind-mounting /apex/com.android.media.swcodec@300900714 to /apex/com.android.media.swcodec
01-15 20:38:55.705     0     0 D apexd   : Successfully activated /system/apex/com.google.android.media.swcodec.apex package_name: com.android.media.swcodec version: 300900714
01-15 20:38:55.705     0     0 D apexd   : Creating mount point: /apex/com.android.sdkext@300900700
01-15 20:38:55.761   162   175 D vold    : Disk at 7:184 changed
01-15 20:38:55.795     0     0 D apexd   : Loopback device created: /dev/block/loop23
01-15 20:38:55.795     0     0 D apexd   : AVB footer verification successful.
01-15 20:38:55.797     0     0 D apexd   : /system/apex/com.google.android.sdkext.apex: public key matches.
01-15 20:38:55.798   162   175 D vold    : Disk at 7:192 changed
01-15 20:38:55.799     0     0 I EXT4-fs (loop23): mounted filesystem without journal. Opts: (null)
01-15 20:38:55.799     0     0 I apexd   : Successfully mounted package /system/apex/com.google.android.sdkext.apex on /apex/com.android.sdkext@300900700
01-15 20:38:55.800     0     0 D apexd   : Creating bind-mount for /apex/com.android.sdkext for /apex/com.android.sdkext@300900700
01-15 20:38:55.800     0     0 D apexd   : Creating mountpoint /apex/com.android.sdkext
01-15 20:38:55.800     0     0 D apexd   : Bind-mounting /apex/com.android.sdkext@300900700 to /apex/com.android.sdkext
01-15 20:38:55.800     0     0 D apexd   : Successfully activated /system/apex/com.google.android.sdkext.apex package_name: com.android.sdkext version: 300900700
01-15 20:38:55.800     0     0 D apexd   : Creating mount point: /apex/com.android.telephony@1
01-15 20:38:55.817   162   175 D vold    : Disk at 7:192 changed
01-15 20:38:55.874     0     0 D apexd   : Loopback device created: /dev/block/loop24
01-15 20:38:55.875     0     0 D apexd   : AVB footer verification successful.
01-15 20:38:55.877     0     0 D apexd   : /system/apex/com.google.android.telephony.apex: public key matches.
01-15 20:38:55.878   162   175 D vold    : Disk at 7:200 changed
01-15 20:38:55.879     0     0 I EXT4-fs (loop24): mounted filesystem without journal. Opts: (null)
01-15 20:38:55.879     0     0 I apexd   : Successfully mounted package /system/apex/com.google.android.telephony.apex on /apex/com.android.telephony@1
01-15 20:38:55.880     0     0 D apexd   : Creating bind-mount for /apex/com.android.telephony for /apex/com.android.telephony@1
01-15 20:38:55.880     0     0 D apexd   : Creating mountpoint /apex/com.android.telephony
01-15 20:38:55.880     0     0 D apexd   : Bind-mounting /apex/com.android.telephony@1 to /apex/com.android.telephony
01-15 20:38:55.880     0     0 D apexd   : Successfully activated /system/apex/com.google.android.telephony.apex package_name: com.android.telephony version: 1
01-15 20:38:55.880     0     0 D apexd   : Creating mount point: /apex/com.android.os.statsd@300900700
01-15 20:38:55.905   162   175 D vold    : Disk at 7:200 changed
01-15 20:38:55.940     0     0 D apexd   : Loopback device created: /dev/block/loop25
01-15 20:38:55.940     0     0 D apexd   : AVB footer verification successful.
01-15 20:38:55.942     0     0 D apexd   : /system/apex/com.google.android.os.statsd.apex: public key matches.
01-15 20:38:55.942   162   175 D vold    : Disk at 7:208 changed
01-15 20:38:55.943     0     0 I EXT4-fs (loop25): mounted filesystem without journal. Opts: (null)
01-15 20:38:55.943     0     0 I apexd   : Successfully mounted package /system/apex/com.google.android.os.statsd.apex on /apex/com.android.os.statsd@300900700
01-15 20:38:55.944     0     0 D apexd   : Creating bind-mount for /apex/com.android.os.statsd for /apex/com.android.os.statsd@300900700
01-15 20:38:55.944     0     0 D apexd   : Bind-mounting /apex/com.android.os.statsd@300900700 to /apex/com.android.os.statsd
01-15 20:38:55.944     0     0 D apexd   : Successfully activated /system/apex/com.google.android.os.statsd.apex package_name: com.android.os.statsd version: 300900700
01-15 20:38:55.944     0     0 D apexd   : Creating mount point: /apex/com.android.mediaprovider@300900719
01-15 20:38:55.965   162   175 D vold    : Disk at 7:208 changed
01-15 20:38:56.008     0     0 D apexd   : Loopback device created: /dev/block/loop26
01-15 20:38:56.008     0     0 D apexd   : AVB footer verification successful.
01-15 20:38:56.008   162   175 D vold    : Disk at 7:216 changed
01-15 20:38:56.009     0     0 D apexd   : /system/apex/com.google.android.mediaprovider.apex: public key matches.
01-15 20:38:56.010     0     0 I EXT4-fs (loop26): mounted filesystem without journal. Opts: (null)
01-15 20:38:56.010     0     0 I apexd   : Successfully mounted package /system/apex/com.google.android.mediaprovider.apex on /apex/com.android.mediaprovider@300900719
01-15 20:38:56.011     0     0 D apexd   : Creating bind-mount for /apex/com.android.mediaprovider for /apex/com.android.mediaprovider@300900719
01-15 20:38:56.011     0     0 D apexd   : Creating mountpoint /apex/com.android.mediaprovider
01-15 20:38:56.011     0     0 D apexd   : Bind-mounting /apex/com.android.mediaprovider@300900719 to /apex/com.android.mediaprovider
01-15 20:38:56.011     0     0 D apexd   : Successfully activated /system/apex/com.google.android.mediaprovider.apex package_name: com.android.mediaprovider version: 300900719
01-15 20:38:56.011     0     0 D apexd   : Creating mount point: /apex/com.android.tethering@300900700
01-15 20:38:56.028   162   175 D vold    : Disk at 7:216 changed
01-15 20:38:56.072     0     0 D apexd   : Loopback device created: /dev/block/loop27
01-15 20:38:56.072     0     0 D apexd   : AVB footer verification successful.
01-15 20:38:56.073     0     0 D apexd   : /system/apex/com.google.android.tethering.apex: public key matches.
01-15 20:38:56.075     0     0 I EXT4-fs (loop27): mounted filesystem without journal. Opts: (null)
01-15 20:38:56.075     0     0 I apexd   : Successfully mounted package /system/apex/com.google.android.tethering.apex on /apex/com.android.tethering@300900700
01-15 20:38:56.077     0     0 D apexd   : Creating bind-mount for /apex/com.android.tethering for /apex/com.android.tethering@300900700
01-15 20:38:56.077     0     0 D apexd   : Creating mountpoint /apex/com.android.tethering
01-15 20:38:56.077     0     0 D apexd   : Bind-mounting /apex/com.android.tethering@300900700 to /apex/com.android.tethering
01-15 20:38:56.077     0     0 D apexd   : Successfully activated /system/apex/com.google.android.tethering.apex package_name: com.android.tethering version: 300900700
01-15 20:38:56.077     0     0 I apexd   : Activated 22 packages. Skipped: 0
01-15 20:38:56.077     0     0 I apexd   : Scanning /system_ext/apex looking for APEX packages.
01-15 20:38:56.077     0     0 I apexd   : ... does not exist. Skipping
01-15 20:38:56.078     0     0 I apexd   : Activated 0 packages. Skipped: 0
01-15 20:38:56.078     0     0 I apexd   : Scanning /product/apex looking for APEX packages.
01-15 20:38:56.078     0     0 I apexd   : ... does not exist. Skipping
01-15 20:38:56.079     0     0 I apexd   : Activated 0 packages. Skipped: 0
01-15 20:38:56.079     0     0 I apexd   : Scanning /vendor/apex looking for APEX packages.
01-15 20:38:56.079     0     0 I apexd   : ... does not exist. Skipping
01-15 20:38:56.080     0     0 I apexd   : Activated 0 packages. Skipped: 0
01-15 20:38:56.080     0     0 I AidlLazyServiceRegistrar: Registering service apexservice
01-15 20:38:56.081     0     0 I apexd   : Marking APEXd as activated
01-15 20:38:56.081     0     0 I init    : Wait for property 'apexd.status=activated' took 1696ms
01-15 20:38:56.086     0     0 I init    : Parsing file /apex/com.android.adbd/etc/init.rc...
01-15 20:38:56.086     0     0 I init    : Parsing file /apex/com.android.media.swcodec/etc/init.rc...
01-15 20:38:56.086     0     0 I init    : Parsing file /apex/com.android.os.statsd/etc/init.rc...
01-15 20:38:56.087     0     0 I init    : Parsing file /apex/com.android.sdkext/etc/derive_sdk.rc...
01-15 20:38:56.092     0     0 I init    : linkerconfig generated /linkerconfig with mounted APEX modules info
01-15 20:38:56.092     0     0 I init    : Not setting encryption policy on: /data/media
01-15 20:38:56.092     0     0 I init    : starting service 'exec 6 (/system/bin/chattr +F /data/media)'...
01-15 20:38:56.093     0     0 I init    : SVC_EXEC service 'exec 6 (/system/bin/chattr +F /data/media)' pid 250 (uid 1023 gid 1023+0 context default) started; waiting...
01-15 20:38:56.102     0     0 I init    : Service 'exec 6 (/system/bin/chattr +F /data/media)' (pid 250) exited with status 0 waiting took 0.009000 seconds
01-15 20:38:56.102     0     0 I init    : Sending signal 9 to service 'exec 6 (/system/bin/chattr +F /data/media)' (pid 250) process group...
01-15 20:38:56.102     0     0 I libprocessgroup: Successfully killed process cgroup uid 1023 pid 250 in 0ms
01-15 20:38:56.103     0     0 I init    : Encryption policy of /data/media/obb set to c3b3e98c45f79c752d43297c8d783b94 v2 modes 1/4 flags 0x2
01-15 20:38:56.103     0     0 I init    : starting service 'derive_sdk'...
01-15 20:38:56.104   251   251 I derive_sdk: Read version 0 from /apex/com.android.sdkext/etc/sdkinfo.binarypb
01-15 20:38:56.104     0     0 I init    : SVC_EXEC service 'derive_sdk' pid 251 (uid 9999 gid 9999+0 context default) started; waiting...
01-15 20:38:56.104   251   251 I derive_sdk: R extension version is 0
01-15 20:38:56.107     0     0 I init    : Service 'derive_sdk' (pid 251) exited with status 0 waiting took 0.003000 seconds
01-15 20:38:56.107     0     0 I init    : Sending signal 9 to service 'derive_sdk' (pid 251) process group...
