01-15 20:38:59.417   484   484 W InputReader: Device virtio_input_multi_touch_5 is associated with display ADISPLAY_ID_NONE.
01-15 20:38:59.417   484   484 W InputReader: Device virtio_input_multi_touch_2 is associated with display ADISPLAY_ID_NONE.
01-15 20:38:59.417   484   484 W InputReader: Device virtio_input_multi_touch_10 is associated with display ADISPLAY_ID_NONE.
01-15 20:38:59.417   484   484 W InputReader: Device virtio_input_multi_touch_3 is associated with display ADISPLAY_ID_NONE.
01-15 20:38:59.417   484   484 W InputReader: Device virtio_input_multi_touch_11 is associated with display ADISPLAY_ID_NONE.
01-15 20:38:59.417   484   484 W InputReader: Device virtio_input_multi_touch_7 is associated with display ADISPLAY_ID_NONE.
01-15 20:38:59.417   484   484 W InputReader: Device virtio_input_multi_touch_6 is associated with display ADISPLAY_ID_NONE.
01-15 20:38:59.417   484   484 W InputReader: Device virtio_input_multi_touch_4 is associated with display ADISPLAY_ID_NONE.
01-15 20:38:59.424   484   484 I ActivityTaskManager: Config changes=20005df8 {1.0 ?mcc?mnc [en_US] ldltr sw411dp w411dp h659dp 420dpi nrml port ?uimode ?night -touch qwerty/v/v dpad/v winConfig={ mBounds=Rect(0, 0 - 1080, 1920) mAppBounds=Rect(0, 0 - 1080, 1794) mWindowingMode=fullscreen mDisplayWindowingMode=fullscreen mActivityType=undefined mAlwaysOnTop=undefined mRotation=ROTATION_0} s.2}
01-15 20:38:59.426   484   484 I WindowManager: Override config changes=60007dfc {1.0 ?mcc?mnc [en_US] ldltr sw411dp w411dp h659dp 420dpi nrml port ?uimode ?night -touch qwerty/v/v dpad/v winConfig={ mBounds=Rect(0, 0 - 1080, 1920) mAppBounds=Rect(0, 0 - 1080, 1794) mWindowingMode=fullscreen mDisplayWindowingMode=fullscreen mActivityType=undefined mAlwaysOnTop=undefined mRotation=ROTATION_0} s.2} for displayId=0
01-15 20:38:59.427   484   484 W InputReader: Device virtio_input_multi_touch_8 is associated with display ADISPLAY_ID_NONE.
01-15 20:38:59.427   484   484 W InputReader: Device virtio_input_multi_touch_9 is associated with display ADISPLAY_ID_NONE.
01-15 20:38:59.427   484   484 W InputReader: Device virtio_input_multi_touch_1 is associated with display ADISPLAY_ID_NONE.
01-15 20:38:59.427   484   484 W InputReader: Device virtio_input_multi_touch_5 is associated with display ADISPLAY_ID_NONE.
01-15 20:38:59.427   484   484 W InputReader: Device virtio_input_multi_touch_2 is associated with display ADISPLAY_ID_NONE.
01-15 20:38:59.427   484   484 W InputReader: Device virtio_input_multi_touch_10 is associated with display ADISPLAY_ID_NONE.
01-15 20:38:59.427   484   484 W InputReader: Device virtio_input_multi_touch_3 is associated with display ADISPLAY_ID_NONE.
01-15 20:38:59.427   484   484 W InputReader: Device virtio_input_multi_touch_11 is associated with display ADISPLAY_ID_NONE.
01-15 20:38:59.427   484   484 W InputReader: Device virtio_input_multi_touch_7 is associated with display ADISPLAY_ID_NONE.
01-15 20:38:59.427   484   484 W InputReader: Device virtio_input_multi_touch_6 is associated with display ADISPLAY_ID_NONE.
01-15 20:38:59.427   484   484 W InputReader: Device virtio_input_multi_touch_4 is associated with display ADISPLAY_ID_NONE.
01-15 20:38:59.427   484   484 I ActivityTaskManager: Config changes=8 {1.0 ?mcc?mnc [en_US] ldltr sw411dp w411dp h659dp 420dpi nrml port ?uimode ?night finger qwerty/v/v dpad/v winConfig={ mBounds=Rect(0, 0 - 1080, 1920) mAppBounds=Rect(0, 0 - 1080, 1794) mWindowingMode=fullscreen mDisplayWindowingMode=fullscreen mActivityType=undefined mAlwaysOnTop=undefined mRotation=ROTATION_0} s.4}
01-15 20:38:59.427   484   484 I WindowManager: Override config changes=8 {1.0 ?mcc?mnc [en_US] ldltr sw411dp w411dp h659dp 420dpi nrml port ?uimode ?night finger qwerty/v/v dpad/v winConfig={ mBounds=Rect(0, 0 - 1080, 1920) mAppBounds=Rect(0, 0 - 1080, 1794) mWindowingMode=fullscreen mDisplayWindowingMode=fullscreen mActivityType=undefined mAlwaysOnTop=undefined mRotation=ROTATION_0} s.4} for displayId=0
01-15 20:38:59.428   484   484 D SystemServerTiming: MakeDisplayReady took to complete: 13ms
01-15 20:38:59.428   484   484 I SystemServerTiming: StartStorageManagerService
01-15 20:38:59.428   484   484 I SystemServiceManager: Starting com.android.server.StorageManagerService$Lifecycle
01-15 20:38:59.428   484   508 I InputManager-JNI: Viewport [0] to add: local:8141241408256768, isActive: true
01-15 20:38:59.428   484   558 I InputReader: Reconfiguring input devices, changes=DISPLAY_INFO | 
01-15 20:38:59.428   484   558 I InputReader: Touch device 'virtio_input_multi_touch_8' could not query the properties of its associated display.  The device will be inoperable until the display size becomes available.
01-15 20:38:59.428   484   558 I InputReader: Touch device 'virtio_input_multi_touch_9' could not query the properties of its associated display.  The device will be inoperable until the display size becomes available.
01-15 20:38:59.428   484   558 I InputReader: Device reconfigured: id=9, name='virtio_input_multi_touch_1', size 1080x1920, orientation 0, mode 1, display id 0
01-15 20:38:59.428   484   558 I InputReader: Touch device 'virtio_input_multi_touch_5' could not query the properties of its associated display.  The device will be inoperable until the display size becomes available.
01-15 20:38:59.428   484   558 I InputReader: Touch device 'virtio_input_multi_touch_2' could not query the properties of its associated display.  The device will be inoperable until the display size becomes available.
01-15 20:38:59.428   484   558 I InputReader: Touch device 'virtio_input_multi_touch_10' could not query the properties of its associated display.  The device will be inoperable until the display size becomes available.
01-15 20:38:59.428   484   558 I InputReader: Touch device 'virtio_input_multi_touch_3' could not query the properties of its associated display.  The device will be inoperable until the display size becomes available.
01-15 20:38:59.429   484   558 I InputReader: Touch device 'virtio_input_multi_touch_11' could not query the properties of its associated display.  The device will be inoperable until the display size becomes available.
01-15 20:38:59.429   484   558 I InputReader: Touch device 'virtio_input_multi_touch_7' could not query the properties of its associated display.  The device will be inoperable until the display size becomes available.
01-15 20:38:59.429   484   558 I InputReader: Touch device 'virtio_input_multi_touch_6' could not query the properties of its associated display.  The device will be inoperable until the display size becomes available.
01-15 20:38:59.429   484   558 I InputReader: Touch device 'virtio_input_multi_touch_4' could not query the properties of its associated display.  The device will be inoperable until the display size becomes available.
01-15 20:38:59.430   365   538 D installd: Found quota mount /dev/block/dm-4 at /data
01-15 20:38:59.430   365   538 D installd: Found quota mount /dev/block/dm-4 at /data/user/0
01-15 20:38:59.431   484   567 D StorageManagerService: Thinking about init, mBootCompleted=false, mDaemonConnected=true
01-15 20:38:59.431   484   567 D StorageManagerService: Thinking about reset, mBootCompleted=false, mDaemonConnected=true
01-15 20:38:59.431   484   567 D StorageManagerService: Thinking about init, mBootCompleted=false, mDaemonConnected=true
01-15 20:38:59.431   484   567 D StorageManagerService: Thinking about reset, mBootCompleted=false, mDaemonConnected=true
01-15 20:38:59.431   484   484 D SystemServerTiming: StartStorageManagerService took to complete: 3ms
01-15 20:38:59.431   484   484 I SystemServerTiming: StartStorageStatsService
01-15 20:38:59.431   484   484 I SystemServiceManager: Starting com.android.server.usage.StorageStatsService$Lifecycle
01-15 20:38:59.400     0     0 I init    : Control message: Processed ctl.interface_start for 'android.hardware.input.classifier@1.0::IInputClassifier/default' from pid: 159 (/system/bin/hwservicemanager)
01-15 20:38:59.431     0     0 I init    : processing action (sys.sysctl.extra_free_kbytes=*) from (/system/etc/init/hw/init.rc:1002)
01-15 20:38:59.431   365   538 D installd: Found quota mount /dev/block/dm-4 at /data
01-15 20:38:59.431   365   538 D installd: Found quota mount /dev/block/dm-4 at /data/user/0
01-15 20:38:59.432   365   538 D installd: Found quota mount /dev/block/dm-4 at /data
01-15 20:38:59.432   365   538 D installd: Found quota mount /dev/block/dm-4 at /data/user/0
01-15 20:38:59.433   484   484 D SystemServerTiming: StartStorageStatsService took to complete: 2ms
01-15 20:38:59.433   484   484 I SystemServerTiming: StartUiModeManager
01-15 20:38:59.433   484   484 I SystemServiceManager: Starting com.android.server.UiModeManagerService
01-15 20:38:59.433   484   536 I SystemServerTimingAsync: InitThreadPoolExec:UiModeManager.onStart
01-15 20:38:59.433   484   536 D SystemServerInitThreadPool: Started executing UiModeManager.onStart
01-15 20:38:59.434   484   484 D SystemServerTiming: StartUiModeManager took to complete: 1ms
01-15 20:38:59.434   484   484 I SystemServerTiming: UpdatePackagesIfNeeded
01-15 20:38:59.434   484   484 I Watchdog: Pausing HandlerChecker: main thread for reason: dexopt. Pause count: 1
01-15 20:38:59.434   484   484 I Watchdog: Resuming HandlerChecker: main thread for reason: dexopt. Pause count: 0
01-15 20:38:59.434   484   484 D SystemServerTiming: UpdatePackagesIfNeeded took to complete: 0ms
01-15 20:38:59.434   484   484 I SystemServerTiming: PerformFstrimIfNeeded
01-15 20:38:59.434   484   484 D SystemServerTiming: PerformFstrimIfNeeded took to complete: 0ms
01-15 20:38:59.434   484   484 I SystemServerTiming: StartLockSettingsService
01-15 20:38:59.434   484   484 I SystemServiceManager: Starting com.android.server.locksettings.LockSettingsService$Lifecycle
01-15 20:38:59.435   484   536 D SystemServerInitThreadPool: Finished executing UiModeManager.onStart
01-15 20:38:59.435   484   536 D SystemServerTimingAsync: InitThreadPoolExec:UiModeManager.onStart took to complete: 2ms
01-15 20:38:59.445   484   484 D SystemServerTiming: StartLockSettingsService took to complete: 11ms
01-15 20:38:59.445   484   484 I SystemServerTiming: StartTestHarnessMode
01-15 20:38:59.445   484   484 I SystemServiceManager: Starting com.android.server.testharness.TestHarnessModeService
01-15 20:38:59.445   484   484 D SystemServerTiming: StartTestHarnessMode took to complete: 0ms
01-15 20:38:59.445   159   159 I hwservicemanager: getTransport: Cannot find entry android.hardware.oemlock@1.0::IOemLock/default in either framework or device manifest.
01-15 20:38:59.445   484   484 I OemLock : OemLock HAL not present on device
01-15 20:38:59.445   484   484 I SystemServerTiming: StartDeviceIdleController
01-15 20:38:59.445   484   484 I SystemServiceManager: Starting com.android.server.DeviceIdleController
01-15 20:38:59.446   484   484 D SystemServerTiming: StartDeviceIdleController took to complete: 1ms
01-15 20:38:59.446   484   484 I SystemServerTiming: StartDevicePolicyManager
01-15 20:38:59.446   484   484 I SystemServiceManager: Starting com.android.server.devicepolicy.DevicePolicyManagerService$Lifecycle
01-15 20:38:59.458   484   484 I DevicePolicyManager: Set ro.organization_owned property to false
01-15 20:38:59.459   484   484 D SystemServerTiming: StartDevicePolicyManager took to complete: 12ms
01-15 20:38:59.459   484   484 I SystemServerTiming: StartStatusBarManagerService
01-15 20:38:59.459   484   484 D SystemServerTiming: StartStatusBarManagerService took to complete: 0ms
01-15 20:38:59.459   484   484 I SystemServerTiming: StartContentCaptureService
01-15 20:38:59.460   484   484 I SystemServiceManager: Starting com.android.server.contentcapture.ContentCaptureManagerService
01-15 20:38:59.460   484   484 I ContentCaptureHelper: Setting logging level to DEBUG
01-15 20:38:59.460   484   484 D ContentCaptureManagerService: log history size: 20
01-15 20:38:59.460   484   484 D SystemServerTiming: StartContentCaptureService took to complete: 1ms
01-15 20:38:59.460   484   484 D SystemServer: AttentionService is not configured on this device
01-15 20:38:59.460   484   484 I SystemServerTiming: StartSystemCaptionsManagerService
01-15 20:38:59.460   484   484 I SystemServiceManager: Starting com.android.server.systemcaptions.SystemCaptionsManagerService
01-15 20:38:59.460   484   484 D SystemServerTiming: StartSystemCaptionsManagerService took to complete: 1ms
01-15 20:38:59.460   484   484 I SystemServerTiming: StartAppPredictionService
01-15 20:38:59.460   484   484 I SystemServiceManager: Starting com.android.server.appprediction.AppPredictionManagerService
01-15 20:38:59.461   484   484 D SystemServerTiming: StartAppPredictionService took to complete: 0ms
01-15 20:38:59.461   484   484 I SystemServerTiming: StartContentSuggestionsService
01-15 20:38:59.461   484   484 I SystemServiceManager: Starting com.android.server.contentsuggestions.ContentSuggestionsManagerService
01-15 20:38:59.461   484   484 D SystemServerTiming: StartContentSuggestionsService took to complete: 0ms
01-15 20:38:59.461   484   484 I SystemServerTiming: InitConnectivityModuleConnector
01-15 20:38:59.461   484   484 D ConnectivityModuleConnector: Network stack init
01-15 20:38:59.461   484   484 D SystemServerTiming: InitConnectivityModuleConnector took to complete: 1ms
01-15 20:38:59.461   484   484 I SystemServerTiming: InitNetworkStackClient
01-15 20:38:59.462   484   484 D SystemServerTiming: InitNetworkStackClient took to complete: 0ms
01-15 20:38:59.462   484   484 I SystemServerTiming: StartNetworkManagementService
01-15 20:38:59.467   484   484 D SystemServerTiming: StartNetworkManagementService took to complete: 5ms
01-15 20:38:59.467   484   484 I SystemServerTiming: StartIpSecService
01-15 20:38:59.467   484   484 D SystemServerTiming: StartIpSecService took to complete: 0ms
01-15 20:38:59.467   484   484 I SystemServerTiming: StartTextServicesManager
01-15 20:38:59.467   484   484 I SystemServiceManager: Starting com.android.server.textservices.TextServicesManagerService$Lifecycle
01-15 20:38:59.467   484   484 D SystemServerTiming: StartTextServicesManager took to complete: 1ms
01-15 20:38:59.467   484   484 I SystemServerTiming: StartTextClassificationManagerService
01-15 20:38:59.467   484   484 I SystemServiceManager: Starting com.android.server.textclassifier.TextClassificationManagerService$Lifecycle
01-15 20:38:59.468   484   484 D SystemServerTiming: StartTextClassificationManagerService took to complete: 0ms
01-15 20:38:59.468   484   484 I SystemServerTiming: StartNetworkScoreService
01-15 20:38:59.468   484   484 I SystemServiceManager: Starting com.android.server.NetworkScoreService$Lifecycle
01-15 20:38:59.468   484   484 I NetworkScoreService: Registering network_score
01-15 20:38:59.468   484   484 D SystemServerTiming: StartNetworkScoreService took to complete: 0ms
01-15 20:38:59.468   484   484 I SystemServerTiming: StartNetworkStatsService
01-15 20:38:59.468   484   484 D SystemServerTiming: StartNetworkStatsService took to complete: 1ms
01-15 20:38:59.468   484   484 I SystemServerTiming: StartNetworkPolicyManagerService
01-15 20:38:59.470   484   484 D SystemServerTiming: StartNetworkPolicyManagerService took to complete: 1ms
01-15 20:38:59.470   484   484 I SystemServerTiming: StartWifi
01-15 20:38:59.471   484   484 I SystemServiceManager: Starting com.android.server.wifi.WifiService
01-15 20:38:59.475   484   484 V NetworkScoreManager: registerNetworkScoreCallback: callback=com.android.server.wifi.WifiNetworkScoreCache@d6580a4, executor=com.android.wifi.x.android.os.HandlerExecutor@441ee0d
01-15 20:38:59.479   267   267 I ServiceManager: Waiting for service 'statscompanion' on '/dev/binder'...
01-15 20:38:59.498   484   484 D WifiCountryCode: mDefaultCountryCode null
01-15 20:38:59.501   484   484 I WifiContext: Found Wifi Resources APK at: com.google.android.wifi.resources
01-15 20:38:59.519   484   484 D WifiOpenNetworkNotifier: Settings toggle enabled=true
01-15 20:38:59.523   484   484 W HalDevMgr: isWifiStarted called but mWifi is null!?
01-15 20:38:59.523   484   484 W HalDevMgr: isWifiStarted called but mWifi is null!?
01-15 20:38:59.524   484   484 D WakeupController: WifiWake enabled
01-15 20:38:59.524   484   484 E HistoricalRegistry: Interaction before persistence initialized
01-15 20:38:59.525   484   484 E WifiClientModeImpl: getWifiLinkLayerStats called without an interface
01-15 20:38:59.528   484   484 I WifiService: Registering wifi
01-15 20:38:59.528   484   484 D SystemServerTiming: StartWifi took to complete: 58ms
01-15 20:38:59.528   484   484 I SystemServerTiming: StartWifiScanning
01-15 20:38:59.528   484   484 I SystemServiceManager: Starting com.android.server.wifi.scanner.WifiScanningService
01-15 20:38:59.528   484   484 I WifiScanningService: Creating wifiscanner
01-15 20:38:59.529   484   484 I WifiScanningService: Publishing wifiscanner
01-15 20:38:59.529   484   484 D SystemServerTiming: StartWifiScanning took to complete: 1ms
01-15 20:38:59.529   484   484 I SystemServerTiming: StartWifiP2P
01-15 20:38:59.529   484   484 I SystemServiceManager: Starting com.android.server.wifi.p2p.WifiP2pService
01-15 20:38:59.532   484   484 W HalDevMgr: isWifiStarted called but mWifi is null!?
01-15 20:38:59.532   484   484 I WifiP2pService: Registering wifip2p
01-15 20:38:59.532   484   484 D SystemServerTiming: StartWifiP2P took to complete: 3ms
01-15 20:38:59.532   484   484 I SystemServerTiming: StartConnectivityService
01-15 20:38:59.541   484   484 D ConnectivityService: ConnectivityService starting up
01-15 20:38:59.542   484   484 D ConnectivityService: wifiOnly=false
01-15 20:38:59.543   484   484 D CompatibilityChangeReporter: Compat change id reported: 147600208; UID 1000; state: ENABLED
01-15 20:38:59.545   484   484 D SystemServerTiming: StartConnectivityService took to complete: 13ms
01-15 20:38:59.545   484   484 I SystemServerTiming: StartNsdService
01-15 20:38:59.545   484   484 D NsdService: Network service discovery is enabled
01-15 20:38:59.545   484   484 D SystemServerTiming: StartNsdService took to complete: 0ms
01-15 20:38:59.545   484   484 I SystemServerTiming: StartSystemUpdateManagerService
01-15 20:38:59.545   484   484 I SystemUpdateManagerService: No existing info file /data/system/system-update-info.xml
01-15 20:38:59.545   484   484 D SystemServerTiming: StartSystemUpdateManagerService took to complete: 1ms
01-15 20:38:59.545   484   484 I SystemServerTiming: StartUpdateLockService
01-15 20:38:59.546   484   484 D SystemServerTiming: StartUpdateLockService took to complete: 0ms
01-15 20:38:59.546   484   484 I SystemServerTiming: StartNotificationManager
01-15 20:38:59.546   484   484 I SystemServiceManager: Starting com.android.server.notification.NotificationManagerService
01-15 20:38:59.554   484   484 D ConditionProviders.SCP: new ScheduleConditionProvider()
01-15 20:38:59.556   484   484 I NotificationListeners: Read notification listener permissions from xml
01-15 20:38:59.557   484   484 I NotificationAssistants: Read notification assistant permissions from xml
01-15 20:38:59.557   484   484 I ConditionProviders: Read condition provider permissions from xml
01-15 20:38:59.557   484   484 I ConditionProviders: Read condition provider permissions from xml
01-15 20:38:59.557   484   484 D NotificationAssistants: Approving default notification assistant for user 0
01-15 20:38:59.557   484   484 I ConditionProviders:  Allowing condition provider com.google.android.ext.services/android.ext.services.notification.Assistant
01-15 20:38:59.557   484   484 V ConditionProviders: enabling condition provider for 0: ComponentInfo{com.google.android.apps.wellbeing/com.google.android.apps.wellbeing.dnd.impl.DndConditionProviderService}
01-15 20:38:59.557   484   484 V ConditionProviders: binding: Intent { act=android.service.notification.ConditionProviderService cmp=com.google.android.apps.wellbeing/.dnd.impl.DndConditionProviderService (has extras) }
01-15 20:38:59.560   484   484 D SystemServerTiming: StartNotificationManager took to complete: 14ms
01-15 20:38:59.560   484   484 I SystemServerTiming: StartDeviceMonitor
01-15 20:38:59.560   484   484 I SystemServiceManager: Starting com.android.server.storage.DeviceStorageMonitorService
01-15 20:38:59.561   484   484 D SystemServerTiming: StartDeviceMonitor took to complete: 1ms
01-15 20:38:59.561   484   484 I SystemServerTiming: StartLocationManagerService
01-15 20:38:59.561   484   484 I SystemServiceManager: Starting com.android.server.location.LocationManagerService$Lifecycle
01-15 20:38:59.562   484   484 D SystemServerTiming: StartLocationManagerService took to complete: 2ms
01-15 20:38:59.563   484   484 I SystemServerTiming: StartCountryDetectorService
01-15 20:38:59.563   484   484 D SystemServerTiming: StartCountryDetectorService took to complete: 0ms
01-15 20:38:59.563   484   484 I SystemServerTiming: StartTimeDetectorService
01-15 20:38:59.563   484   484 I SystemServiceManager: Starting com.android.server.timedetector.TimeDetectorService$Lifecycle
01-15 20:38:59.563   484   484 D SystemServerTiming: StartTimeDetectorService took to complete: 0ms
01-15 20:38:59.563   484   484 I SystemServerTiming: StartTimeZoneDetectorService
01-15 20:38:59.563   484   484 I SystemServiceManager: Starting com.android.server.timezonedetector.TimeZoneDetectorService$Lifecycle
01-15 20:38:59.563   484   484 D SystemServerTiming: StartTimeZoneDetectorService took to complete: 0ms
01-15 20:38:59.563   484   484 I SystemServerTiming: StartSearchManagerService
01-15 20:38:59.563   484   484 I SystemServiceManager: Starting com.android.server.search.SearchManagerService$Lifecycle
01-15 20:38:59.563   484   484 D SystemServerTiming: StartSearchManagerService took to complete: 1ms
01-15 20:38:59.563   484   484 I SystemServerTiming: StartWallpaperManagerService
01-15 20:38:59.563   484   484 I SystemServiceManager: Starting com.android.server.wallpaper.WallpaperManagerService$Lifecycle
01-15 20:38:59.564   484   484 D SystemServerTiming: StartWallpaperManagerService took to complete: 0ms
01-15 20:38:59.564   484   484 I SystemServerTiming: StartAudioService
01-15 20:38:59.564   484   484 I SystemServiceManager: Starting com.android.server.audio.AudioService$Lifecycle
01-15 20:38:59.569   305   305 I android.hardware.vibrator-service.example: Vibrator reporting capabilities
01-15 20:38:59.576   484   484 I android_os_HwBinder: HwBinder: Starting thread pool for getting: android.hidl.manager@1.0::IServiceManager/default
01-15 20:38:59.578   484   484 W TelecomManager: Telecom Service not found.
01-15 20:38:59.579   359   359 D PermissionCache: checking android.permission.MODIFY_AUDIO_SETTINGS for uid=1000 => granted (273 us)
01-15 20:38:59.580   267   267 I ServiceManager: Waiting for service 'statscompanion' on '/dev/binder'...
01-15 20:38:59.580   359   359 D PermissionCache: checking android.permission.MODIFY_AUDIO_ROUTING for uid=1000 => granted (21 us)
01-15 20:38:59.580   359   435 D PermissionCache: checking android.permission.MODIFY_AUDIO_ROUTING for uid=1000 => granted (269 us)
01-15 20:38:59.580   359   359 W APM::AudioPolicyEngine: getDevicesForStrategy() unknown strategy: -1
01-15 20:38:59.580   359   359 W APM::AudioPolicyEngine: getDevicesForStrategy() unknown strategy: -1
01-15 20:38:59.596   359   435 D AudioFlinger: isLowRamDevice:false totalMemory:2080100352 mClientSharedHeapSize:4194304
01-15 20:38:59.596   484   484 D SystemServerTiming: StartAudioService took to complete: 32ms
01-15 20:38:59.596   484   484 I SystemServerTiming: StartSoundTriggerMiddlewareService
01-15 20:38:59.596   484   484 I SystemServiceManager: Starting com.android.server.soundtrigger_middleware.SoundTriggerMiddlewareService$Lifecycle
01-15 20:38:59.597   484   484 D SoundTriggerMiddlewareService: Connecting to default ISoundTriggerHw
01-15 20:38:59.597   484   484 I android_os_HwBinder: HwBinder: Starting thread pool for getting: android.hardware.soundtrigger@2.0::ISoundTriggerHw/default
01-15 20:38:59.599   484   484 D SystemServerTiming: StartSoundTriggerMiddlewareService took to complete: 3ms
01-15 20:38:59.599   484   484 I SystemServerTiming: StartDockObserver
01-15 20:38:59.599   484   484 I SystemServiceManager: Starting com.android.server.DockObserver
01-15 20:38:59.599   359   435 I CaptureStateNotifier: Registering a listener
01-15 20:38:59.599   484   591 I SoundTriggerMiddlewareLogging: setCaptureState[this=com.android.server.soundtrigger_middleware.SoundTriggerMiddlewareImpl@3341574, caller=1000/484](false)
01-15 20:38:59.599   484   484 W DockObserver: This kernel does not have dock station support
01-15 20:38:59.599   484   484 D SystemServerTiming: StartDockObserver took to complete: 1ms
01-15 20:38:59.599   484   484 I SystemServerTiming: StartWiredAccessoryManager
01-15 20:38:59.600   484   484 W WiredAccessoryManager: This kernel does not have usb audio support
01-15 20:38:59.600   484   484 W WiredAccessoryManager: This kernel does not have HDMI audio support
01-15 20:38:59.600   484   484 D SystemServerTiming: StartWiredAccessoryManager took to complete: 0ms
01-15 20:38:59.600   484   484 I SystemServerTiming: StartMidiManager
01-15 20:38:59.600   484   484 I SystemServiceManager: Starting com.android.server.midi.MidiService$Lifecycle
01-15 20:38:59.600   484   484 D SystemServerTiming: StartMidiManager took to complete: 0ms
01-15 20:38:59.600   484   484 I SystemServerTiming: StartAdbService
01-15 20:38:59.600   484   484 I SystemServiceManager: Starting com.android.server.adb.AdbService$Lifecycle
01-15 20:38:59.601   484   484 D SystemServerTiming: StartAdbService took to complete: 1ms
01-15 20:38:59.601   484   484 I SystemServerTiming: StartUsbService
01-15 20:38:59.601   484   484 I SystemServiceManager: Starting com.android.server.usb.UsbService$Lifecycle
01-15 20:38:59.601   484   484 D SystemServerTiming: StartUsbService took to complete: 0ms
01-15 20:38:59.601   484   484 I SystemServerTiming: StartSerialService
01-15 20:38:59.601   484   512 I SystemServerTimingAsync: InitThreadPoolExec:UsbService$Lifecycle#onStart
01-15 20:38:59.601   484   512 D SystemServerInitThreadPool: Started executing UsbService$Lifecycle#onStart
01-15 20:38:59.601   484   484 D SystemServerTiming: StartSerialService took to complete: 0ms
01-15 20:38:59.601   484   484 I SystemServerTiming: StartHardwarePropertiesManagerService
01-15 20:38:59.601   484   484 D HardwarePropertiesManagerService-JNI: Link to death notification successful
01-15 20:38:59.602   484   484 D SystemServerTiming: StartHardwarePropertiesManagerService took to complete: 1ms
01-15 20:38:59.602   484   484 I SystemServerTiming: StartTwilightService
01-15 20:38:59.602   484   484 I SystemServiceManager: Starting com.android.server.twilight.TwilightService
01-15 20:38:59.602   484   484 D SystemServerTiming: StartTwilightService took to complete: 0ms
01-15 20:38:59.602   484   484 I SystemServerTiming: StartColorDisplay
01-15 20:38:59.602   484   484 I SystemServiceManager: Starting com.android.server.display.color.ColorDisplayService
01-15 20:38:59.602   484   512 E UsbDeviceManager: failed to write to /sys/class/android_usb/android0/f_rndis/ethaddr
01-15 20:38:59.602   159   159 I hwservicemanager: getTransport: Cannot find entry android.hardware.usb.gadget@1.0::IUsbGadget/default in either framework or device manifest.
01-15 20:38:59.602   484   484 D SystemServerTiming: StartColorDisplay took to complete: 1ms
01-15 20:38:59.602   484   484 I SystemServerTiming: StartJobScheduler
01-15 20:38:59.603   484   484 I SystemServiceManager: Starting com.android.server.job.JobSchedulerService
01-15 20:38:59.604   484   512 I UsbDeviceManager: USB GADGET HAL not present in the device
01-15 20:38:59.604   484   512 I UsbDeviceManager: java.util.NoSuchElementException
01-15 20:38:59.604   484   512 I UsbDeviceManager: 	at android.os.HwBinder.getService(Native Method)
01-15 20:38:59.604   484   512 I UsbDeviceManager: 	at android.hardware.usb.gadget.V1_0.IUsbGadget.getService(IUsbGadget.java:55)
01-15 20:38:59.604   484   512 I UsbDeviceManager: 	at android.hardware.usb.gadget.V1_0.IUsbGadget.getService(IUsbGadget.java:62)
01-15 20:38:59.604   484   512 I UsbDeviceManager: 	at com.android.server.usb.UsbDeviceManager.<init>(UsbDeviceManager.java:265)
01-15 20:38:59.604   484   512 I UsbDeviceManager: 	at com.android.server.usb.UsbService.<init>(UsbService.java:178)
01-15 20:38:59.604   484   512 I UsbDeviceManager: 	at com.android.server.usb.UsbService$Lifecycle.lambda$onStart$0$UsbService$Lifecycle(UsbService.java:92)
01-15 20:38:59.604   484   512 I UsbDeviceManager: 	at com.android.server.usb.-$$Lambda$UsbService$Lifecycle$KjOG0MXO3C0J-L5Ymrj6FnSwXwQ.run(Unknown Source:2)
01-15 20:38:59.604   484   512 I UsbDeviceManager: 	at com.android.server.SystemServerInitThreadPool.lambda$submitTask$0$SystemServerInitThreadPool(SystemServerInitThreadPool.java:103)
01-15 20:38:59.604   484   512 I UsbDeviceManager: 	at com.android.server.-$$Lambda$SystemServerInitThreadPool$o2_GLo0lnkotYmRdTfg66UETEwQ.run(Unknown Source:6)
01-15 20:38:59.604   484   512 I UsbDeviceManager: 	at java.util.concurrent.Executors$RunnableAdapter.call(Executors.java:462)
01-15 20:38:59.604   484   512 I UsbDeviceManager: 	at java.util.concurrent.FutureTask.run(FutureTask.java:266)
01-15 20:38:59.604   484   512 I UsbDeviceManager: 	at java.util.concurrent.ThreadPoolExecutor.runWorker(ThreadPoolExecutor.java:1167)
01-15 20:38:59.604   484   512 I UsbDeviceManager: 	at java.util.concurrent.ThreadPoolExecutor$Worker.run(ThreadPoolExecutor.java:641)
01-15 20:38:59.604   484   512 I UsbDeviceManager: 	at com.android.internal.util.ConcurrentUtils$1$1.run(ConcurrentUtils.java:65)
01-15 20:38:59.604   484   512 E UsbDeviceManagerJNI: could not open control for mtp No such file or directory
01-15 20:38:59.604   484   512 E UsbDeviceManager: Failed to open control for mtp
01-15 20:38:59.604   484   512 E UsbDeviceManagerJNI: could not open control for ptp No such file or directory
01-15 20:38:59.604   484   512 E UsbDeviceManager: Failed to open control for ptp
01-15 20:38:59.607   484   512 W StorageManagerService: No primary storage defined yet; hacking together a stub
01-15 20:38:59.607   484   512 E UsbDeviceManagerJNI: could not open /dev/usb_accessory
01-15 20:38:59.607   484   484 D JobStore: Start tag: job-info
01-15 20:38:59.607   484   512 I android_os_HwBinder: HwBinder: Starting thread pool for getting: android.hidl.manager@1.0::IServiceManager/default
01-15 20:38:59.608   484   565 I UsbPortManager: Usb hal service started android.hardware.usb@1.0::IUsb default
01-15 20:38:59.608   484   512 I android_os_HwBinder: HwBinder: Starting thread pool for getting: android.hardware.usb@1.0::IUsb/default
01-15 20:38:59.609   299   299 I android.hardware.usb@1.0-service: registering callback
01-15 20:38:59.609   299   299 E android.hardware.usb@1.0-service: Failed to open /sys/class/dual_role_usb
01-15 20:38:59.609   484   512 D SystemServerInitThreadPool: Finished executing UsbService$Lifecycle#onStart
01-15 20:38:59.609   484   512 D SystemServerTimingAsync: InitThreadPoolExec:UsbService$Lifecycle#onStart took to complete: 8ms
01-15 20:38:59.609   299   594 E android.hardware.usb@1.0-service: creating thread
01-15 20:38:59.609   484   484 I JobStore: Read 61 jobs
01-15 20:38:59.610   484   484 I TetheringManager: registerTetheringEventCallback:android
01-15 20:38:59.611   484   578 D ConnectivityService: NetReassign [no changes]
01-15 20:38:59.611   484   484 E HistoricalRegistry: Interaction before persistence initialized
01-15 20:38:59.611   484   484 D SystemServerTiming: StartJobScheduler took to complete: 9ms
01-15 20:38:59.611   484   484 I SystemServerTiming: StartSoundTrigger
01-15 20:38:59.611   484   484 I SystemServiceManager: Starting com.android.server.soundtrigger.SoundTriggerService
01-15 20:38:59.612   484   484 D SystemServerTiming: StartSoundTrigger took to complete: 0ms
01-15 20:38:59.612   484   484 I SystemServerTiming: StartTrustManager
01-15 20:38:59.612   484   484 I SystemServiceManager: Starting com.android.server.trust.TrustManagerService
01-15 20:38:59.612   484   484 D SystemServerTiming: StartTrustManager took to complete: 0ms
01-15 20:38:59.612   484   484 I SystemServerTiming: StartBackupManager
01-15 20:38:59.612   484   484 I SystemServiceManager: Starting com.android.server.backup.BackupManagerService$Lifecycle
01-15 20:38:59.612   484   484 D SystemServerTiming: StartBackupManager took to complete: 0ms
01-15 20:38:59.612   484   484 I SystemServerTiming: StartAppWidgetService
01-15 20:38:59.612   484   484 I SystemServiceManager: Starting com.android.server.appwidget.AppWidgetService
01-15 20:38:59.613   484   484 D SystemServerTiming: StartAppWidgetService took to complete: 2ms
01-15 20:38:59.613   484   484 I SystemServerTiming: StartRoleManagerService
01-15 20:38:59.614   484   484 D SystemServerTiming: StartRoleManagerService took to complete: 0ms
01-15 20:38:59.614   484   484 I SystemServerTiming: StartVoiceRecognitionManager
01-15 20:38:59.614   484   484 I SystemServiceManager: Starting com.android.server.voiceinteraction.VoiceInteractionManagerService
01-15 20:38:59.618   484   484 D SystemServerTiming: StartVoiceRecognitionManager took to complete: 4ms
01-15 20:38:59.618   484   484 I SystemServerTiming: StartGestureLauncher
01-15 20:38:59.618   484   484 I SystemServiceManager: Starting com.android.server.GestureLauncherService
01-15 20:38:59.618   484   484 D SystemServerTiming: StartGestureLauncher took to complete: 0ms
01-15 20:38:59.618   484   484 I SystemServerTiming: StartSensorNotification
01-15 20:38:59.618   484   484 I SystemServiceManager: Starting com.android.server.SensorNotificationService
01-15 20:38:59.618   484   484 D SystemServerTiming: StartSensorNotification took to complete: 0ms
01-15 20:38:59.618   484   484 I SystemServerTiming: StartDiskStatsService
01-15 20:38:59.619   484   484 D SystemServerTiming: StartDiskStatsService took to complete: 0ms
01-15 20:38:59.619   484   484 I SystemServerTiming: RuntimeService
01-15 20:38:59.619   484   484 D SystemServerTiming: RuntimeService took to complete: 0ms
01-15 20:38:59.619   484   484 I SystemServerTiming: StartNetworkTimeUpdateService
01-15 20:38:59.619   484   484 D SystemServerTiming: StartNetworkTimeUpdateService took to complete: 0ms
01-15 20:38:59.619   484   484 I SystemServerTiming: CertBlacklister
01-15 20:38:59.619   484   484 D SystemServerTiming: CertBlacklister took to complete: 0ms
01-15 20:38:59.620   484   484 I SystemServerTiming: StartEmergencyAffordanceService
01-15 20:38:59.620   484   484 I SystemServiceManager: Starting com.android.server.emergency.EmergencyAffordanceService
01-15 20:38:59.620   484   484 D SystemServerTiming: StartEmergencyAffordanceService took to complete: 0ms
01-15 20:38:59.620   484   536 I SystemServerTimingAsync: InitThreadPoolExec:startBlobStoreManagerService
01-15 20:38:59.620   484   536 D SystemServerInitThreadPool: Started executing startBlobStoreManagerService
01-15 20:38:59.620   484   536 I SystemServerTimingAsync: startBlobStoreManagerService
01-15 20:38:59.621   484   536 I SystemServiceManager: Starting com.android.server.blob.BlobStoreManagerService
01-15 20:38:59.621   484   484 I SystemServerTiming: StartDreamManager
01-15 20:38:59.621   484   484 I SystemServiceManager: Starting com.android.server.dreams.DreamManagerService
01-15 20:38:59.624   484   484 D SystemServerTiming: StartDreamManager took to complete: 2ms
01-15 20:38:59.624   484   484 I SystemServerTiming: AddGraphicsStatsService
01-15 20:38:59.624   484   536 D SystemServerTimingAsync: startBlobStoreManagerService took to complete: 4ms
01-15 20:38:59.624   484   536 D SystemServerInitThreadPool: Finished executing startBlobStoreManagerService
01-15 20:38:59.624   484   536 D SystemServerTimingAsync: InitThreadPoolExec:startBlobStoreManagerService took to complete: 4ms
01-15 20:38:59.624   484   484 D SystemServerTiming: AddGraphicsStatsService took to complete: 1ms
01-15 20:38:59.624   484   484 I SystemServerTiming: StartPrintManager
01-15 20:38:59.624   484   484 I SystemServiceManager: Starting com.android.server.print.PrintManagerService
01-15 20:38:59.625   484   484 D SystemServerTiming: StartPrintManager took to complete: 0ms
01-15 20:38:59.625   484   484 I SystemServerTiming: StartCompanionDeviceManager
01-15 20:38:59.625   484   484 I SystemServiceManager: Starting com.android.server.companion.CompanionDeviceManagerService
01-15 20:38:59.625   267   293 I ServiceManager: Waiting for service 'statscompanion' on '/dev/binder'...
01-15 20:38:59.625   484   484 D SystemServerTiming: StartCompanionDeviceManager took to complete: 0ms
01-15 20:38:59.625   484   484 I SystemServerTiming: StartRestrictionManager
01-15 20:38:59.625   484   484 I SystemServiceManager: Starting com.android.server.restrictions.RestrictionsManagerService
01-15 20:38:59.625   484   484 D SystemServerTiming: StartRestrictionManager took to complete: 1ms
01-15 20:38:59.626   484   484 I SystemServerTiming: StartMediaSessionService
01-15 20:38:59.626   484   484 I SystemServiceManager: Starting com.android.server.media.MediaSessionService
01-15 20:38:59.626   484   484 D SystemServerTiming: StartMediaSessionService took to complete: 0ms
01-15 20:38:59.626   484   484 I SystemServerTiming: StartMediaResourceMonitor
01-15 20:38:59.626   484   484 I SystemServiceManager: Starting com.android.server.media.MediaResourceMonitorService
01-15 20:38:59.626   484   484 D SystemServerTiming: StartMediaResourceMonitor took to complete: 1ms
01-15 20:38:59.626   484   484 I SystemServerTiming: StartMediaRouterService
01-15 20:38:59.628   484   484 D SystemServerTiming: StartMediaRouterService took to complete: 1ms
01-15 20:38:59.628   484   484 I SystemServerTiming: StartFingerprintSensor
01-15 20:38:59.628   484   484 I SystemServiceManager: Starting com.android.server.biometrics.fingerprint.FingerprintService
01-15 20:38:59.628   484   484 D SystemServerTiming: StartFingerprintSensor took to complete: 0ms
01-15 20:38:59.628   484   484 I SystemServerTiming: StartBiometricService
01-15 20:38:59.628   484   484 I SystemServiceManager: Starting com.android.server.biometrics.BiometricService
01-15 20:38:59.628   484   512 I SystemServerTimingAsync: InitThreadPoolExec:FingerprintService.onStart
01-15 20:38:59.628   484   512 D SystemServerInitThreadPool: Started executing FingerprintService.onStart
01-15 20:38:59.628   484   512 V FingerprintService: mDaemon was null, reconnect to fingerprint
01-15 20:38:59.628   484   512 I android_os_HwBinder: HwBinder: Starting thread pool for getting: android.hardware.biometrics.fingerprint@2.1::IBiometricsFingerprint/default
01-15 20:38:59.629   484   512 V FingerprintService: Fingerprint HAL id: -5476376641080610800
01-15 20:38:59.629   404   404 D FingerprintHal: ----------------> fingerprint_set_active_group -----------------> path /data/vendor_de/0/fpdata
01-15 20:38:59.629   484   484 D SystemServerTiming: StartBiometricService took to complete: 1ms
01-15 20:38:59.629   484   484 I SystemServerTiming: StartAuthService
01-15 20:38:59.629   484   484 I SystemServiceManager: Starting com.android.server.biometrics.AuthService
01-15 20:38:59.629   404   404 D FingerprintHal: ----------------> loadFingerprints ----------------->
01-15 20:38:59.629   404   404 E FingerprintHal: Could not load fingerprints from storage at /data/vendor_de/0/fpdata/emufp.bin; it has not yet been created.
01-15 20:38:59.629   404   404 D FingerprintHal: ----------------> loadAuthenticatorId ----------------->
01-15 20:38:59.629   484   484 D AuthService: Registering ID: 0 Modality: 2 Strength: 15
01-15 20:38:59.629   484   484 D FingerprintService: initConfiguredStrengthInternal(15)
01-15 20:38:59.629   484   484 D BiometricService: Registering ID: 0 Modality: 2 Strength: 15
01-15 20:38:59.630   404   404 D FingerprintHal: Read authenticator id (0x6b8b4567327b23c6)
01-15 20:38:59.630   484   512 V FingerprintService: Enumerating user(0)
01-15 20:38:59.630   484   512 D SystemServerInitThreadPool: Finished executing FingerprintService.onStart
01-15 20:38:59.630   484   512 D SystemServerTimingAsync: InitThreadPoolExec:FingerprintService.onStart took to complete: 2ms
01-15 20:38:59.630   484   484 D BiometricStrengthController: Flags are null or empty
01-15 20:38:59.630   484   484 D SystemServerTiming: StartAuthService took to complete: 1ms
01-15 20:38:59.630   484   484 I SystemServerTiming: StartBackgroundDexOptService
01-15 20:38:59.630   484   484 W BackgroundDexOptService: SysProp pm.dexopt.downgrade_after_inactive_days not set
01-15 20:38:59.630   484   484 D SystemServerTiming: StartBackgroundDexOptService took to complete: 1ms
01-15 20:38:59.630   484   484 I SystemServerTiming: StartDynamicCodeLoggingService
01-15 20:38:59.631   484   484 D SystemServerTiming: StartDynamicCodeLoggingService took to complete: 0ms
01-15 20:38:59.631   484   484 I SystemServerTiming: StartPruneInstantAppsJobService
01-15 20:38:59.631   484   484 D SystemServerTiming: StartPruneInstantAppsJobService took to complete: 0ms
01-15 20:38:59.631   484   484 I SystemServerTiming: StartShortcutServiceLifecycle
01-15 20:38:59.631   484   484 I SystemServiceManager: Starting com.android.server.pm.ShortcutService$Lifecycle
01-15 20:38:59.631   484   484 E HistoricalRegistry: Interaction before persistence initialized
01-15 20:38:59.632   484   484 D SystemServerTiming: StartShortcutServiceLifecycle took to complete: 1ms
01-15 20:38:59.632   484   484 I SystemServerTiming: StartLauncherAppsService
01-15 20:38:59.632   484   484 I SystemServiceManager: Starting com.android.server.pm.LauncherAppsService
01-15 20:38:59.632   484   484 D SystemServerTiming: StartLauncherAppsService took to complete: 0ms
01-15 20:38:59.632   484   484 I SystemServerTiming: StartCrossProfileAppsService
01-15 20:38:59.632   484   484 I SystemServiceManager: Starting com.android.server.pm.CrossProfileAppsService
01-15 20:38:59.632   484   484 D SystemServerTiming: StartCrossProfileAppsService took to complete: 0ms
01-15 20:38:59.632   484   484 I SystemServerTiming: StartPeopleService
01-15 20:38:59.632   484   484 I SystemServiceManager: Starting com.android.server.people.PeopleService
01-15 20:38:59.632   484   484 D SystemServerTiming: StartPeopleService took to complete: 1ms
01-15 20:38:59.632   484   484 I SystemServerTiming: StartMediaProjectionManager
01-15 20:38:59.632   484   484 I SystemServiceManager: Starting com.android.server.media.projection.MediaProjectionManagerService
01-15 20:38:59.634   484   484 V MediaRouter: Selecting route: RouteInfo{ name=Phone, description=null, status=null, category=RouteCategory{ name=System types=ROUTE_TYPE_LIVE_AUDIO ROUTE_TYPE_LIVE_VIDEO  groupable=false }, supportedTypes=ROUTE_TYPE_LIVE_AUDIO ROUTE_TYPE_LIVE_VIDEO , presentationDisplay=null }
01-15 20:38:59.634   484   484 D SystemServerTiming: StartMediaProjectionManager took to complete: 1ms
01-15 20:38:59.634   484   484 I SystemServerTiming: StartSliceManagerService
01-15 20:38:59.634   484   484 I SystemServiceManager: Starting com.android.server.slice.SliceManagerService$Lifecycle
01-15 20:38:59.634   484   484 D SystemServerTiming: StartSliceManagerService took to complete: 1ms
01-15 20:38:59.634   484   484 I SystemServerTiming: StartCameraServiceProxy
01-15 20:38:59.634   484   484 I SystemServiceManager: Starting com.android.server.camera.CameraServiceProxy
01-15 20:38:59.635   484   484 D SystemServerTiming: StartCameraServiceProxy took to complete: 0ms
01-15 20:38:59.635   484   484 I SystemServerTiming: StartStatsCompanion
01-15 20:38:59.636   484   484 I SystemServiceManager: Starting com.android.server.stats.StatsCompanion$Lifecycle
01-15 20:38:59.638   484   484 D SystemServerTiming: StartStatsCompanion took to complete: 3ms
01-15 20:38:59.638   484   484 I SystemServerTiming: StartStatsPullAtomService
01-15 20:38:59.641   484   484 I SystemServiceManager: Starting com.android.server.stats.pull.StatsPullAtomService
01-15 20:38:59.641   484   484 D SystemServerTiming: StartStatsPullAtomService took to complete: 3ms
01-15 20:38:59.641   484   484 I SystemServerTiming: StartIncidentCompanionService
01-15 20:38:59.641   484   484 I SystemServiceManager: Starting com.android.server.incident.IncidentCompanionService
01-15 20:38:59.642   484   484 D SystemServerTiming: StartIncidentCompanionService took to complete: 1ms
01-15 20:38:59.642   484   484 I SystemServerTiming: StartMmsService
01-15 20:38:59.642   484   484 I SystemServiceManager: Starting com.android.server.MmsServiceBroker
01-15 20:38:59.642   484   484 D SystemServerTiming: StartMmsService took to complete: 0ms
01-15 20:38:59.642   484   484 I SystemServerTiming: StartAutoFillService
01-15 20:38:59.643   484   484 I SystemServiceManager: Starting com.android.server.autofill.AutofillManagerService
01-15 20:38:59.643   484   484 D AutofillManagerService: setLogLevelFromSettings(): level=2, debug=true, verbose=false
01-15 20:38:59.643   484   484 D AutofillManagerService: setMaxPartitionsFromSettings(): 10
01-15 20:38:59.643   484   484 D AutofillManagerService: setMaxVisibleDatasetsFromSettings(): 0
01-15 20:38:59.643   484   484 E AutofillManagerServiceImpl: Bad service name: com.google.android.gms/.autofill.service.AutofillService
01-15 20:38:59.643   484   506 D AutofillUI: destroySaveUiUiThread(): already destroyed
01-15 20:38:59.643   484   484 D AutofillManagerServiceImpl: Reset component for user 0:com.google.android.gms/.autofill.service.AutofillService
01-15 20:38:59.643   484   484 E RemoteAugmentedAutofillService: Bad service name for flags 1048704: com.google.android.as/com.google.android.apps.miphone.aiai.app.AiAiAugmentedAutofillService
01-15 20:38:59.644   484   484 D SystemServerTiming: StartAutoFillService took to complete: 2ms
01-15 20:38:59.644   484   484 I SystemServerTiming: StartClipboardService
01-15 20:38:59.644   484   484 I SystemServiceManager: Starting com.android.server.clipboard.ClipboardService
01-15 20:38:59.644   484   484 D SystemServerTiming: StartClipboardService took to complete: 0ms
01-15 20:38:59.644   484   484 I SystemServerTiming: AppServiceManager
01-15 20:38:59.644   484   484 I SystemServiceManager: Starting com.android.server.appbinding.AppBindingService$Lifecycle
01-15 20:38:59.644   484   484 D SystemServerTiming: AppServiceManager took to complete: 1ms
01-15 20:38:59.644   484   484 I SystemServerTiming: MakeVibratorServiceReady
01-15 20:38:59.645   484   484 E HistoricalRegistry: Interaction before persistence initialized
01-15 20:38:59.645   484   484 D SystemServerTiming: MakeVibratorServiceReady took to complete: 0ms
01-15 20:38:59.645   484   484 I SystemServerTiming: MakeLockSettingsServiceReady
01-15 20:38:59.646   159   159 I hwservicemanager: getTransport: Cannot find entry android.hardware.weaver@1.0::IWeaver/default in either framework or device manifest.
01-15 20:38:59.646   484   484 I SyntheticPasswordManager: Device does not support weaver
01-15 20:38:59.647   484   484 I android_os_HwBinder: HwBinder: Starting thread pool for getting: android.hardware.authsecret@1.0::IAuthSecret/default
01-15 20:38:59.647   484   484 D SystemServerTiming: MakeLockSettingsServiceReady took to complete: 2ms
01-15 20:38:59.647   484   484 I SystemServerTiming: StartBootPhaseLockSettingsReady
01-15 20:38:59.647   484   484 I SystemServiceManager: Starting phase 480
01-15 20:38:59.647   484   484 I SystemServerTiming: OnBootPhase_480
01-15 20:38:59.647   484   484 I SystemServerTiming: OnBootPhase_480_com.android.server.security.FileIntegrityService
01-15 20:38:59.647   484   484 D SystemServerTiming: OnBootPhase_480_com.android.server.security.FileIntegrityService took to complete: 0ms
01-15 20:38:59.647   484   484 I SystemServerTiming: OnBootPhase_480_com.android.server.pm.Installer
01-15 20:38:59.647   484   484 D SystemServerTiming: OnBootPhase_480_com.android.server.pm.Installer took to complete: 0ms
01-15 20:38:59.647   484   484 I SystemServerTiming: OnBootPhase_480_com.android.server.os.DeviceIdentifiersPolicyService
01-15 20:38:59.647   484   484 D SystemServerTiming: OnBootPhase_480_com.android.server.os.DeviceIdentifiersPolicyService took to complete: 0ms
01-15 20:38:59.647   484   484 I SystemServerTiming: OnBootPhase_480_com.android.server.uri.UriGrantsManagerService$Lifecycle
01-15 20:38:59.647   484   484 D SystemServerTiming: OnBootPhase_480_com.android.server.uri.UriGrantsManagerService$Lifecycle took to complete: 0ms
01-15 20:38:59.647   484   484 I SystemServerTiming: OnBootPhase_480_com.android.server.wm.ActivityTaskManagerService$Lifecycle
01-15 20:38:59.647   484   484 D SystemServerTiming: OnBootPhase_480_com.android.server.wm.ActivityTaskManagerService$Lifecycle took to complete: 0ms
01-15 20:38:59.647   484   484 I SystemServerTiming: OnBootPhase_480_com.android.server.am.ActivityManagerService$Lifecycle
01-15 20:38:59.647   484   484 D SystemServerTiming: OnBootPhase_480_com.android.server.am.ActivityManagerService$Lifecycle took to complete: 0ms
01-15 20:38:59.647   484   484 I SystemServerTiming: OnBootPhase_480_com.android.server.pm.DataLoaderManagerService
01-15 20:38:59.647   484   484 D SystemServerTiming: OnBootPhase_480_com.android.server.pm.DataLoaderManagerService took to complete: 0ms
01-15 20:38:59.647   484   484 I SystemServerTiming: OnBootPhase_480_com.android.server.power.PowerManagerService
01-15 20:38:59.647   484   484 D SystemServerTiming: OnBootPhase_480_com.android.server.power.PowerManagerService took to complete: 0ms
01-15 20:38:59.647   484   484 I SystemServerTiming: OnBootPhase_480_com.android.server.power.ThermalManagerService
