01-15 20:38:58.479   484   484 D CompatibilityChangeReporter: Compat change id reported: 135549675; UID 10004; state: ENABLED
01-15 20:38:58.479   484   484 D CompatibilityChangeReporter: Compat change id reported: 135549675; UID 10003; state: ENABLED
01-15 20:38:58.479   484   484 D CompatibilityChangeReporter: Compat change id reported: 135549675; UID 10005; state: ENABLED
01-15 20:38:58.480   484   484 D CompatibilityChangeReporter: Compat change id reported: 135549675; UID 10006; state: ENABLED
01-15 20:38:58.480   484   484 D CompatibilityChangeReporter: Compat change id reported: 135549675; UID 10007; state: ENABLED
01-15 20:38:58.480   484   484 D CompatibilityChangeReporter: Compat change id reported: 135549675; UID 10008; state: ENABLED
01-15 20:38:58.480   484   484 D CompatibilityChangeReporter: Compat change id reported: 135549675; UID 10009; state: ENABLED
01-15 20:38:58.480   484   484 D CompatibilityChangeReporter: Compat change id reported: 135549675; UID 10010; state: ENABLED
01-15 20:38:58.480   484   484 D CompatibilityChangeReporter: Compat change id reported: 135549675; UID 10011; state: ENABLED
01-15 20:38:58.480   484   484 D CompatibilityChangeReporter: Compat change id reported: 135549675; UID 10012; state: ENABLED
01-15 20:38:58.481   484   484 D CompatibilityChangeReporter: Compat change id reported: 135549675; UID 10013; state: ENABLED
01-15 20:38:58.481   484   484 D CompatibilityChangeReporter: Compat change id reported: 135549675; UID 10014; state: ENABLED
01-15 20:38:58.481   484   484 D CompatibilityChangeReporter: Compat change id reported: 135549675; UID 10015; state: ENABLED
01-15 20:38:58.481   484   484 D CompatibilityChangeReporter: Compat change id reported: 135549675; UID 10017; state: ENABLED
01-15 20:38:58.487   484   484 D CompatibilityChangeReporter: Compat change id reported: 135549675; UID 10018; state: ENABLED
01-15 20:38:58.488   484   484 D CompatibilityChangeReporter: Compat change id reported: 135549675; UID 10039; state: ENABLED
01-15 20:38:58.488   484   484 D CompatibilityChangeReporter: Compat change id reported: 135549675; UID 10002; state: ENABLED
01-15 20:38:58.489   484   484 D CompatibilityChangeReporter: Compat change id reported: 135549675; UID 10001; state: ENABLED
01-15 20:38:58.489   484   484 D CompatibilityChangeReporter: Compat change id reported: 135549675; UID 10019; state: ENABLED
01-15 20:38:58.489   484   484 D CompatibilityChangeReporter: Compat change id reported: 135549675; UID 10021; state: ENABLED
01-15 20:38:58.489   484   484 D CompatibilityChangeReporter: Compat change id reported: 135549675; UID 10022; state: ENABLED
01-15 20:38:58.489   484   484 D CompatibilityChangeReporter: Compat change id reported: 135549675; UID 10023; state: ENABLED
01-15 20:38:58.489   484   484 D CompatibilityChangeReporter: Compat change id reported: 135549675; UID 10024; state: ENABLED
01-15 20:38:58.490   484   484 D CompatibilityChangeReporter: Compat change id reported: 135549675; UID 10026; state: ENABLED
01-15 20:38:58.490   484   484 D CompatibilityChangeReporter: Compat change id reported: 135549675; UID 10025; state: ENABLED
01-15 20:38:58.490   484   484 D CompatibilityChangeReporter: Compat change id reported: 135549675; UID 10027; state: ENABLED
01-15 20:38:58.490   484   484 D CompatibilityChangeReporter: Compat change id reported: 135549675; UID 10028; state: ENABLED
01-15 20:38:58.490   484   484 D CompatibilityChangeReporter: Compat change id reported: 135549675; UID 10029; state: ENABLED
01-15 20:38:58.490   484   484 D CompatibilityChangeReporter: Compat change id reported: 135549675; UID 10030; state: ENABLED
01-15 20:38:58.490   484   484 D CompatibilityChangeReporter: Compat change id reported: 135549675; UID 10037; state: ENABLED
01-15 20:38:58.491   484   484 D CompatibilityChangeReporter: Compat change id reported: 135549675; UID 10038; state: ENABLED
01-15 20:38:58.491   484   484 D CompatibilityChangeReporter: Compat change id reported: 135549675; UID 10032; state: ENABLED
01-15 20:38:58.491   484   484 D CompatibilityChangeReporter: Compat change id reported: 135549675; UID 10033; state: ENABLED
01-15 20:38:58.491   484   484 D CompatibilityChangeReporter: Compat change id reported: 135549675; UID 10034; state: ENABLED
01-15 20:38:58.491   484   484 D CompatibilityChangeReporter: Compat change id reported: 135549675; UID 10035; state: ENABLED
01-15 20:38:58.494   484   484 D CompatibilityChangeReporter: Compat change id reported: 135549675; UID 10036; state: ENABLED
01-15 20:38:58.494   484   484 D CompatibilityChangeReporter: Compat change id reported: 135549675; UID 10048; state: ENABLED
01-15 20:38:58.494   484   484 D CompatibilityChangeReporter: Compat change id reported: 135549675; UID 10049; state: ENABLED
01-15 20:38:58.494   484   484 D CompatibilityChangeReporter: Compat change id reported: 135549675; UID 10040; state: ENABLED
01-15 20:38:58.494   484   484 D CompatibilityChangeReporter: Compat change id reported: 135549675; UID 10054; state: ENABLED
01-15 20:38:58.494   484   484 D CompatibilityChangeReporter: Compat change id reported: 135549675; UID 10031; state: ENABLED
01-15 20:38:58.494   484   484 D CompatibilityChangeReporter: Compat change id reported: 135549675; UID 10020; state: ENABLED
01-15 20:38:58.495   484   484 D CompatibilityChangeReporter: Compat change id reported: 135549675; UID 10042; state: ENABLED
01-15 20:38:58.495   484   484 D CompatibilityChangeReporter: Compat change id reported: 135549675; UID 10043; state: ENABLED
01-15 20:38:58.495   484   484 D CompatibilityChangeReporter: Compat change id reported: 135549675; UID 10044; state: ENABLED
01-15 20:38:58.495   484   484 D CompatibilityChangeReporter: Compat change id reported: 135549675; UID 10045; state: ENABLED
01-15 20:38:58.495   484   484 D CompatibilityChangeReporter: Compat change id reported: 135549675; UID 10046; state: ENABLED
01-15 20:38:58.496   484   484 D CompatibilityChangeReporter: Compat change id reported: 135549675; UID 10057; state: ENABLED
01-15 20:38:58.496   484   484 D CompatibilityChangeReporter: Compat change id reported: 135549675; UID 10050; state: ENABLED
01-15 20:38:58.496   484   484 D CompatibilityChangeReporter: Compat change id reported: 135549675; UID 10051; state: ENABLED
01-15 20:38:58.496   484   484 D CompatibilityChangeReporter: Compat change id reported: 135549675; UID 10052; state: ENABLED
01-15 20:38:58.496   484   484 D CompatibilityChangeReporter: Compat change id reported: 135549675; UID 10041; state: ENABLED
01-15 20:38:58.497   484   484 D CompatibilityChangeReporter: Compat change id reported: 135549675; UID 10016; state: ENABLED
01-15 20:38:58.497   484   484 D CompatibilityChangeReporter: Compat change id reported: 135549675; UID 10055; state: ENABLED
01-15 20:38:58.497   484   484 D CompatibilityChangeReporter: Compat change id reported: 135549675; UID 10056; state: ENABLED
01-15 20:38:58.497   484   484 D CompatibilityChangeReporter: Compat change id reported: 135549675; UID 10058; state: ENABLED
01-15 20:38:58.497   484   484 D CompatibilityChangeReporter: Compat change id reported: 135549675; UID 10059; state: ENABLED
01-15 20:38:58.497   484   484 D CompatibilityChangeReporter: Compat change id reported: 135549675; UID 10047; state: ENABLED
01-15 20:38:58.497   484   484 D CompatibilityChangeReporter: Compat change id reported: 135549675; UID 10060; state: ENABLED
01-15 20:38:58.498   484   484 D CompatibilityChangeReporter: Compat change id reported: 135549675; UID 10053; state: ENABLED
01-15 20:38:58.498   484   484 D PackageManager: No files in app dir /oem/overlay
01-15 20:38:58.498   484   484 D PackageManager: No files in app dir /odm/overlay
01-15 20:38:58.498   484   484 D PackageManager: No files in app dir /vendor/overlay
01-15 20:38:58.498   484   484 W PackageManager: Failed to parse /system/framework/arm64: Missing base APK in /system/framework/arm64
01-15 20:38:58.498   484   484 W PackageManager: Failed to parse /system/framework/oat: Missing base APK in /system/framework/oat/arm64
01-15 20:38:58.501   370   410 I ServiceManager: Waiting for service 'package_native' on '/dev/binder'...
01-15 20:38:58.503   372   372 I ServiceManager: Waiting for service 'package_native' on '/dev/binder'...
01-15 20:38:58.515   484   484 D CompatibilityChangeReporter: Compat change id reported: 135549675; UID 1000; state: ENABLED
01-15 20:38:58.521   484   484 D CompatibilityChangeReporter: Compat change id reported: 135549675; UID 10061; state: ENABLED
01-15 20:38:58.524   484   484 D CompatibilityChangeReporter: Compat change id reported: 135549675; UID 2000; state: ENABLED
01-15 20:38:58.524   484   484 D CompatibilityChangeReporter: Compat change id reported: 135549675; UID 1001; state: ENABLED
01-15 20:38:58.527   484   484 D CompatibilityChangeReporter: Compat change id reported: 135549675; UID 10063; state: ENABLED
01-15 20:38:58.528   484   484 D CompatibilityChangeReporter: Compat change id reported: 135549675; UID 10064; state: ENABLED
01-15 20:38:58.529   484   484 D CompatibilityChangeReporter: Compat change id reported: 135549675; UID 10070; state: ENABLED
01-15 20:38:58.529   484   484 D CompatibilityChangeReporter: Compat change id reported: 135549675; UID 10067; state: ENABLED
01-15 20:38:58.540   484   484 D CompatibilityChangeReporter: Compat change id reported: 135549675; UID 10062; state: ENABLED
01-15 20:38:58.540   484   484 D CompatibilityChangeReporter: Compat change id reported: 135549675; UID 10066; state: ENABLED
01-15 20:38:58.548   484   484 D CompatibilityChangeReporter: Compat change id reported: 135549675; UID 10068; state: ENABLED
01-15 20:38:58.548   484   484 D CompatibilityChangeReporter: Compat change id reported: 135549675; UID 10069; state: ENABLED
01-15 20:38:58.549   484   484 D CompatibilityChangeReporter: Compat change id reported: 135549675; UID 10065; state: ENABLED
01-15 20:38:58.558   484   484 D CompatibilityChangeReporter: Compat change id reported: 135549675; UID 10071; state: ENABLED
01-15 20:38:58.569   278   317 D goldfish-address-space: allocate: Ask for block of size 0x7e9000
01-15 20:38:58.569   278   317 D goldfish-address-space: allocate: ioctl allocate returned offset 0x1fe040000 size 0x7f0000
01-15 20:38:58.575   267   267 I ServiceManager: Waiting for service 'statscompanion' on '/dev/binder'...
01-15 20:38:58.576   484   484 D CompatibilityChangeReporter: Compat change id reported: 135549675; UID 10074; state: ENABLED
01-15 20:38:58.577   484   484 D CompatibilityChangeReporter: Compat change id reported: 135549675; UID 10073; state: ENABLED
01-15 20:38:58.577   484   484 D CompatibilityChangeReporter: Compat change id reported: 135549675; UID 10072; state: ENABLED
01-15 20:38:58.578   367   367 I ServiceManager: Waiting for service 'package_native' on '/dev/binder'...
01-15 20:38:58.581   484   484 D CompatibilityChangeReporter: Compat change id reported: 135549675; UID 1073; state: ENABLED
01-15 20:38:58.586   484   484 D CompatibilityChangeReporter: Compat change id reported: 135549675; UID 10076; state: ENABLED
01-15 20:38:58.589   484   484 D CompatibilityChangeReporter: Compat change id reported: 135549675; UID 10075; state: ENABLED
01-15 20:38:58.593   484   484 D CompatibilityChangeReporter: Compat change id reported: 135549675; UID 10077; state: ENABLED
01-15 20:38:58.602   370   410 I ServiceManager: Waiting for service 'package_native' on '/dev/binder'...
01-15 20:38:58.603   372   372 I ServiceManager: Waiting for service 'package_native' on '/dev/binder'...
01-15 20:38:58.610   484   484 D CompatibilityChangeReporter: Compat change id reported: 143539591; UID -1; state: DISABLED
01-15 20:38:58.610   484   484 D CompatibilityChangeReporter: Compat change id reported: 135549675; UID 10078; state: DISABLED
01-15 20:38:58.623   484   484 D CompatibilityChangeReporter: Compat change id reported: 135549675; UID 1027; state: ENABLED
01-15 20:38:58.624   484   484 D CompatibilityChangeReporter: Compat change id reported: 135549675; UID 10079; state: ENABLED
01-15 20:38:58.630   484   532 W PackageParsing: No actions in intent-filter at /system/app/CarrierDefaultApp/CarrierDefaultApp.apk Binary XML file line #43
01-15 20:38:58.633   484   484 D CompatibilityChangeReporter: Compat change id reported: 135549675; UID 10080; state: ENABLED
01-15 20:38:58.634   484   484 D CompatibilityChangeReporter: Compat change id reported: 135549675; UID 10085; state: DISABLED
01-15 20:38:58.634   484   484 D CompatibilityChangeReporter: Compat change id reported: 135549675; UID 10082; state: ENABLED
01-15 20:38:58.635   484   484 D CompatibilityChangeReporter: Compat change id reported: 135549675; UID 10081; state: ENABLED
01-15 20:38:58.636   484   484 D CompatibilityChangeReporter: Compat change id reported: 135549675; UID 10083; state: ENABLED
01-15 20:38:58.637   484   484 D CompatibilityChangeReporter: Compat change id reported: 135549675; UID 1002; state: ENABLED
01-15 20:38:58.638   484   484 D CompatibilityChangeReporter: Compat change id reported: 135549675; UID 10084; state: ENABLED
01-15 20:38:58.638   484   484 D CompatibilityChangeReporter: Compat change id reported: 135549675; UID 10086; state: ENABLED
01-15 20:38:58.639   484   484 D CompatibilityChangeReporter: Compat change id reported: 135549675; UID 10087; state: ENABLED
01-15 20:38:58.639   484   484 D CompatibilityChangeReporter: Compat change id reported: 135549675; UID 10090; state: ENABLED
01-15 20:38:58.639   484   484 D CompatibilityChangeReporter: Compat change id reported: 135549675; UID 10089; state: DISABLED
01-15 20:38:58.641   484   484 D CompatibilityChangeReporter: Compat change id reported: 135549675; UID 1068; state: ENABLED
01-15 20:38:58.642   484   484 D CompatibilityChangeReporter: Compat change id reported: 135549675; UID 10088; state: ENABLED
01-15 20:38:58.642   484   484 D CompatibilityChangeReporter: Compat change id reported: 135549675; UID 10091; state: ENABLED
01-15 20:38:58.642   484   484 D CompatibilityChangeReporter: Compat change id reported: 135549675; UID 10092; state: ENABLED
01-15 20:38:58.643   484   484 D CompatibilityChangeReporter: Compat change id reported: 135549675; UID 10094; state: ENABLED
01-15 20:38:58.644   484   484 D CompatibilityChangeReporter: Compat change id reported: 135549675; UID 10093; state: ENABLED
01-15 20:38:58.646   484   484 D CompatibilityChangeReporter: Compat change id reported: 135549675; UID 10095; state: ENABLED
01-15 20:38:58.646   484   484 D PackageManager: No files in app dir /vendor/priv-app
01-15 20:38:58.646   484   484 D PackageManager: No files in app dir /vendor/app
01-15 20:38:58.646   484   484 D PackageManager: No files in app dir /odm/priv-app
01-15 20:38:58.646   484   484 D PackageManager: No files in app dir /odm/app
01-15 20:38:58.646   484   484 D PackageManager: No files in app dir /oem/app
01-15 20:38:58.658   484   531 W PackageParsing: Unknown element under <manifest>: meta-data at /product/priv-app/Dialer/Dialer.apk Binary XML file line #115
01-15 20:38:58.667   484   484 D CompatibilityChangeReporter: Compat change id reported: 135549675; UID 10096; state: DISABLED
01-15 20:38:58.668   484   484 D CompatibilityChangeReporter: Compat change id reported: 135549675; UID 10098; state: DISABLED
01-15 20:38:58.668   484   484 D CompatibilityChangeReporter: Compat change id reported: 135549675; UID 10097; state: DISABLED
01-15 20:38:58.673   484   484 D CompatibilityChangeReporter: Compat change id reported: 135549675; UID 10101; state: DISABLED
01-15 20:38:58.676   267   267 I ServiceManager: Waiting for service 'statscompanion' on '/dev/binder'...
01-15 20:38:58.679   367   367 I ServiceManager: Waiting for service 'package_native' on '/dev/binder'...
01-15 20:38:58.688   484   533 W PackageParsing: No actions in intent-filter at /product/priv-app/Contacts/Contacts.apk Binary XML file line #411
01-15 20:38:58.690   484   484 D CompatibilityChangeReporter: Compat change id reported: 135549675; UID 10099; state: DISABLED
01-15 20:38:58.693   484   484 D CompatibilityChangeReporter: Compat change id reported: 135549675; UID 10100; state: ENABLED
01-15 20:38:58.702   370   410 I ServiceManager: Waiting for service 'package_native' on '/dev/binder'...
01-15 20:38:58.703   372   372 I ServiceManager: Waiting for service 'package_native' on '/dev/binder'...
01-15 20:38:58.706   484   484 D CompatibilityChangeReporter: Compat change id reported: 135549675; UID 10102; state: DISABLED
01-15 20:38:58.738   484   484 D CompatibilityChangeReporter: Compat change id reported: 135549675; UID 10103; state: DISABLED
01-15 20:38:58.742   484   484 D CompatibilityChangeReporter: Compat change id reported: 135549675; UID 10104; state: DISABLED
01-15 20:38:58.746   484   484 D CompatibilityChangeReporter: Compat change id reported: 135549675; UID 10107; state: ENABLED
01-15 20:38:58.747   484   532 W PackageParsing: No actions in intent-filter at /product/priv-app/AndroidAutoFullPrebuilt/AndroidAutoFullPrebuilt.apk Binary XML file line #834
01-15 20:38:58.751   484   484 D CompatibilityChangeReporter: Compat change id reported: 135549675; UID 10106; state: DISABLED
01-15 20:38:58.751   484   484 D CompatibilityChangeReporter: Compat change id reported: 135549675; UID 10105; state: ENABLED
01-15 20:38:58.754   484   534 W PackageParsing: No actions in intent-filter at /product/priv-app/Velvet/Velvet.apk Binary XML file line #472
01-15 20:38:58.761   484   484 D CompatibilityChangeReporter: Compat change id reported: 135549675; UID 10108; state: DISABLED
01-15 20:38:58.771   484   484 D CompatibilityChangeReporter: Compat change id reported: 135549675; UID 10109; state: DISABLED
01-15 20:38:58.776   267   267 I ServiceManager: Waiting for service 'statscompanion' on '/dev/binder'...
01-15 20:38:58.779   367   367 I ServiceManager: Waiting for service 'package_native' on '/dev/binder'...
01-15 20:38:58.793   484   484 D CompatibilityChangeReporter: Compat change id reported: 135549675; UID 10111; state: DISABLED
01-15 20:38:58.802   484   534 W PackageParsing: No actions in intent-filter at /product/app/PrebuiltBugle/PrebuiltBugle.apk Binary XML file line #638
01-15 20:38:58.802   370   410 I ServiceManager: Waiting for service 'package_native' on '/dev/binder'...
01-15 20:38:58.804   372   372 I ServiceManager: Waiting for service 'package_native' on '/dev/binder'...
01-15 20:38:58.805   484   484 D CompatibilityChangeReporter: Compat change id reported: 135549675; UID 10113; state: DISABLED
01-15 20:38:58.805   484   484 D CompatibilityChangeReporter: Compat change id reported: 135549675; UID 10117; state: DISABLED
01-15 20:38:58.807   484   484 D CompatibilityChangeReporter: Compat change id reported: 135549675; UID 10112; state: ENABLED
01-15 20:38:58.808   484   484 D CompatibilityChangeReporter: Compat change id reported: 135549675; UID 10110; state: DISABLED
01-15 20:38:58.809   484   484 D CompatibilityChangeReporter: Compat change id reported: 135549675; UID 10114; state: ENABLED
01-15 20:38:58.813   484   484 D CompatibilityChangeReporter: Compat change id reported: 135549675; UID 10115; state: DISABLED
01-15 20:38:58.820   484   484 D CompatibilityChangeReporter: Compat change id reported: 135549675; UID 10116; state: ENABLED
01-15 20:38:58.823   484   533 W PackageParsing: No actions in intent-filter at /product/app/Photos/Photos.apk Binary XML file line #1084
01-15 20:38:58.826   484   484 D CompatibilityChangeReporter: Compat change id reported: 135549675; UID 10119; state: ENABLED
01-15 20:38:58.830   484   484 D CompatibilityChangeReporter: Compat change id reported: 135549675; UID 10118; state: ENABLED
01-15 20:38:58.835   484   484 D CompatibilityChangeReporter: Compat change id reported: 135549675; UID 10120; state: DISABLED
01-15 20:38:58.836   484   484 D CompatibilityChangeReporter: Compat change id reported: 135549675; UID 10122; state: DISABLED
01-15 20:38:58.838   484   484 D CompatibilityChangeReporter: Compat change id reported: 135549675; UID 10123; state: DISABLED
01-15 20:38:58.839   484   484 D CompatibilityChangeReporter: Compat change id reported: 135549675; UID 10121; state: DISABLED
01-15 20:38:58.840   484   484 D CompatibilityChangeReporter: Compat change id reported: 135549675; UID 10124; state: ENABLED
01-15 20:38:58.844   484   484 D CompatibilityChangeReporter: Compat change id reported: 135549675; UID 10125; state: DISABLED
01-15 20:38:58.857   484   534 W PackageParsing: No actions in intent-filter at /product/app/PrebuiltGmail/PrebuiltGmail.apk Binary XML file line #555
01-15 20:38:58.858   484   534 W PackageParsing: No actions in intent-filter at /product/app/PrebuiltGmail/PrebuiltGmail.apk Binary XML file line #576
01-15 20:38:58.862   484   484 D CompatibilityChangeReporter: Compat change id reported: 135549675; UID 10126; state: ENABLED
01-15 20:38:58.864   484   484 D CompatibilityChangeReporter: Compat change id reported: 135549675; UID 10128; state: ENABLED
01-15 20:38:58.865   484   484 D CompatibilityChangeReporter: Compat change id reported: 135549675; UID 10127; state: DISABLED
01-15 20:38:58.874   484   533 W PackageParsing: Unknown element under <manifest>: meta-data at /product/app/YouTube/YouTube.apk Binary XML file line #113
01-15 20:38:58.877   267   267 I ServiceManager: Waiting for service 'statscompanion' on '/dev/binder'...
01-15 20:38:58.879   367   367 I ServiceManager: Waiting for service 'package_native' on '/dev/binder'...
01-15 20:38:58.884   484   484 D CompatibilityChangeReporter: Compat change id reported: 135549675; UID 10130; state: DISABLED
01-15 20:38:58.888   484   534 W PackageParsing: No actions in intent-filter at /product/app/CalendarGooglePrebuilt/CalendarGooglePrebuilt.apk Binary XML file line #626
01-15 20:38:58.889   484   484 D CompatibilityChangeReporter: Compat change id reported: 135549675; UID 10129; state: ENABLED
01-15 20:38:58.889   484   484 D CompatibilityChangeReporter: Compat change id reported: 135549675; UID 10132; state: DISABLED
01-15 20:38:58.891   484   484 D CompatibilityChangeReporter: Compat change id reported: 135549675; UID 10131; state: ENABLED
01-15 20:38:58.894   484   484 D CompatibilityChangeReporter: Compat change id reported: 135549675; UID 10133; state: ENABLED
01-15 20:38:58.894   484   484 D CompatibilityChangeReporter: Compat change id reported: 135549675; UID 10135; state: DISABLED
01-15 20:38:58.896   484   484 D CompatibilityChangeReporter: Compat change id reported: 135549675; UID 10134; state: ENABLED
01-15 20:38:58.897   484   484 D CompatibilityChangeReporter: Compat change id reported: 135549675; UID 10136; state: ENABLED
01-15 20:38:58.897   484   484 D CompatibilityChangeReporter: Compat change id reported: 135549675; UID 10137; state: ENABLED
01-15 20:38:58.903   370   410 I ServiceManager: Waiting for service 'package_native' on '/dev/binder'...
01-15 20:38:58.905   372   372 I ServiceManager: Waiting for service 'package_native' on '/dev/binder'...
01-15 20:38:58.906   484   484 D CompatibilityChangeReporter: Compat change id reported: 135549675; UID 10138; state: ENABLED
01-15 20:38:58.907   484   484 D CompatibilityChangeReporter: Compat change id reported: 135549675; UID 10139; state: ENABLED
01-15 20:38:58.909   484   484 W PackageManager: Skipping provider name com.android.car.ui.CarUiInstaller (in package com.google.android.gsf): name already used by com.android.managedprovisioning
01-15 20:38:58.922   484   484 D CompatibilityChangeReporter: Compat change id reported: 135549675; UID 10140; state: DISABLED
01-15 20:38:58.925   484   484 D CompatibilityChangeReporter: Compat change id reported: 135549675; UID 10141; state: ENABLED
01-15 20:38:58.938   158   158 I servicemanager: Notifying apexservice they have clients: 1
01-15 20:38:58.941     0     0 I AidlLazyServiceRegistrar: Process has 1 (of 1 available) client(s) in use after notification android.apex.IApexService has clients: 1
01-15 20:38:58.945   484   534 W PackageParsing: Ignoring duplicate uses-permissions/uses-permissions-sdk-m: android.permission.CONFIGURE_WIFI_DISPLAY in package: com.android.systemui at: Binary XML file line #155
01-15 20:38:58.948   484   531 W PackageParsing: Ignoring duplicate uses-permissions/uses-permissions-sdk-m: android.permission.READ_PRIVILEGED_PHONE_STATE in package: com.android.settings at: Binary XML file line #48
01-15 20:38:58.953   484   484 D CompatibilityChangeReporter: Compat change id reported: 135549675; UID 10142; state: ENABLED
01-15 20:38:58.966   484   484 D CompatibilityChangeReporter: Compat change id reported: 135549675; UID 10143; state: ENABLED
01-15 20:38:58.973   484   484 D CompatibilityChangeReporter: Compat change id reported: 135549675; UID 10147; state: ENABLED
01-15 20:38:58.973   484   484 D PackageManager: No files in app dir /apex/com.android.cellbroadcast/app
01-15 20:38:58.973   484   484 D PackageManager: No files in app dir /apex/com.android.resolv/priv-app
01-15 20:38:58.973   484   484 D PackageManager: No files in app dir /apex/com.android.resolv/app
01-15 20:38:58.973   484   484 D PackageManager: No files in app dir /apex/com.android.runtime/priv-app
01-15 20:38:58.973   484   484 D PackageManager: No files in app dir /apex/com.android.runtime/app
01-15 20:38:58.973   484   484 D PackageManager: No files in app dir /apex/com.android.telephony/priv-app
01-15 20:38:58.973   484   484 D PackageManager: No files in app dir /apex/com.android.telephony/app
01-15 20:38:58.976   484   484 D CompatibilityChangeReporter: Compat change id reported: 135549675; UID 10149; state: ENABLED
01-15 20:38:58.976   484   484 D PackageManager: No files in app dir /apex/com.android.mediaprovider/app
01-15 20:38:58.977   267   267 I ServiceManager: Waiting for service 'statscompanion' on '/dev/binder'...
01-15 20:38:58.978   484   484 D CompatibilityChangeReporter: Compat change id reported: 135549675; UID 1073; state: DISABLED
01-15 20:38:58.978   484   484 D PackageManager: No files in app dir /apex/com.android.tethering/app
01-15 20:38:58.980   367   367 I ServiceManager: Waiting for service 'package_native' on '/dev/binder'...
01-15 20:38:58.980   484   484 D CompatibilityChangeReporter: Compat change id reported: 135549675; UID 10144; state: ENABLED
01-15 20:38:58.982   484   484 D CompatibilityChangeReporter: Compat change id reported: 135549675; UID 10145; state: ENABLED
01-15 20:38:58.982   484   484 D PackageManager: No files in app dir /apex/com.android.neuralnetworks/priv-app
01-15 20:38:58.982   484   484 D PackageManager: No files in app dir /apex/com.android.neuralnetworks/app
01-15 20:38:58.982   484   484 D PackageManager: No files in app dir /apex/com.android.tzdata/priv-app
01-15 20:38:58.982   484   484 D PackageManager: No files in app dir /apex/com.android.tzdata/app
01-15 20:38:58.985   484   484 D CompatibilityChangeReporter: Compat change id reported: 135549675; UID 10150; state: DISABLED
01-15 20:38:58.986   484   484 D CompatibilityChangeReporter: Compat change id reported: 135549675; UID 10151; state: DISABLED
01-15 20:38:58.986   484   484 D PackageManager: No files in app dir /apex/com.android.art/priv-app
01-15 20:38:58.986   484   484 D PackageManager: No files in app dir /apex/com.android.art/app
01-15 20:38:58.986   484   484 D PackageManager: No files in app dir /apex/com.android.adbd/priv-app
01-15 20:38:58.986   484   484 D PackageManager: No files in app dir /apex/com.android.adbd/app
01-15 20:38:58.986   484   484 D PackageManager: No files in app dir /apex/com.android.media/priv-app
01-15 20:38:58.986   484   484 D PackageManager: No files in app dir /apex/com.android.media/app
01-15 20:38:58.986   484   484 D PackageManager: No files in app dir /apex/com.android.i18n/priv-app
01-15 20:38:58.986   484   484 D PackageManager: No files in app dir /apex/com.android.i18n/app
01-15 20:38:58.988   484   484 D CompatibilityChangeReporter: Compat change id reported: 135549675; UID 10146; state: ENABLED
01-15 20:38:58.988   484   484 D PackageManager: No files in app dir /apex/com.android.extservices/app
01-15 20:38:58.988   484   484 D PackageManager: No files in app dir /apex/com.android.ipsec/priv-app
01-15 20:38:58.988   484   484 D PackageManager: No files in app dir /apex/com.android.ipsec/app
01-15 20:38:58.988   484   484 D PackageManager: No files in app dir /apex/com.android.sdkext/priv-app
01-15 20:38:58.988   484   484 D PackageManager: No files in app dir /apex/com.android.sdkext/app
01-15 20:38:58.988   484   484 D PackageManager: No files in app dir /apex/com.android.conscrypt/priv-app
01-15 20:38:58.988   484   484 D PackageManager: No files in app dir /apex/com.android.conscrypt/app
01-15 20:38:58.989   484   484 D PackageManager: No files in app dir /apex/com.android.os.statsd/priv-app
01-15 20:38:58.989   484   484 D PackageManager: No files in app dir /apex/com.android.os.statsd/app
01-15 20:38:58.989   484   484 D PackageManager: No files in app dir /apex/com.android.media.swcodec/priv-app
01-15 20:38:58.989   484   484 D PackageManager: No files in app dir /apex/com.android.media.swcodec/app
01-15 20:38:58.989   484   484 D PackageManager: No files in app dir /apex/com.android.vndk.v30/priv-app
01-15 20:38:58.989   484   484 D PackageManager: No files in app dir /apex/com.android.vndk.v30/app
01-15 20:38:58.994   484   484 D CompatibilityChangeReporter: Compat change id reported: 135549675; UID 10148; state: DISABLED
01-15 20:38:58.994   484   484 D PackageManager: No files in app dir /apex/com.android.permission/app
01-15 20:38:58.997   484   484 I PackageManager: Finished scanning system apps. Time: 1327 ms, packageCount: 186 , timePerPackage: 7 , cached: 0
01-15 20:38:59.003   370   410 I ServiceManager: Waiting for service 'package_native' on '/dev/binder'...
01-15 20:38:59.005   484   484 W android.permission.PermissionManager: Missing ActivityManager; assuming 1000 holds android.permission.READ_COMPAT_CHANGE_CONFIG
01-15 20:38:59.005   484   484 W android.permission.PermissionManager: Missing ActivityManager; assuming 1000 holds android.permission.LOG_COMPAT_CHANGE
01-15 20:38:59.005   484   484 D CompatibilityChangeReporter: Compat change id reported: 133396946; UID -1; state: DISABLED
01-15 20:38:59.005   372   372 I ServiceManager: Waiting for service 'package_native' on '/dev/binder'...
01-15 20:38:59.005   484   484 D CompatibilityChangeReporter: Compat change id reported: 135549675; UID 10154; state: DISABLED
01-15 20:38:59.008   484   484 W android.permission.PermissionManager: Missing ActivityManager; assuming 1000 holds android.permission.READ_COMPAT_CHANGE_CONFIG
01-15 20:38:59.008   484   484 W android.permission.PermissionManager: Missing ActivityManager; assuming 1000 holds android.permission.LOG_COMPAT_CHANGE
01-15 20:38:59.008   484   484 D CompatibilityChangeReporter: Compat change id reported: 135549675; UID 10153; state: DISABLED
01-15 20:38:59.010   484   484 W android.permission.PermissionManager: Missing ActivityManager; assuming 1000 holds android.permission.READ_COMPAT_CHANGE_CONFIG
01-15 20:38:59.010   484   484 W android.permission.PermissionManager: Missing ActivityManager; assuming 1000 holds android.permission.LOG_COMPAT_CHANGE
01-15 20:38:59.010   484   484 D CompatibilityChangeReporter: Compat change id reported: 133396946; UID -1; state: ENABLED
01-15 20:38:59.011   484   484 D CompatibilityChangeReporter: Compat change id reported: 135549675; UID 10155; state: ENABLED
01-15 20:38:59.023   484   534 W android.permission.PermissionManager: Missing ActivityManager; assuming 1000 holds android.permission.READ_COMPAT_CHANGE_CONFIG
01-15 20:38:59.023   484   534 W android.permission.PermissionManager: Missing ActivityManager; assuming 1000 holds android.permission.LOG_COMPAT_CHANGE
01-15 20:38:59.023   484   534 D CompatibilityChangeReporter: Compat change id reported: 132742131; UID -1; state: DISABLED
01-15 20:38:59.024   484   484 W android.permission.PermissionManager: Missing ActivityManager; assuming 1000 holds android.permission.READ_COMPAT_CHANGE_CONFIG
01-15 20:38:59.024   484   484 W android.permission.PermissionManager: Missing ActivityManager; assuming 1000 holds android.permission.LOG_COMPAT_CHANGE
01-15 20:38:59.025   484   484 D CompatibilityChangeReporter: Compat change id reported: 135549675; UID 10177; state: ENABLED
01-15 20:38:59.025   484   484 W android.permission.PermissionManager: Missing ActivityManager; assuming 1000 holds android.permission.READ_COMPAT_CHANGE_CONFIG
01-15 20:38:59.025   484   484 W android.permission.PermissionManager: Missing ActivityManager; assuming 1000 holds android.permission.LOG_COMPAT_CHANGE
01-15 20:38:59.025   484   484 D CompatibilityChangeReporter: Compat change id reported: 135549675; UID 10162; state: ENABLED
01-15 20:38:59.026   484   484 W android.permission.PermissionManager: Missing ActivityManager; assuming 1000 holds android.permission.READ_COMPAT_CHANGE_CONFIG
01-15 20:38:59.026   484   484 W android.permission.PermissionManager: Missing ActivityManager; assuming 1000 holds android.permission.LOG_COMPAT_CHANGE
01-15 20:38:59.027   484   484 D CompatibilityChangeReporter: Compat change id reported: 135549675; UID 10163; state: ENABLED
01-15 20:38:59.032   484   484 W android.permission.PermissionManager: Missing ActivityManager; assuming 1000 holds android.permission.READ_COMPAT_CHANGE_CONFIG
01-15 20:38:59.032   484   484 W android.permission.PermissionManager: Missing ActivityManager; assuming 1000 holds android.permission.LOG_COMPAT_CHANGE
01-15 20:38:59.038   484   484 D CompatibilityChangeReporter: Compat change id reported: 135549675; UID 10164; state: DISABLED
01-15 20:38:59.040   484   484 W android.permission.PermissionManager: Missing ActivityManager; assuming 1000 holds android.permission.READ_COMPAT_CHANGE_CONFIG
01-15 20:38:59.040   484   484 W android.permission.PermissionManager: Missing ActivityManager; assuming 1000 holds android.permission.LOG_COMPAT_CHANGE
01-15 20:38:59.040   484   484 D CompatibilityChangeReporter: Compat change id reported: 135549675; UID 10152; state: ENABLED
01-15 20:38:59.041   484   484 W android.permission.PermissionManager: Missing ActivityManager; assuming 1000 holds android.permission.READ_COMPAT_CHANGE_CONFIG
01-15 20:38:59.041   484   484 W android.permission.PermissionManager: Missing ActivityManager; assuming 1000 holds android.permission.LOG_COMPAT_CHANGE
01-15 20:38:59.042   484   484 D CompatibilityChangeReporter: Compat change id reported: 135549675; UID 10157; state: ENABLED
01-15 20:38:59.042   484   484 W android.permission.PermissionManager: Missing ActivityManager; assuming 1000 holds android.permission.READ_COMPAT_CHANGE_CONFIG
01-15 20:38:59.042   484   484 W android.permission.PermissionManager: Missing ActivityManager; assuming 1000 holds android.permission.LOG_COMPAT_CHANGE
01-15 20:38:59.042   484   484 D CompatibilityChangeReporter: Compat change id reported: 135549675; UID 10166; state: ENABLED
01-15 20:38:59.043   484   533 W PackageParsing: Unknown element under <manifest>: meta-data at /data/app/~~VrkZwJ8nxdfmWBycOazVNw==/com.huawei.hwireader-_ZctanL331GCktCOgYx-AQ==/base.apk Binary XML file line #198
01-15 20:38:59.047   484   533 W PackageParsing: No actions in intent-filter at /data/app/~~VrkZwJ8nxdfmWBycOazVNw==/com.huawei.hwireader-_ZctanL331GCktCOgYx-AQ==/base.apk Binary XML file line #2676
01-15 20:38:59.050   484   533 W PackageCacher: Error saving package cache.
01-15 20:38:59.050   484   533 W PackageCacher: java.lang.RuntimeException: Parcel: unable to marshal value {OpenSSLRSAPublicKey{modulus=de731954692693f2193955af2c22eb0b10504ea04df6cd3198b5723ef266c05891ddf118b5182dae2bf0b8ae2fd6992e87969bca900d91729576d045dd05ca9b468fb44c04d69c183dba31fae522de21e229a8faa994327b612176dbe66103aec509696b87c8471a3cb155c98898d6b95d9a66e87599962479dfdf873108f9cc101119d89745783b9af450c3ec46b0ab4eb83bed9820946cfc35331b624e03d4fe8f64ab30811645a13a3454ef5a3b3597095144ba8190db765974e1092f180eed49cee569f82f892e6be57954af590a10e009620f4c30c11e84042312d7e38bc7e15b9e9d19c8b3a2740db6725acab5ffc2e1204d85d19934a9baf683c3afb5fb379e85058218cf539c26b7c6bcd445cf15c8116559202a1708d4a1db8881d897a1fea725eec035967446f81830ad0fcbd71bac5753cda68440d72637805913ff8e73c444711c45813849584b3b9ec9c9bbd68b9b53a7365474dc2175007366293ac8bfcf90d34d8bfb3b72f79801ac337210d5d7366e422ae10565004d648b64827b2143c28dd1ee2b962af7eb73504a88c0e85f35a7baace06c3e938604e61243615dfced9244d010596705f3f46fee83f578bc02622f5644810fa0af5d1343b1b383346c534bdd61ad33cedd5647cad7e5c78d502e460b5e9b6d4ef8e76e0b1838c204e8dc8bfcaa888fc88a829881f764ff272e715ae9bce56a7b31617b,publicExponent=10001}}
01-15 20:38:59.050   484   533 W PackageCacher: 	at android.os.Parcel.writeValue(Parcel.java:1885)
01-15 20:38:59.050   484   533 W PackageCacher: 	at android.os.Parcel.writeMapInternal(Parcel.java:943)
01-15 20:38:59.050   484   533 W PackageCacher: 	at android.os.Parcel.writeMap(Parcel.java:925)
01-15 20:38:59.050   484   533 W PackageCacher: 	at android.content.pm.parsing.ParsingPackageImpl.writeToParcel(ParsingPackageImpl.java:1008)
01-15 20:38:59.050   484   533 W PackageCacher: 	at com.android.server.pm.parsing.pkg.PackageImpl.writeToParcel(PackageImpl.java:480)
01-15 20:38:59.050   484   533 W PackageCacher: 	at com.android.server.pm.parsing.PackageCacher.toCacheEntryStatic(PackageCacher.java:104)
01-15 20:38:59.050   484   533 W PackageCacher: 	at com.android.server.pm.parsing.PackageCacher.toCacheEntry(PackageCacher.java:94)
01-15 20:38:59.050   484   533 W PackageCacher: 	at com.android.server.pm.parsing.PackageCacher.cacheResult(PackageCacher.java:185)
01-15 20:38:59.050   484   533 W PackageCacher: 	at com.android.server.pm.parsing.PackageParser2.parsePackage(PackageParser2.java:162)
01-15 20:38:59.050   484   533 W PackageCacher: 	at com.android.server.pm.ParallelPackageParser.parsePackage(ParallelPackageParser.java:129)
01-15 20:38:59.050   484   533 W PackageCacher: 	at com.android.server.pm.ParallelPackageParser.lambda$submit$0$ParallelPackageParser(ParallelPackageParser.java:108)
01-15 20:38:59.050   484   533 W PackageCacher: 	at com.android.server.pm.-$$Lambda$ParallelPackageParser$FTtinPrp068lVeI7K6bC1tNE3iM.run(Unknown Source:6)
01-15 20:38:59.050   484   533 W PackageCacher: 	at java.util.concurrent.Executors$RunnableAdapter.call(Executors.java:462)
01-15 20:38:59.050   484   533 W PackageCacher: 	at java.util.concurrent.FutureTask.run(FutureTask.java:266)
01-15 20:38:59.050   484   533 W PackageCacher: 	at java.util.concurrent.ThreadPoolExecutor.runWorker(ThreadPoolExecutor.java:1167)
01-15 20:38:59.050   484   533 W PackageCacher: 	at java.util.concurrent.ThreadPoolExecutor$Worker.run(ThreadPoolExecutor.java:641)
01-15 20:38:59.050   484   533 W PackageCacher: 	at com.android.internal.util.ConcurrentUtils$1$1.run(ConcurrentUtils.java:65)
01-15 20:38:59.053   484   484 W android.permission.PermissionManager: Missing ActivityManager; assuming 1000 holds android.permission.READ_COMPAT_CHANGE_CONFIG
01-15 20:38:59.053   484   484 W android.permission.PermissionManager: Missing ActivityManager; assuming 1000 holds android.permission.LOG_COMPAT_CHANGE
01-15 20:38:59.055   484   484 W PackageManager: Skipping provider name com.huawei.hwireader.fileprovider (in package com.huawei.hwireader): name already used by com.huawei.hwireader
01-15 20:38:59.055   484   484 D CompatibilityChangeReporter: Compat change id reported: 135549675; UID 10165; state: DISABLED
01-15 20:38:59.056   484   532 W PackageParsing: Unknown element under <manifest>: meta-data at /data/app/~~9eLHFoOWsA9D_gvhdFWDHw==/com.tencent.mtt-kIWWKMpMbK8nGzPcPJZMyg==/base.apk Binary XML file line #158
01-15 20:38:59.078   267   267 I ServiceManager: Waiting for service 'statscompanion' on '/dev/binder'...
01-15 20:38:59.080   367   367 I ServiceManager: Waiting for service 'package_native' on '/dev/binder'...
01-15 20:38:59.103   370   410 I ServiceManager: Waiting for service 'package_native' on '/dev/binder'...
01-15 20:38:59.105   372   372 I ServiceManager: Waiting for service 'package_native' on '/dev/binder'...
01-15 20:38:59.118   484   532 I PackageParser2: Parse times for '/data/app/~~9eLHFoOWsA9D_gvhdFWDHw==': parse=109ms, update_cache=5 ms
01-15 20:38:59.119   484   484 W android.permission.PermissionManager: Missing ActivityManager; assuming 1000 holds android.permission.READ_COMPAT_CHANGE_CONFIG
01-15 20:38:59.119   484   484 W android.permission.PermissionManager: Missing ActivityManager; assuming 1000 holds android.permission.LOG_COMPAT_CHANGE
01-15 20:38:59.121   484   484 W PackageManager: Skipping provider name com.tencent.mtt.fileProvider (in package com.tencent.mtt): name already used by com.tencent.mtt
01-15 20:38:59.121   484   484 W PackageManager: Skipping provider name com.tencent.mtt.fileprovider (in package com.tencent.mtt): name already used by com.tencent.mtt
01-15 20:38:59.121   484   484 D CompatibilityChangeReporter: Compat change id reported: 135549675; UID 10159; state: ENABLED
01-15 20:38:59.122   484   484 I PackageManager: Finished scanning non-system apps. Time: 125 ms, packageCount: 12 , timePerPackage: 10 , cached: 0
01-15 20:38:59.124     0     0 I         : package-parsing (531) used greatest stack depth: 10592 bytes left
01-15 20:38:59.125   484   484 E PackageManager: Shared lib without setting: SharedLibraryInfo{name:com.google.android.trichromelibrary, type:static, version:410410683}
01-15 20:38:59.126   484   484 E PackageManager: Shared lib without setting: SharedLibraryInfo{name:com.google.android.trichromelibrary, type:static, version:410410683}
01-15 20:38:59.127   484   484 I PackageManager: Time to scan packages: 1.457 seconds
01-15 20:38:59.127   484   484 I PackageManager: Permission ownership changed. Updating all permissions.
01-15 20:38:59.132   484   484 V PackageManager: reconcileAppsData for null u0 0x1 migrateAppData=true
01-15 20:38:59.134   365   427 I SELinux : SELinux: Loaded file_contexts
01-15 20:38:59.146   484   484 V PackageManager: reconcileAppsData finished 22 packages
01-15 20:38:59.147   484   484 I PackageManagerTiming: write settings
01-15 20:38:59.147   484   536 I SystemServerTimingAsync: InitThreadPoolExec:prepareAppData
01-15 20:38:59.147   484   536 D SystemServerInitThreadPool: Started executing prepareAppData
01-15 20:38:59.163   484   484 I SELinux : SELinux: Loaded file_contexts
01-15 20:38:59.176   484   484 D PackageManagerTiming: write settings took to complete: 29ms
01-15 20:38:59.176   484   484 E PackageManager: There should probably be a verifier, but, none were found
01-15 20:38:59.178   484   484 V PackageManager: Ephemeral resolver found; pkg: com.google.android.gms, info:ResolveInfo{22260 com.google.android.gms/.chimera.PersistentBoundBrokerService m=0x108000}
01-15 20:38:59.178   484   484 D PackageManager: Set ephemeral resolver: Pair{ComponentInfo{com.google.android.gms/com.google.android.gms.chimera.PersistentBoundBrokerService} android.intent.action.RESOLVE_INSTANT_APP_PACKAGE}
01-15 20:38:59.178   267   267 I ServiceManager: Waiting for service 'statscompanion' on '/dev/binder'...
01-15 20:38:59.178   484   484 D PackageManager: Instant App installer not found with android.intent.action.INSTALL_INSTANT_APP_PACKAGE
01-15 20:38:59.178   484   484 D PackageManager: Clear ephemeral installer activity
01-15 20:38:59.180   367   367 I ServiceManager: Waiting for service 'package_native' on '/dev/binder'...
01-15 20:38:59.189   484   484 I PackageManagerTiming: GC
01-15 20:38:59.204   370   410 I ServiceManager: Waiting for service 'package_native' on '/dev/binder'...
01-15 20:38:59.205   372   372 I ServiceManager: Waiting for service 'package_native' on '/dev/binder'...
01-15 20:38:59.231   484   536 D SystemServerTimingAsync: AppDataFixup took to complete: 84ms
01-15 20:38:59.248   484   484 I system_server: Explicit concurrent copying GC freed 338615(18MB) AllocSpace objects, 136(5456KB) LOS objects, 49% free, 10MB/20MB, paused 19us total 59.446ms
01-15 20:38:59.248   484   484 D PackageManagerTiming: GC took to complete: 59ms
01-15 20:38:59.248   484   484 D PackageManagerTiming: create package manager took to complete: 1646ms
01-15 20:38:59.248   484   484 V UserManagerService: Checking that all system packages are whitelisted.
01-15 20:38:59.252   484   484 W UserManagerService: checkWhitelistedSystemPackages(mode=ENFORCE|IMPLICIT_WHITELIST|IMPLICIT_WHITELIST_SYSTEM) has 2 warnings:
01-15 20:38:59.252   484   484 W UserManagerService: com.android.wallpapercropper is whitelisted but not present.
01-15 20:38:59.252   484   484 W UserManagerService: com.android.wallpaperpicker is whitelisted but not present.
01-15 20:38:59.254   484   484 I Watchdog: Resuming HandlerChecker: main thread for reason: packagemanagermain. Pause count: 0
01-15 20:38:59.254   484   484 I SystemServerDexLoadReporter: Configuring system server dex reporter
01-15 20:38:59.255   484   484 D SystemServerTiming: StartPackageManagerService took to complete: 1655ms
01-15 20:38:59.255   484   484 I SystemServerTiming: StartOtaDexOptService
01-15 20:38:59.255   484   484 I Watchdog: Pausing HandlerChecker: main thread for reason: moveab. Pause count: 1
01-15 20:38:59.255   484   484 D OTADexopt: No upgrade, skipping A/B artifacts check.
01-15 20:38:59.255   484   484 I Watchdog: Resuming HandlerChecker: main thread for reason: moveab. Pause count: 0
01-15 20:38:59.255   484   484 D SystemServerTiming: StartOtaDexOptService took to complete: 0ms
01-15 20:38:59.255   484   484 I SystemServerTiming: StartUserManagerService
01-15 20:38:59.255   484   484 I SystemServiceManager: Starting com.android.server.pm.UserManagerService$LifeCycle
01-15 20:38:59.255   484   484 D SystemServerTiming: StartUserManagerService took to complete: 0ms
01-15 20:38:59.255   484   484 I SystemServerTiming: InitAttributerCache
01-15 20:38:59.255   484   484 D SystemServerTiming: InitAttributerCache took to complete: 0ms
01-15 20:38:59.255   484   484 I SystemServerTiming: SetSystemProcess
01-15 20:38:59.258   484   516 I ActivityManager: Connection with lmkd established
01-15 20:38:59.258   157   157 I lowmemorykiller: lmkd data connection established
01-15 20:38:59.259   484   484 D SystemServerTiming: SetSystemProcess took to complete: 4ms
01-15 20:38:59.259   484   484 I SystemServerTiming: InitWatchdog
01-15 20:38:59.259   484   484 D SystemServerTiming: InitWatchdog took to complete: 0ms
01-15 20:38:59.266   484   503 E HistoricalRegistry: Interaction before persistence initialized
01-15 20:38:59.267   361   361 I cameraserver: Waiting for sensor privacy service
01-15 20:38:59.267   484   484 I SystemServerTiming: StartOverlayManagerService
01-15 20:38:59.273   484   503 E HistoricalRegistry: Interaction before persistence initialized
01-15 20:38:59.273   359   359 I audioserver: Waiting for sensor privacy service
01-15 20:38:59.275   365   539 W cutils  : Expected path /data/user_de/0/com.google.android.gms with mode 700 but found 711
01-15 20:38:59.275     0     0 I init    : Control message: Processed ctl.start for 'idmap2d' from pid: 484 (system_server)
01-15 20:38:59.277   363   421 E idmap2d : failed to parse idmap header
01-15 20:38:59.278   267   267 I ServiceManager: Waiting for service 'statscompanion' on '/dev/binder'...
01-15 20:38:59.280   363   421 E idmap2d : no resources were overlaid
01-15 20:38:59.304   370   410 W AudioAnalytics: (key=audio.flinger) Audioflinger constructor event detected
01-15 20:38:59.306   484   484 D SystemServerTiming: StartOverlayManagerService took to complete: 38ms
01-15 20:38:59.306   484   484 I SystemServerTiming: StartSensorPrivacyService
01-15 20:38:59.307   484   484 D SystemServerTiming: StartSensorPrivacyService took to complete: 1ms
01-15 20:38:59.307   484   484 D SystemServerTiming: startBootstrapServices took to complete: 1885ms
01-15 20:38:59.307   484   484 I SystemServerTiming: startCoreServices
01-15 20:38:59.307   484   484 I SystemServerTiming: StartSystemConfigService
01-15 20:38:59.307   484   484 I SystemServiceManager: Starting com.android.server.SystemConfigService
01-15 20:38:59.307   484   512 I SystemServerTimingAsync: InitThreadPoolExec:StartSensorService
01-15 20:38:59.307   484   512 D SystemServerInitThreadPool: Started executing StartSensorService
01-15 20:38:59.307   484   512 I SystemServerTimingAsync: StartSensorService
01-15 20:38:59.307   484   512 D SensorService: nuSensorService starting...
01-15 20:38:59.307   484   484 D SystemServerTiming: StartSystemConfigService took to complete: 0ms
01-15 20:38:59.307   484   484 I SystemServerTiming: StartBatteryService
01-15 20:38:59.307   484   484 I SystemServiceManager: Starting com.android.server.BatteryService
01-15 20:38:59.308   372   544 I storaged: storaged: Start
01-15 20:38:59.310   484   484 I android_os_HwBinder: HwBinder: Starting thread pool for getting: android.hardware.health@2.0::IHealth/default
01-15 20:38:59.310   484   512 W SensorService: Goldfish 3-axis Accelerometer's max range 39.299999 is not a multiple of the resolution 0.000248
01-15 20:38:59.310   484   512 W SensorService: Goldfish 3-axis Gyroscope's max range 16.459999 is not a multiple of the resolution 0.001000
01-15 20:38:59.310   484   512 I SensorService: Reported power 0.000000 not deemed sane, clamping to 0.001000
01-15 20:38:59.310   484   512 W SensorService: Goldfish 3-axis Gyroscope (uncalibrated)'s max range 16.459999 is not a multiple of the resolution 0.001000
01-15 20:38:59.311   484   549 D SensorService: nuSensorService thread starting...
01-15 20:38:59.311   484   512 E HistoricalRegistry: Interaction before persistence initialized
01-15 20:38:59.313     0     0 W healthd : battery l=100 v=5000 t=25.0 h=2 st=4 c=900000 fc=300000 cc=10 chg=
01-15 20:38:59.311   484   512 D SystemServerTimingAsync: StartSensorService took to complete: 4ms
